Archive member included because of file (symbol)

/home/markholland/devkitPro/libnds/lib/libnds9.a(keys.o)
                              main.o (scanKeys)
/home/markholland/devkitPro/libnds/lib/libnds9.a(sound.o)
                              main.o (soundEnable)
/home/markholland/devkitPro/libnds/lib/libnds9.a(initSystem.o)
                              /home/markholland/devkitPro/devkitARM/bin/../lib/gcc/arm-none-eabi/4.9.2/../../../../arm-none-eabi/lib/thumb/ds_arm9_crt0.o (initSystem)
/home/markholland/devkitPro/libnds/lib/libnds9.a(fifosystem.o)
                              /home/markholland/devkitPro/libnds/lib/libnds9.a(initSystem.o) (fifoSetValue32Handler)
/home/markholland/devkitPro/libnds/lib/libnds9.a(interrupts.o)
                              /home/markholland/devkitPro/libnds/lib/libnds9.a(fifosystem.o) (irqSet)
/home/markholland/devkitPro/libnds/lib/libnds9.a(libnds_exit.arm.o)
                              /home/markholland/devkitPro/devkitARM/bin/../lib/gcc/arm-none-eabi/4.9.2/../../../../arm-none-eabi/lib/thumb/ds_arm9_crt0.o (__libnds_exit)
/home/markholland/devkitPro/libnds/lib/libnds9.a(timers.o)
                              main.o (timerStart)
/home/markholland/devkitPro/libnds/lib/libnds9.a(mpu_setup.o)
                              /home/markholland/devkitPro/devkitARM/bin/../lib/gcc/arm-none-eabi/4.9.2/../../../../arm-none-eabi/lib/thumb/ds_arm9_crt0.o (__libnds_mpu_setup)
/home/markholland/devkitPro/libnds/lib/libnds9.a(biosCalls.o)
                              /home/markholland/devkitPro/libnds/lib/libnds9.a(fifosystem.o) (swiIntrWait)
/home/markholland/devkitPro/libnds/lib/libnds9.a(interruptDispatcher.o)
                              /home/markholland/devkitPro/libnds/lib/libnds9.a(interrupts.o) (IntrMain)
/home/markholland/devkitPro/libnds/lib/libnds9.a(swiSoftReset.o)
                              /home/markholland/devkitPro/libnds/lib/libnds9.a(fifosystem.o) (swiSoftReset)
/home/markholland/devkitPro/libnds/lib/libnds9.a(system.o)
                              /home/markholland/devkitPro/libnds/lib/libnds9.a(initSystem.o) (systemValueHandler)
/home/markholland/devkitPro/libnds/lib/libnds9.a(video.o)
                              /home/markholland/devkitPro/libnds/lib/libnds9.a(initSystem.o) (vramDefault)
/home/markholland/devkitPro/devkitARM/bin/../lib/gcc/arm-none-eabi/4.9.2/../../../../arm-none-eabi/lib/thumb/libg.a(lib_a-init.o)
                              /home/markholland/devkitPro/devkitARM/bin/../lib/gcc/arm-none-eabi/4.9.2/../../../../arm-none-eabi/lib/thumb/ds_arm9_crt0.o (__libc_init_array)
/home/markholland/devkitPro/devkitARM/bin/../lib/gcc/arm-none-eabi/4.9.2/../../../../arm-none-eabi/lib/thumb/libg.a(lib_a-memcpy-stub.o)
                              /home/markholland/devkitPro/libnds/lib/libnds9.a(fifosystem.o) (memcpy)
/home/markholland/devkitPro/devkitARM/bin/../lib/gcc/arm-none-eabi/4.9.2/../../../../arm-none-eabi/lib/thumb/libsysbase.a(times.o)
                              /home/markholland/devkitPro/libnds/lib/libnds9.a(initSystem.o) (punixTime)
/home/markholland/devkitPro/devkitARM/bin/../lib/gcc/arm-none-eabi/4.9.2/../../../../arm-none-eabi/lib/thumb/libsysbase.a(malloc_vars.o)
                              /home/markholland/devkitPro/devkitARM/bin/../lib/gcc/arm-none-eabi/4.9.2/../../../../arm-none-eabi/lib/thumb/ds_arm9_crt0.o (fake_heap_start)
/home/markholland/devkitPro/devkitARM/bin/../lib/gcc/arm-none-eabi/4.9.2/../../../../arm-none-eabi/lib/thumb/libsysbase.a(build_argv.o)
                              /home/markholland/devkitPro/devkitARM/bin/../lib/gcc/arm-none-eabi/4.9.2/../../../../arm-none-eabi/lib/thumb/ds_arm9_crt0.o (build_argv)
/home/markholland/devkitPro/devkitARM/bin/../lib/gcc/arm-none-eabi/4.9.2/../../../../arm-none-eabi/lib/thumb/libsysbase.a(syscall_support.o)
                              /home/markholland/devkitPro/libnds/lib/libnds9.a(initSystem.o) (__syscalls)
/home/markholland/devkitPro/devkitARM/bin/../lib/gcc/arm-none-eabi/4.9.2/../../../../arm-none-eabi/lib/thumb/libg.a(lib_a-errno.o)
                              /home/markholland/devkitPro/devkitARM/bin/../lib/gcc/arm-none-eabi/4.9.2/../../../../arm-none-eabi/lib/thumb/libsysbase.a(times.o) (__errno)
/home/markholland/devkitPro/devkitARM/bin/../lib/gcc/arm-none-eabi/4.9.2/../../../../arm-none-eabi/lib/thumb/libg.a(lib_a-impure.o)
                              /home/markholland/devkitPro/devkitARM/bin/../lib/gcc/arm-none-eabi/4.9.2/../../../../arm-none-eabi/lib/thumb/libg.a(lib_a-errno.o) (_impure_ptr)

Allocating common symbols
Common symbol       size              file

fifo_datamsg_data   0x40              /home/markholland/devkitPro/libnds/lib/libnds9.a(fifosystem.o)
__dsimode           0x1               /home/markholland/devkitPro/libnds/lib/libnds9.a(initSystem.o)
fifo_buffer         0x800             /home/markholland/devkitPro/libnds/lib/libnds9.a(fifosystem.o)
fifo_value32_func   0x40              /home/markholland/devkitPro/libnds/lib/libnds9.a(fifosystem.o)
fifo_address_func   0x40              /home/markholland/devkitPro/libnds/lib/libnds9.a(fifosystem.o)
fifo_value32_data   0x40              /home/markholland/devkitPro/libnds/lib/libnds9.a(fifosystem.o)
fifo_value32_queue  0x40              /home/markholland/devkitPro/libnds/lib/libnds9.a(fifosystem.o)
fifo_data_queue     0x40              /home/markholland/devkitPro/libnds/lib/libnds9.a(fifosystem.o)
punixTime           0x4               /home/markholland/devkitPro/devkitARM/bin/../lib/gcc/arm-none-eabi/4.9.2/../../../../arm-none-eabi/lib/thumb/libsysbase.a(times.o)
fifo_address_data   0x40              /home/markholland/devkitPro/libnds/lib/libnds9.a(fifosystem.o)
fifo_datamsg_func   0x40              /home/markholland/devkitPro/libnds/lib/libnds9.a(fifosystem.o)
fifo_address_queue  0x40              /home/markholland/devkitPro/libnds/lib/libnds9.a(fifosystem.o)

Memory Configuration

Name             Origin             Length             Attributes
rom              0x08000000         0x02000000
ewram            0x02000000         0x003ff000
dtcm             0x0b000000         0x00004000
vectors          0x01000000         0x00000100
itcm             0x01000100         0x00007f00
*default*        0x00000000         0xffffffff

Linker script and memory map

                0x01000000                __vectors_start = ORIGIN (vectors)
                0x01000100                __itcm_start = ORIGIN (itcm)
                0x023ff000                __ewram_end = (ORIGIN (ewram) + 0x3ff000)
                0x023ff000                __eheap_end = (ORIGIN (ewram) + 0x3ff000)
                0x0b000000                __dtcm_start = ORIGIN (dtcm)
                0x0b004000                __dtcm_top = (ORIGIN (dtcm) + 0x4000)
                0x0b003ff8                __irq_flags = (__dtcm_top - 0x8)
                0x0b003ffc                __irq_vector = (__dtcm_top - 0x4)
                0x0b003f00                __sp_svc = (__dtcm_top - 0x100)
                0x0b003e00                __sp_irq = (__sp_svc - 0x100)
                0x0b003d00                __sp_usr = (__sp_irq - 0x100)

.init           0x02000000      0x23c
                0x02000000                __text_start = .
 *(.init)
 .init          0x02000000      0x230 /home/markholland/devkitPro/devkitARM/bin/../lib/gcc/arm-none-eabi/4.9.2/../../../../arm-none-eabi/lib/thumb/ds_arm9_crt0.o
                0x02000000                _start
 .init          0x02000230        0x4 /home/markholland/devkitPro/devkitARM/bin/../lib/gcc/arm-none-eabi/4.9.2/thumb/crti.o
                0x02000230                _init
 .init          0x02000234        0x8 /home/markholland/devkitPro/devkitARM/bin/../lib/gcc/arm-none-eabi/4.9.2/thumb/crtn.o
                0x0200023c                . = ALIGN (0x4)

.plt
 *(.plt)

.text           0x02000240     0x1e30
 *(EXCLUDE_FILE(*.itcm*) .text)
 .text          0x02000240        0x0 /home/markholland/devkitPro/devkitARM/bin/../lib/gcc/arm-none-eabi/4.9.2/../../../../arm-none-eabi/lib/thumb/ds_arm9_crt0.o
 .text          0x02000240        0x0 /home/markholland/devkitPro/devkitARM/bin/../lib/gcc/arm-none-eabi/4.9.2/thumb/crti.o
 .text          0x02000240       0xd4 /home/markholland/devkitPro/devkitARM/bin/../lib/gcc/arm-none-eabi/4.9.2/thumb/crtbegin.o
 .text          0x02000314       0x4c main.o
                0x02000314                timerCallBack
                0x02000344                waitfor
 .text          0x02000360       0xf4 /home/markholland/devkitPro/libnds/lib/libnds9.a(keys.o)
                0x02000360                scanKeys
                0x020003cc                keysHeld
                0x020003d8                keysDown
                0x020003e8                keysDownRepeat
                0x020003f8                keysSetRepeat
                0x02000410                keysUp
                0x02000420                keysCurrent
 .text          0x02000454      0x208 /home/markholland/devkitPro/libnds/lib/libnds9.a(sound.o)
                0x02000454                micBufferHandler
                0x02000488                soundEnable
                0x02000498                soundDisable
                0x020004a8                soundPlayPSG
                0x020004dc                soundPlayNoise
                0x02000510                soundPlaySample
                0x02000578                soundPause
                0x0200058c                soundKill
                0x020005a0                soundResume
                0x020005b4                soundSetVolume
                0x020005c8                soundSetPan
                0x020005d8                soundSetFreq
                0x020005ec                soundSetWaveDuty
                0x02000600                soundMicRecord
                0x0200064c                soundMicOff
 .text          0x0200065c      0x19c /home/markholland/devkitPro/libnds/lib/libnds9.a(initSystem.o)
                0x0200065c                initSystem
 .text          0x020007f8      0xcb8 /home/markholland/devkitPro/libnds/lib/libnds9.a(fifosystem.o)
                0x02000abc                fifoSetValue32Handler
                0x02000b30                fifoSendAddress
                0x02000b5c                fifoSendValue32
                0x02000b98                fifoSendDatamsg
                0x02000c0c                fifoGetAddress
                0x02000c78                fifoSetAddressHandler
                0x02000cec                fifoGetValue32
                0x02000d00                fifoGetDatamsg
                0x020011b4                fifoSetDatamsgHandler
                0x02001248                fifoCheckAddress
                0x0200126c                fifoCheckDatamsg
                0x02001290                fifoCheckDatamsgLength
                0x020012c0                fifoCheckValue32
                0x020012e4                fifoInit
 .text          0x020014b0      0x244 /home/markholland/devkitPro/libnds/lib/libnds9.a(interrupts.o)
                0x020014b0                irqDummy
                0x020014b4                irqSet
                0x02001520                irqInit
                0x0200156c                irqInitHandler
                0x0200159c                irqEnable
                0x02001600                irqDisable
                0x02001664                irqClear
 .text          0x020016f4       0x5c /home/markholland/devkitPro/libnds/lib/libnds9.a(libnds_exit.arm.o)
                0x020016f4                systemErrorExit
                0x020016f8                __libnds_exit
 .text          0x02001750      0x1b4 /home/markholland/devkitPro/libnds/lib/libnds9.a(timers.o)
                0x02001750                timerStart
                0x02001798                timerElapsed
                0x020017c8                timerPause
                0x02001808                timerStop
                0x02001844                cpuStartTiming
                0x02001880                cpuGetTiming
                0x020018bc                cpuEndTiming
 .text          0x02001904      0x1b4 /home/markholland/devkitPro/libnds/lib/libnds9.a(mpu_setup.o)
                0x02001904                __libnds_mpu_setup
                0x02001a44                memCached
                0x02001a5c                memUncached
 *fill*         0x02001ab8        0x8 ff
 .text          0x02001ac0       0x70 /home/markholland/devkitPro/libnds/lib/libnds9.a(biosCalls.o)
                0x02001ac0                swiDelay
                0x02001ac4                swiIntrWait
                0x02001ac8                swiWaitForVBlank
                0x02001acc                swiSleep
                0x02001ad0                swiChangeSoundBias
                0x02001ad4                swiDivide
                0x02001ad8                swiRemainder
                0x02001ade                swiDivMod
                0x02001aea                swiCopy
                0x02001aee                swiFastCopy
                0x02001af2                swiSqrt
                0x02001af6                swiCRC16
                0x02001afa                swiIsDebugger
                0x02001afe                swiUnpackBits
                0x02001b02                swiDecompressLZSSWram
                0x02001b06                swiDecompressLZSSVramNTR
                0x02001b0a                swiDecompressLZSSVramTWL
                0x02001b0e                swiDecompressHuffman
                0x02001b12                swiDecompressRLEWram
                0x02001b16                swiDecompressRLEVram
                0x02001b1a                swiWaitForIRQ
                0x02001b1e                swiDecodeDelta8
                0x02001b22                swiDecodeDelta16
                0x02001b26                swiSetHaltCR
 .text          0x02001b30        0x0 /home/markholland/devkitPro/libnds/lib/libnds9.a(interruptDispatcher.o)
 .text          0x02001b30       0x30 /home/markholland/devkitPro/libnds/lib/libnds9.a(swiSoftReset.o)
                0x02001b30                swiSoftReset
 .text          0x02001b60      0x140 /home/markholland/devkitPro/libnds/lib/libnds9.a(system.o)
                0x02001b60                setSDcallback
                0x02001b6c                systemValueHandler
                0x02001bb4                systemMsgHandler
                0x02001c04                systemSleep
                0x02001c1c                powerOn
                0x02001c48                powerOff
                0x02001c70                ledBlink
                0x02001c80                getBatteryLevel
 .text          0x02001ca0      0x1f8 /home/markholland/devkitPro/libnds/lib/libnds9.a(video.o)
                0x02001ca0                vramSetPrimaryBanks
                0x02001ce4                vramSetMainBanks
                0x02001d28                vramSetBanks_EFG
                0x02001d60                vramRestorePrimaryBanks
                0x02001d6c                vramRestoreMainBanks
                0x02001d78                vramRestoreBanks_EFG
                0x02001d84                setBrightness
                0x02001dc4                vramDefault
 .text          0x02001e98       0x58 /home/markholland/devkitPro/devkitARM/bin/../lib/gcc/arm-none-eabi/4.9.2/../../../../arm-none-eabi/lib/thumb/libg.a(lib_a-init.o)
                0x02001e98                __libc_init_array
 .text          0x02001ef0       0x84 /home/markholland/devkitPro/devkitARM/bin/../lib/gcc/arm-none-eabi/4.9.2/../../../../arm-none-eabi/lib/thumb/libg.a(lib_a-memcpy-stub.o)
                0x02001ef0                memcpy
 .text          0x02001f74       0x40 /home/markholland/devkitPro/devkitARM/bin/../lib/gcc/arm-none-eabi/4.9.2/../../../../arm-none-eabi/lib/thumb/libsysbase.a(times.o)
                0x02001f74                _times
                0x02001f88                _times_r
                0x02001f90                _gettimeofday_r
 .text          0x02001fb4        0x0 /home/markholland/devkitPro/devkitARM/bin/../lib/gcc/arm-none-eabi/4.9.2/../../../../arm-none-eabi/lib/thumb/libsysbase.a(malloc_vars.o)
 .text          0x02001fb4       0x50 /home/markholland/devkitPro/devkitARM/bin/../lib/gcc/arm-none-eabi/4.9.2/../../../../arm-none-eabi/lib/thumb/libsysbase.a(build_argv.o)
                0x02001fb4                build_argv
 .text          0x02002004        0x0 /home/markholland/devkitPro/devkitARM/bin/../lib/gcc/arm-none-eabi/4.9.2/../../../../arm-none-eabi/lib/thumb/libsysbase.a(syscall_support.o)
 .text          0x02002004        0xc /home/markholland/devkitPro/devkitARM/bin/../lib/gcc/arm-none-eabi/4.9.2/../../../../arm-none-eabi/lib/thumb/libg.a(lib_a-errno.o)
                0x02002004                __errno
 .text          0x02002010        0x0 /home/markholland/devkitPro/devkitARM/bin/../lib/gcc/arm-none-eabi/4.9.2/../../../../arm-none-eabi/lib/thumb/libg.a(lib_a-impure.o)
 .text          0x02002010        0x0 /home/markholland/devkitPro/devkitARM/bin/../lib/gcc/arm-none-eabi/4.9.2/thumb/crtend.o
 .text          0x02002010        0x0 /home/markholland/devkitPro/devkitARM/bin/../lib/gcc/arm-none-eabi/4.9.2/thumb/crtn.o
 *(.text.*)
 .text.startup  0x02002010       0x3c main.o
                0x02002010                main
 *fill*         0x0200204c        0x4 ff
 .text.startup.__stub
                0x02002050       0x1c linker stubs
 *(.stub)
 *(.gnu.warning)
 *(.gnu.linkonce.t*)
 *(.glue_7)
 .glue_7        0x00000000        0x0 linker stubs
 *(.glue_7t)
 .glue_7t       0x00000000        0x0 linker stubs
                0x0200206c                . = ALIGN (0x4)

.vfp11_veneer   0x02002070        0x0
 .vfp11_veneer  0x00000000        0x0 linker stubs

.v4_bx          0x02002070        0x0
 .v4_bx         0x00000000        0x0 linker stubs

.iplt           0x02002070        0x0
 .iplt          0x00000000        0x0 /home/markholland/devkitPro/devkitARM/bin/../lib/gcc/arm-none-eabi/4.9.2/../../../../arm-none-eabi/lib/thumb/ds_arm9_crt0.o

.fini           0x02002070        0xc
 *(.fini)
 .fini          0x02002070        0x4 /home/markholland/devkitPro/devkitARM/bin/../lib/gcc/arm-none-eabi/4.9.2/thumb/crti.o
                0x02002070                _fini
 .fini          0x02002074        0x8 /home/markholland/devkitPro/devkitARM/bin/../lib/gcc/arm-none-eabi/4.9.2/thumb/crtn.o
                0x0200207c                __text_end = .

.rodata         0x0200207c        0x8
 *(.rodata)
 .rodata        0x0200207c        0x4 /home/markholland/devkitPro/devkitARM/bin/../lib/gcc/arm-none-eabi/4.9.2/../../../../arm-none-eabi/lib/thumb/libg.a(lib_a-impure.o)
                0x0200207c                _global_impure_ptr
 *all.rodata*(*)
 *(.roda)
 *(.rodata.*)
 .rodata.str1.4
                0x02002080        0x4 /home/markholland/devkitPro/devkitARM/bin/../lib/gcc/arm-none-eabi/4.9.2/../../../../arm-none-eabi/lib/thumb/libg.a(lib_a-impure.o)
 *(.gnu.linkonce.r*)
                0x02002084                . = ALIGN (0x4)

.rel.dyn        0x02002084        0x0
 .rel.iplt      0x00000000        0x0 /home/markholland/devkitPro/devkitARM/bin/../lib/gcc/arm-none-eabi/4.9.2/../../../../arm-none-eabi/lib/thumb/ds_arm9_crt0.o

.ARM.extab
 *(.ARM.extab* .gnu.linkonce.armextab.*)
                0x02002084                __exidx_start = .

ARM.exidx
 *(.ARM.exidx* .gnu.linkonce.armexidx.*)
                0x02002084                __exidx_end = .
                0x02002084                . = ALIGN (0x4)
                0x02002084                PROVIDE (__preinit_array_start, .)

.preinit_array
 *(.preinit_array)
                0x02002084                PROVIDE (__preinit_array_end, .)
                0x02002084                PROVIDE (__init_array_start, .)

.init_array     0x02002084        0x4
 *(SORT(.init_array.*))
 *(.init_array)
 .init_array    0x02002084        0x4 /home/markholland/devkitPro/devkitARM/bin/../lib/gcc/arm-none-eabi/4.9.2/thumb/crtbegin.o
                0x02002088                PROVIDE (__init_array_end, .)
                0x02002088                PROVIDE (__fini_array_start, .)

.fini_array     0x02002088        0x4
 *(.fini_array)
 .fini_array    0x02002088        0x4 /home/markholland/devkitPro/devkitARM/bin/../lib/gcc/arm-none-eabi/4.9.2/thumb/crtbegin.o
 *(SORT(.fini_array.*))
                0x0200208c                PROVIDE (__fini_array_end, .)

.ctors          0x0200208c        0x0
 *crtbegin.o(.ctors)
 *(EXCLUDE_FILE(*crtend.o) .ctors)
 *(SORT(.ctors.*))
 *(.ctors)
                0x0200208c                . = ALIGN (0x4)

.dtors          0x0200208c        0x0
 *crtbegin.o(.dtors)
 *(EXCLUDE_FILE(*crtend.o) .dtors)
 *(SORT(.dtors.*))
 *(.dtors)
                0x0200208c                . = ALIGN (0x4)

.eh_frame       0x0200208c        0x4
 *(.eh_frame)
 .eh_frame      0x0200208c        0x0 /home/markholland/devkitPro/devkitARM/bin/../lib/gcc/arm-none-eabi/4.9.2/thumb/crtbegin.o
 .eh_frame      0x0200208c        0x4 /home/markholland/devkitPro/devkitARM/bin/../lib/gcc/arm-none-eabi/4.9.2/thumb/crtend.o
                0x02002090                . = ALIGN (0x4)

.gcc_except_table
                0x02002090        0x0
 *(.gcc_except_table)
                0x02002090                . = ALIGN (0x4)

.jcr            0x02002090        0x4
 *(.jcr)
 .jcr           0x02002090        0x0 /home/markholland/devkitPro/devkitARM/bin/../lib/gcc/arm-none-eabi/4.9.2/thumb/crtbegin.o
 .jcr           0x02002090        0x4 /home/markholland/devkitPro/devkitARM/bin/../lib/gcc/arm-none-eabi/4.9.2/thumb/crtend.o

.got
 *(.got.plt)
 *(.got)
 *(.rel.got)

.ewram          0x02002094        0x0
                0x02002094                __ewram_start = ABSOLUTE (.)
 *(.ewram)
 *ewram.*(.text)
                0x02002094                . = ALIGN (0x4)

.data           0x02002094      0x44c
                0x02002094                __data_start = ABSOLUTE (.)
 *(.data)
 .data          0x02002094        0x0 /home/markholland/devkitPro/devkitARM/bin/../lib/gcc/arm-none-eabi/4.9.2/../../../../arm-none-eabi/lib/thumb/ds_arm9_crt0.o
 .data          0x02002094        0x0 /home/markholland/devkitPro/devkitARM/bin/../lib/gcc/arm-none-eabi/4.9.2/thumb/crti.o
 .data          0x02002094        0x4 /home/markholland/devkitPro/devkitARM/bin/../lib/gcc/arm-none-eabi/4.9.2/thumb/crtbegin.o
                0x02002094                __dso_handle
 .data          0x02002098        0x1 main.o
                0x02002098                play
 .data          0x02002099        0x3 /home/markholland/devkitPro/libnds/lib/libnds9.a(keys.o)
 .data          0x0200209c        0x0 /home/markholland/devkitPro/libnds/lib/libnds9.a(sound.o)
 .data          0x0200209c        0x0 /home/markholland/devkitPro/libnds/lib/libnds9.a(initSystem.o)
 .data          0x0200209c       0x10 /home/markholland/devkitPro/libnds/lib/libnds9.a(fifosystem.o)
                0x0200209c                fifo_buffer_free
                0x020020a0                fifo_freewords
                0x020020a4                fifo_send_queue
                0x020020a8                fifo_receive_queue
 .data          0x020020ac        0x0 /home/markholland/devkitPro/libnds/lib/libnds9.a(interrupts.o)
 .data          0x020020ac        0x0 /home/markholland/devkitPro/libnds/lib/libnds9.a(libnds_exit.arm.o)
 .data          0x020020ac        0x0 /home/markholland/devkitPro/libnds/lib/libnds9.a(timers.o)
 .data          0x020020ac        0x0 /home/markholland/devkitPro/libnds/lib/libnds9.a(mpu_setup.o)
 .data          0x020020ac        0x0 /home/markholland/devkitPro/libnds/lib/libnds9.a(biosCalls.o)
 .data          0x020020ac        0x0 /home/markholland/devkitPro/libnds/lib/libnds9.a(interruptDispatcher.o)
 .data          0x020020ac        0x0 /home/markholland/devkitPro/libnds/lib/libnds9.a(swiSoftReset.o)
 .data          0x020020ac        0x0 /home/markholland/devkitPro/libnds/lib/libnds9.a(system.o)
 .data          0x020020ac        0x0 /home/markholland/devkitPro/libnds/lib/libnds9.a(video.o)
 .data          0x020020ac        0x0 /home/markholland/devkitPro/devkitARM/bin/../lib/gcc/arm-none-eabi/4.9.2/../../../../arm-none-eabi/lib/thumb/libg.a(lib_a-init.o)
 .data          0x020020ac        0x0 /home/markholland/devkitPro/devkitARM/bin/../lib/gcc/arm-none-eabi/4.9.2/../../../../arm-none-eabi/lib/thumb/libg.a(lib_a-memcpy-stub.o)
 .data          0x020020ac        0x0 /home/markholland/devkitPro/devkitARM/bin/../lib/gcc/arm-none-eabi/4.9.2/../../../../arm-none-eabi/lib/thumb/libsysbase.a(times.o)
 .data          0x020020ac        0x0 /home/markholland/devkitPro/devkitARM/bin/../lib/gcc/arm-none-eabi/4.9.2/../../../../arm-none-eabi/lib/thumb/libsysbase.a(malloc_vars.o)
 .data          0x020020ac        0x0 /home/markholland/devkitPro/devkitARM/bin/../lib/gcc/arm-none-eabi/4.9.2/../../../../arm-none-eabi/lib/thumb/libsysbase.a(build_argv.o)
 .data          0x020020ac        0x0 /home/markholland/devkitPro/devkitARM/bin/../lib/gcc/arm-none-eabi/4.9.2/../../../../arm-none-eabi/lib/thumb/libsysbase.a(syscall_support.o)
 .data          0x020020ac        0x0 /home/markholland/devkitPro/devkitARM/bin/../lib/gcc/arm-none-eabi/4.9.2/../../../../arm-none-eabi/lib/thumb/libg.a(lib_a-errno.o)
 *fill*         0x020020ac        0x4 ff
 .data          0x020020b0      0x430 /home/markholland/devkitPro/devkitARM/bin/../lib/gcc/arm-none-eabi/4.9.2/../../../../arm-none-eabi/lib/thumb/libg.a(lib_a-impure.o)
                0x020020b0                _impure_ptr
 .data          0x020024e0        0x0 /home/markholland/devkitPro/devkitARM/bin/../lib/gcc/arm-none-eabi/4.9.2/thumb/crtend.o
 .data          0x020024e0        0x0 /home/markholland/devkitPro/devkitARM/bin/../lib/gcc/arm-none-eabi/4.9.2/thumb/crtn.o
 *(.data.*)
 *(.gnu.linkonce.d*)
                0x020024e0                . = ALIGN (0x4)
                0x020024e0                __data_end = ABSOLUTE (.)
                0x020024e0                __dtcm_lma = .
                0x020024e0                __bss_vma = .

.igot.plt       0x020024e0        0x0
 .igot.plt      0x00000000        0x0 /home/markholland/devkitPro/devkitARM/bin/../lib/gcc/arm-none-eabi/4.9.2/../../../../arm-none-eabi/lib/thumb/ds_arm9_crt0.o

.tm_clone_table
                0x020024e0        0x0
 .tm_clone_table
                0x020024e0        0x0 /home/markholland/devkitPro/devkitARM/bin/../lib/gcc/arm-none-eabi/4.9.2/thumb/crtbegin.o
 .tm_clone_table
                0x020024e0        0x0 /home/markholland/devkitPro/devkitARM/bin/../lib/gcc/arm-none-eabi/4.9.2/thumb/crtend.o

.dtcm           0x0b000000        0x0 load address 0x020024e0
 *(.dtcm)
 *(.dtcm.*)
                0x0b000000                . = ALIGN (0x4)
                0x0b000000                __dtcm_end = ABSOLUTE (.)
                0x020024e0                __itcm_lma = (__dtcm_lma + SIZEOF (.dtcm))

.itcm           0x01000100      0x194 load address 0x020024e0
 *(.itcm)
 .itcm          0x01000100       0xc8 /home/markholland/devkitPro/libnds/lib/libnds9.a(interrupts.o)
                0x01000100                irqTable
 .itcm          0x010001c8       0xcc /home/markholland/devkitPro/libnds/lib/libnds9.a(interruptDispatcher.o)
                0x010001c8                IntrMain
 *itcm.*(.text)
                0x01000294                . = ALIGN (0x4)
                0x01000294                __itcm_end = ABSOLUTE (.)
                0x02002674                __vectors_lma = (__itcm_lma + SIZEOF (.itcm))

.vectors        0x01000000        0x0 load address 0x02002674
 *(.vectors)
 *vectors.*(.text)
                0x01000000                . = ALIGN (0x4)
                0x01000000                __vectors_end = ABSOLUTE (.)

.sbss           0x0b000000        0x0
                0x0b000000                __sbss_start = ABSOLUTE (.)
                0x0b000000                __sbss_start__ = ABSOLUTE (.)
 *(.sbss)
                0x0b000000                . = ALIGN (0x4)
                0x0b000000                __sbss_end = ABSOLUTE (.)

.bss            0x020024e0      0xa9c
                0x020024e0                __bss_start = ABSOLUTE (.)
                0x020024e0                __bss_start__ = ABSOLUTE (.)
 *(.dynbss)
 *(.gnu.linkonce.b*)
 *(.bss*)
 .bss           0x020024e0        0x0 /home/markholland/devkitPro/devkitARM/bin/../lib/gcc/arm-none-eabi/4.9.2/../../../../arm-none-eabi/lib/thumb/ds_arm9_crt0.o
 .bss           0x020024e0        0x0 /home/markholland/devkitPro/devkitARM/bin/../lib/gcc/arm-none-eabi/4.9.2/thumb/crti.o
 .bss           0x020024e0       0x1c /home/markholland/devkitPro/devkitARM/bin/../lib/gcc/arm-none-eabi/4.9.2/thumb/crtbegin.o
 .bss           0x020024fc        0x4 main.o
                0x020024fc                channel
 .bss           0x02002500        0x6 /home/markholland/devkitPro/libnds/lib/libnds9.a(keys.o)
 *fill*         0x02002506        0x2 
 .bss           0x02002508        0x4 /home/markholland/devkitPro/libnds/lib/libnds9.a(sound.o)
                0x02002508                micCallback
 .bss           0x0200250c        0x0 /home/markholland/devkitPro/libnds/lib/libnds9.a(initSystem.o)
 .bss           0x0200250c        0x8 /home/markholland/devkitPro/libnds/lib/libnds9.a(fifosystem.o)
                0x02002510                processing
 .bss           0x02002514        0x0 /home/markholland/devkitPro/libnds/lib/libnds9.a(interrupts.o)
 .bss           0x02002514        0x0 /home/markholland/devkitPro/libnds/lib/libnds9.a(libnds_exit.arm.o)
 .bss           0x02002514        0xc /home/markholland/devkitPro/libnds/lib/libnds9.a(timers.o)
                0x02002514                elapsed
 .bss           0x02002520        0x0 /home/markholland/devkitPro/libnds/lib/libnds9.a(mpu_setup.o)
 .bss           0x02002520        0x0 /home/markholland/devkitPro/libnds/lib/libnds9.a(biosCalls.o)
 .bss           0x02002520        0x0 /home/markholland/devkitPro/libnds/lib/libnds9.a(interruptDispatcher.o)
 .bss           0x02002520        0x0 /home/markholland/devkitPro/libnds/lib/libnds9.a(swiSoftReset.o)
 .bss           0x02002520        0x4 /home/markholland/devkitPro/libnds/lib/libnds9.a(system.o)
 .bss           0x02002524        0x0 /home/markholland/devkitPro/libnds/lib/libnds9.a(video.o)
 .bss           0x02002524        0x0 /home/markholland/devkitPro/devkitARM/bin/../lib/gcc/arm-none-eabi/4.9.2/../../../../arm-none-eabi/lib/thumb/libg.a(lib_a-init.o)
 .bss           0x02002524        0x0 /home/markholland/devkitPro/devkitARM/bin/../lib/gcc/arm-none-eabi/4.9.2/../../../../arm-none-eabi/lib/thumb/libg.a(lib_a-memcpy-stub.o)
 .bss           0x02002524        0x0 /home/markholland/devkitPro/devkitARM/bin/../lib/gcc/arm-none-eabi/4.9.2/../../../../arm-none-eabi/lib/thumb/libsysbase.a(times.o)
 .bss           0x02002524        0x8 /home/markholland/devkitPro/devkitARM/bin/../lib/gcc/arm-none-eabi/4.9.2/../../../../arm-none-eabi/lib/thumb/libsysbase.a(malloc_vars.o)
                0x02002524                fake_heap_start
                0x02002528                fake_heap_end
 .bss           0x0200252c        0x0 /home/markholland/devkitPro/devkitARM/bin/../lib/gcc/arm-none-eabi/4.9.2/../../../../arm-none-eabi/lib/thumb/libsysbase.a(build_argv.o)
 .bss           0x0200252c        0x8 /home/markholland/devkitPro/devkitARM/bin/../lib/gcc/arm-none-eabi/4.9.2/../../../../arm-none-eabi/lib/thumb/libsysbase.a(syscall_support.o)
                0x0200252c                __syscalls
 .bss           0x02002534        0x0 /home/markholland/devkitPro/devkitARM/bin/../lib/gcc/arm-none-eabi/4.9.2/../../../../arm-none-eabi/lib/thumb/libg.a(lib_a-errno.o)
 .bss           0x02002534        0x0 /home/markholland/devkitPro/devkitARM/bin/../lib/gcc/arm-none-eabi/4.9.2/../../../../arm-none-eabi/lib/thumb/libg.a(lib_a-impure.o)
 .bss           0x02002534        0x0 /home/markholland/devkitPro/devkitARM/bin/../lib/gcc/arm-none-eabi/4.9.2/thumb/crtend.o
 .bss           0x02002534        0x0 /home/markholland/devkitPro/devkitARM/bin/../lib/gcc/arm-none-eabi/4.9.2/thumb/crtn.o
 *(COMMON)
 COMMON         0x02002534        0x1 /home/markholland/devkitPro/libnds/lib/libnds9.a(initSystem.o)
                0x02002534                __dsimode
 *fill*         0x02002535        0x3 
 COMMON         0x02002538      0xa40 /home/markholland/devkitPro/libnds/lib/libnds9.a(fifosystem.o)
                0x02002538                fifo_datamsg_data
                0x02002578                fifo_buffer
                0x02002d78                fifo_value32_func
                0x02002db8                fifo_address_func
                0x02002df8                fifo_value32_data
                0x02002e38                fifo_value32_queue
                0x02002e78                fifo_data_queue
                0x02002eb8                fifo_address_data
                0x02002ef8                fifo_datamsg_func
                0x02002f38                fifo_address_queue
 COMMON         0x02002f78        0x4 /home/markholland/devkitPro/devkitARM/bin/../lib/gcc/arm-none-eabi/4.9.2/../../../../arm-none-eabi/lib/thumb/libsysbase.a(times.o)
                0x02002f78                punixTime
                0x02002f7c                . = ALIGN (0x4)
                0x02002f7c                __bss_end__ = ABSOLUTE (.)
                0x02002f7c                __end__ = ABSOLUTE (.)

.stab
 *(.stab)

.stabstr
 *(.stabstr)

.stab.excl
 *(.stab.excl)

.stab.exclstr
 *(.stab.exclstr)

.stab.index
 *(.stab.index)

.stab.indexstr
 *(.stab.indexstr)

.comment        0x00000000       0x44
 *(.comment)
 .comment       0x00000000       0x22 /home/markholland/devkitPro/devkitARM/bin/../lib/gcc/arm-none-eabi/4.9.2/thumb/crtbegin.o
                                 0x23 (size before relaxing)
 .comment       0x00000000       0x23 main.o
 .comment       0x00000022       0x22 /home/markholland/devkitPro/libnds/lib/libnds9.a(keys.o)
                                 0x23 (size before relaxing)
 .comment       0x00000000       0x23 /home/markholland/devkitPro/libnds/lib/libnds9.a(sound.o)
 .comment       0x00000000       0x23 /home/markholland/devkitPro/libnds/lib/libnds9.a(initSystem.o)
 .comment       0x00000000       0x23 /home/markholland/devkitPro/libnds/lib/libnds9.a(fifosystem.o)
 .comment       0x00000000       0x23 /home/markholland/devkitPro/libnds/lib/libnds9.a(interrupts.o)
 .comment       0x00000000       0x23 /home/markholland/devkitPro/libnds/lib/libnds9.a(libnds_exit.arm.o)
 .comment       0x00000000       0x23 /home/markholland/devkitPro/libnds/lib/libnds9.a(timers.o)
 .comment       0x00000000       0x23 /home/markholland/devkitPro/libnds/lib/libnds9.a(system.o)
 .comment       0x00000000       0x23 /home/markholland/devkitPro/libnds/lib/libnds9.a(video.o)
 .comment       0x00000000       0x23 /home/markholland/devkitPro/devkitARM/bin/../lib/gcc/arm-none-eabi/4.9.2/../../../../arm-none-eabi/lib/thumb/libg.a(lib_a-init.o)
 .comment       0x00000000       0x23 /home/markholland/devkitPro/devkitARM/bin/../lib/gcc/arm-none-eabi/4.9.2/../../../../arm-none-eabi/lib/thumb/libg.a(lib_a-memcpy-stub.o)
 .comment       0x00000000       0x23 /home/markholland/devkitPro/devkitARM/bin/../lib/gcc/arm-none-eabi/4.9.2/../../../../arm-none-eabi/lib/thumb/libsysbase.a(times.o)
 .comment       0x00000000       0x23 /home/markholland/devkitPro/devkitARM/bin/../lib/gcc/arm-none-eabi/4.9.2/../../../../arm-none-eabi/lib/thumb/libsysbase.a(malloc_vars.o)
 .comment       0x00000000       0x23 /home/markholland/devkitPro/devkitARM/bin/../lib/gcc/arm-none-eabi/4.9.2/../../../../arm-none-eabi/lib/thumb/libsysbase.a(build_argv.o)
 .comment       0x00000000       0x23 /home/markholland/devkitPro/devkitARM/bin/../lib/gcc/arm-none-eabi/4.9.2/../../../../arm-none-eabi/lib/thumb/libsysbase.a(syscall_support.o)
 .comment       0x00000000       0x23 /home/markholland/devkitPro/devkitARM/bin/../lib/gcc/arm-none-eabi/4.9.2/../../../../arm-none-eabi/lib/thumb/libg.a(lib_a-errno.o)
 .comment       0x00000000       0x23 /home/markholland/devkitPro/devkitARM/bin/../lib/gcc/arm-none-eabi/4.9.2/../../../../arm-none-eabi/lib/thumb/libg.a(lib_a-impure.o)
 .comment       0x00000000       0x23 /home/markholland/devkitPro/devkitARM/bin/../lib/gcc/arm-none-eabi/4.9.2/thumb/crtend.o

.ARM.attributes
                0x00000000       0x2d
 .ARM.attributes
                0x00000000       0x21 /home/markholland/devkitPro/devkitARM/bin/../lib/gcc/arm-none-eabi/4.9.2/../../../../arm-none-eabi/lib/thumb/ds_arm9_crt0.o
 .ARM.attributes
                0x00000021       0x16 /home/markholland/devkitPro/devkitARM/bin/../lib/gcc/arm-none-eabi/4.9.2/thumb/crti.o
 .ARM.attributes
                0x00000037       0x30 /home/markholland/devkitPro/devkitARM/bin/../lib/gcc/arm-none-eabi/4.9.2/thumb/crtbegin.o
 .ARM.attributes
                0x00000067       0x27 main.o
 .ARM.attributes
                0x0000008e       0x27 /home/markholland/devkitPro/libnds/lib/libnds9.a(keys.o)
 .ARM.attributes
                0x000000b5       0x27 /home/markholland/devkitPro/libnds/lib/libnds9.a(sound.o)
 .ARM.attributes
                0x000000dc       0x27 /home/markholland/devkitPro/libnds/lib/libnds9.a(initSystem.o)
 .ARM.attributes
                0x00000103       0x27 /home/markholland/devkitPro/libnds/lib/libnds9.a(fifosystem.o)
 .ARM.attributes
                0x0000012a       0x27 /home/markholland/devkitPro/libnds/lib/libnds9.a(interrupts.o)
 .ARM.attributes
                0x00000151       0x27 /home/markholland/devkitPro/libnds/lib/libnds9.a(libnds_exit.arm.o)
 .ARM.attributes
                0x00000178       0x27 /home/markholland/devkitPro/libnds/lib/libnds9.a(timers.o)
 .ARM.attributes
                0x0000019f       0x21 /home/markholland/devkitPro/libnds/lib/libnds9.a(mpu_setup.o)
 .ARM.attributes
                0x000001c0       0x1b /home/markholland/devkitPro/libnds/lib/libnds9.a(biosCalls.o)
 .ARM.attributes
                0x000001db       0x1b /home/markholland/devkitPro/libnds/lib/libnds9.a(interruptDispatcher.o)
 .ARM.attributes
                0x000001f6       0x21 /home/markholland/devkitPro/libnds/lib/libnds9.a(swiSoftReset.o)
 .ARM.attributes
                0x00000217       0x27 /home/markholland/devkitPro/libnds/lib/libnds9.a(system.o)
 .ARM.attributes
                0x0000023e       0x27 /home/markholland/devkitPro/libnds/lib/libnds9.a(video.o)
 .ARM.attributes
                0x00000265       0x30 /home/markholland/devkitPro/devkitARM/bin/../lib/gcc/arm-none-eabi/4.9.2/../../../../arm-none-eabi/lib/thumb/libg.a(lib_a-init.o)
 .ARM.attributes
                0x00000295       0x30 /home/markholland/devkitPro/devkitARM/bin/../lib/gcc/arm-none-eabi/4.9.2/../../../../arm-none-eabi/lib/thumb/libg.a(lib_a-memcpy-stub.o)
 .ARM.attributes
                0x000002c5       0x30 /home/markholland/devkitPro/devkitARM/bin/../lib/gcc/arm-none-eabi/4.9.2/../../../../arm-none-eabi/lib/thumb/libsysbase.a(times.o)
 .ARM.attributes
                0x000002f5       0x30 /home/markholland/devkitPro/devkitARM/bin/../lib/gcc/arm-none-eabi/4.9.2/../../../../arm-none-eabi/lib/thumb/libsysbase.a(malloc_vars.o)
 .ARM.attributes
                0x00000325       0x30 /home/markholland/devkitPro/devkitARM/bin/../lib/gcc/arm-none-eabi/4.9.2/../../../../arm-none-eabi/lib/thumb/libsysbase.a(build_argv.o)
 .ARM.attributes
                0x00000355       0x30 /home/markholland/devkitPro/devkitARM/bin/../lib/gcc/arm-none-eabi/4.9.2/../../../../arm-none-eabi/lib/thumb/libsysbase.a(syscall_support.o)
 .ARM.attributes
                0x00000385       0x30 /home/markholland/devkitPro/devkitARM/bin/../lib/gcc/arm-none-eabi/4.9.2/../../../../arm-none-eabi/lib/thumb/libg.a(lib_a-errno.o)
 .ARM.attributes
                0x000003b5       0x30 /home/markholland/devkitPro/devkitARM/bin/../lib/gcc/arm-none-eabi/4.9.2/../../../../arm-none-eabi/lib/thumb/libg.a(lib_a-impure.o)
 .ARM.attributes
                0x000003e5       0x30 /home/markholland/devkitPro/devkitARM/bin/../lib/gcc/arm-none-eabi/4.9.2/thumb/crtend.o
 .ARM.attributes
                0x00000415       0x16 /home/markholland/devkitPro/devkitARM/bin/../lib/gcc/arm-none-eabi/4.9.2/thumb/crtn.o

.debug
 *(.debug)

.line
 *(.line)

.debug_srcinfo
 *(.debug_srcinfo)

.debug_sfnames
 *(.debug_sfnames)

.debug_aranges  0x00000000      0x1c8
 *(.debug_aranges)
 .debug_aranges
                0x00000000       0x28 main.o
 .debug_aranges
                0x00000028       0x20 /home/markholland/devkitPro/libnds/lib/libnds9.a(keys.o)
 .debug_aranges
                0x00000048       0x20 /home/markholland/devkitPro/libnds/lib/libnds9.a(sound.o)
 .debug_aranges
                0x00000068       0x20 /home/markholland/devkitPro/libnds/lib/libnds9.a(initSystem.o)
 .debug_aranges
                0x00000088       0x20 /home/markholland/devkitPro/libnds/lib/libnds9.a(fifosystem.o)
 .debug_aranges
                0x000000a8       0x20 /home/markholland/devkitPro/libnds/lib/libnds9.a(interrupts.o)
 .debug_aranges
                0x000000c8       0x20 /home/markholland/devkitPro/libnds/lib/libnds9.a(libnds_exit.arm.o)
 .debug_aranges
                0x000000e8       0x20 /home/markholland/devkitPro/libnds/lib/libnds9.a(timers.o)
 .debug_aranges
                0x00000108       0x20 /home/markholland/devkitPro/libnds/lib/libnds9.a(mpu_setup.o)
 .debug_aranges
                0x00000128       0x20 /home/markholland/devkitPro/libnds/lib/libnds9.a(biosCalls.o)
 .debug_aranges
                0x00000148       0x20 /home/markholland/devkitPro/libnds/lib/libnds9.a(interruptDispatcher.o)
 .debug_aranges
                0x00000168       0x20 /home/markholland/devkitPro/libnds/lib/libnds9.a(swiSoftReset.o)
 .debug_aranges
                0x00000188       0x20 /home/markholland/devkitPro/libnds/lib/libnds9.a(system.o)
 .debug_aranges
                0x000001a8       0x20 /home/markholland/devkitPro/libnds/lib/libnds9.a(video.o)

.debug_pubnames
 *(.debug_pubnames)

.debug_info     0x00000000     0x61cc
 *(.debug_info)
 .debug_info    0x00000000      0xc71 main.o
 .debug_info    0x00000c71      0x414 /home/markholland/devkitPro/libnds/lib/libnds9.a(keys.o)
 .debug_info    0x00001085      0xb9a /home/markholland/devkitPro/libnds/lib/libnds9.a(sound.o)
 .debug_info    0x00001c1f      0xf4e /home/markholland/devkitPro/libnds/lib/libnds9.a(initSystem.o)
 .debug_info    0x00002b6d     0x1597 /home/markholland/devkitPro/libnds/lib/libnds9.a(fifosystem.o)
 .debug_info    0x00004104      0x612 /home/markholland/devkitPro/libnds/lib/libnds9.a(interrupts.o)
 .debug_info    0x00004716      0x327 /home/markholland/devkitPro/libnds/lib/libnds9.a(libnds_exit.arm.o)
 .debug_info    0x00004a3d      0x3f4 /home/markholland/devkitPro/libnds/lib/libnds9.a(timers.o)
 .debug_info    0x00004e31       0xd0 /home/markholland/devkitPro/libnds/lib/libnds9.a(mpu_setup.o)
 .debug_info    0x00004f01       0xcb /home/markholland/devkitPro/libnds/lib/libnds9.a(biosCalls.o)
 .debug_info    0x00004fcc       0xd5 /home/markholland/devkitPro/libnds/lib/libnds9.a(interruptDispatcher.o)
 .debug_info    0x000050a1       0xce /home/markholland/devkitPro/libnds/lib/libnds9.a(swiSoftReset.o)
 .debug_info    0x0000516f      0x92d /home/markholland/devkitPro/libnds/lib/libnds9.a(system.o)
 .debug_info    0x00005a9c      0x730 /home/markholland/devkitPro/libnds/lib/libnds9.a(video.o)

.debug_abbrev   0x00000000     0x178e
 *(.debug_abbrev)
 .debug_abbrev  0x00000000      0x29a main.o
 .debug_abbrev  0x0000029a      0x16b /home/markholland/devkitPro/libnds/lib/libnds9.a(keys.o)
 .debug_abbrev  0x00000405      0x1d8 /home/markholland/devkitPro/libnds/lib/libnds9.a(sound.o)
 .debug_abbrev  0x000005dd      0x2fa /home/markholland/devkitPro/libnds/lib/libnds9.a(initSystem.o)
 .debug_abbrev  0x000008d7      0x464 /home/markholland/devkitPro/libnds/lib/libnds9.a(fifosystem.o)
 .debug_abbrev  0x00000d3b      0x251 /home/markholland/devkitPro/libnds/lib/libnds9.a(interrupts.o)
 .debug_abbrev  0x00000f8c      0x175 /home/markholland/devkitPro/libnds/lib/libnds9.a(libnds_exit.arm.o)
 .debug_abbrev  0x00001101      0x1fe /home/markholland/devkitPro/libnds/lib/libnds9.a(timers.o)
 .debug_abbrev  0x000012ff       0x14 /home/markholland/devkitPro/libnds/lib/libnds9.a(mpu_setup.o)
 .debug_abbrev  0x00001313       0x14 /home/markholland/devkitPro/libnds/lib/libnds9.a(biosCalls.o)
 .debug_abbrev  0x00001327       0x14 /home/markholland/devkitPro/libnds/lib/libnds9.a(interruptDispatcher.o)
 .debug_abbrev  0x0000133b       0x14 /home/markholland/devkitPro/libnds/lib/libnds9.a(swiSoftReset.o)
 .debug_abbrev  0x0000134f      0x268 /home/markholland/devkitPro/libnds/lib/libnds9.a(system.o)
 .debug_abbrev  0x000015b7      0x1d7 /home/markholland/devkitPro/libnds/lib/libnds9.a(video.o)

.debug_line     0x00000000     0x202b
 *(.debug_line)
 .debug_line    0x00000000      0x234 main.o
 .debug_line    0x00000234      0x25b /home/markholland/devkitPro/libnds/lib/libnds9.a(keys.o)
 .debug_line    0x0000048f      0x287 /home/markholland/devkitPro/libnds/lib/libnds9.a(sound.o)
 .debug_line    0x00000716      0x37d /home/markholland/devkitPro/libnds/lib/libnds9.a(initSystem.o)
 .debug_line    0x00000a93      0x6b1 /home/markholland/devkitPro/libnds/lib/libnds9.a(fifosystem.o)
 .debug_line    0x00001144      0x2b0 /home/markholland/devkitPro/libnds/lib/libnds9.a(interrupts.o)
 .debug_line    0x000013f4      0x1ea /home/markholland/devkitPro/libnds/lib/libnds9.a(libnds_exit.arm.o)
 .debug_line    0x000015de      0x1fc /home/markholland/devkitPro/libnds/lib/libnds9.a(timers.o)
 .debug_line    0x000017da      0x107 /home/markholland/devkitPro/libnds/lib/libnds9.a(mpu_setup.o)
 .debug_line    0x000018e1       0xc9 /home/markholland/devkitPro/libnds/lib/libnds9.a(biosCalls.o)
 .debug_line    0x000019aa       0xcd /home/markholland/devkitPro/libnds/lib/libnds9.a(interruptDispatcher.o)
 .debug_line    0x00001a77       0x9d /home/markholland/devkitPro/libnds/lib/libnds9.a(swiSoftReset.o)
 .debug_line    0x00001b14      0x2a4 /home/markholland/devkitPro/libnds/lib/libnds9.a(system.o)
 .debug_line    0x00001db8      0x273 /home/markholland/devkitPro/libnds/lib/libnds9.a(video.o)

.debug_frame    0x00000000      0x890
 *(.debug_frame)
 .debug_frame   0x00000000       0x58 main.o
 .debug_frame   0x00000058       0x8c /home/markholland/devkitPro/libnds/lib/libnds9.a(keys.o)
 .debug_frame   0x000000e4      0x194 /home/markholland/devkitPro/libnds/lib/libnds9.a(sound.o)
 .debug_frame   0x00000278       0x28 /home/markholland/devkitPro/libnds/lib/libnds9.a(initSystem.o)
 .debug_frame   0x000002a0      0x2bc /home/markholland/devkitPro/libnds/lib/libnds9.a(fifosystem.o)
 .debug_frame   0x0000055c       0xb0 /home/markholland/devkitPro/libnds/lib/libnds9.a(interrupts.o)
 .debug_frame   0x0000060c       0x3c /home/markholland/devkitPro/libnds/lib/libnds9.a(libnds_exit.arm.o)
 .debug_frame   0x00000648       0xc4 /home/markholland/devkitPro/libnds/lib/libnds9.a(timers.o)
 .debug_frame   0x0000070c       0xc8 /home/markholland/devkitPro/libnds/lib/libnds9.a(system.o)
 .debug_frame   0x000007d4       0xbc /home/markholland/devkitPro/libnds/lib/libnds9.a(video.o)

.debug_str      0x00000000     0x2aaf
 *(.debug_str)
 .debug_str     0x00000000      0x910 main.o
                                0x996 (size before relaxing)
 .debug_str     0x00000910      0x1e2 /home/markholland/devkitPro/libnds/lib/libnds9.a(keys.o)
                                0x392 (size before relaxing)
 .debug_str     0x00000af2      0x4fd /home/markholland/devkitPro/libnds/lib/libnds9.a(sound.o)
                                0x722 (size before relaxing)
 .debug_str     0x00000fef      0x668 /home/markholland/devkitPro/libnds/lib/libnds9.a(initSystem.o)
                                0xaa7 (size before relaxing)
 .debug_str     0x00001657      0x530 /home/markholland/devkitPro/libnds/lib/libnds9.a(fifosystem.o)
                                0x832 (size before relaxing)
 .debug_str     0x00001b87      0x114 /home/markholland/devkitPro/libnds/lib/libnds9.a(interrupts.o)
                                0x41b (size before relaxing)
 .debug_str     0x00001c9b      0x1bc /home/markholland/devkitPro/libnds/lib/libnds9.a(libnds_exit.arm.o)
                                0x35f (size before relaxing)
 .debug_str     0x00001e57       0xd6 /home/markholland/devkitPro/libnds/lib/libnds9.a(timers.o)
                                0x29f (size before relaxing)
 .debug_str     0x00001f2d      0x12a /home/markholland/devkitPro/libnds/lib/libnds9.a(system.o)
                                0x68c (size before relaxing)
 .debug_str     0x00002057      0xa58 /home/markholland/devkitPro/libnds/lib/libnds9.a(video.o)
                                0xbe1 (size before relaxing)

.debug_loc      0x00000000     0x1e8d
 *(.debug_loc)
 .debug_loc     0x00000000       0x2c main.o
 .debug_loc     0x0000002c      0x522 /home/markholland/devkitPro/libnds/lib/libnds9.a(sound.o)
 .debug_loc     0x0000054e       0x44 /home/markholland/devkitPro/libnds/lib/libnds9.a(initSystem.o)
 .debug_loc     0x00000592     0x1128 /home/markholland/devkitPro/libnds/lib/libnds9.a(fifosystem.o)
 .debug_loc     0x000016ba      0x110 /home/markholland/devkitPro/libnds/lib/libnds9.a(interrupts.o)
 .debug_loc     0x000017ca       0x58 /home/markholland/devkitPro/libnds/lib/libnds9.a(libnds_exit.arm.o)
 .debug_loc     0x00001822      0x287 /home/markholland/devkitPro/libnds/lib/libnds9.a(timers.o)
 .debug_loc     0x00001aa9      0x1c4 /home/markholland/devkitPro/libnds/lib/libnds9.a(system.o)
 .debug_loc     0x00001c6d      0x220 /home/markholland/devkitPro/libnds/lib/libnds9.a(video.o)

.debug_macinfo
 *(.debug_macinfo)

.debug_weaknames
 *(.debug_weaknames)

.debug_funcnames
 *(.debug_funcnames)

.debug_typenames
 *(.debug_typenames)

.debug_varnames
 *(.debug_varnames)

.stack          0x00080000        0x0
                0x00080000                _stack = .
 *(.stack)
LOAD /home/markholland/devkitPro/devkitARM/bin/../lib/gcc/arm-none-eabi/4.9.2/../../../../arm-none-eabi/lib/thumb/ds_arm9_crt0.o
LOAD /home/markholland/devkitPro/devkitARM/bin/../lib/gcc/arm-none-eabi/4.9.2/thumb/crti.o
LOAD /home/markholland/devkitPro/devkitARM/bin/../lib/gcc/arm-none-eabi/4.9.2/thumb/crtbegin.o
LOAD main.o
LOAD /home/markholland/devkitPro/libnds/lib/libnds9.a
START GROUP
LOAD /home/markholland/devkitPro/devkitARM/bin/../lib/gcc/arm-none-eabi/4.9.2/thumb/libgcc.a
LOAD /home/markholland/devkitPro/devkitARM/bin/../lib/gcc/arm-none-eabi/4.9.2/../../../../arm-none-eabi/lib/thumb/libg.a
LOAD /home/markholland/devkitPro/devkitARM/bin/../lib/gcc/arm-none-eabi/4.9.2/../../../../arm-none-eabi/lib/thumb/libc.a
LOAD /home/markholland/devkitPro/devkitARM/bin/../lib/gcc/arm-none-eabi/4.9.2/../../../../arm-none-eabi/lib/thumb/libsysbase.a
END GROUP
LOAD /home/markholland/devkitPro/devkitARM/bin/../lib/gcc/arm-none-eabi/4.9.2/thumb/crtend.o
LOAD /home/markholland/devkitPro/devkitARM/bin/../lib/gcc/arm-none-eabi/4.9.2/thumb/crtn.o
OUTPUT(/home/markholland/devkitPro/examples/nds/time/timercallback/timercallback.elf elf32-littlearm)

.debug_ranges   0x00000000      0x478
 .debug_ranges  0x00000000       0x18 main.o
 .debug_ranges  0x00000018      0x340 /home/markholland/devkitPro/libnds/lib/libnds9.a(fifosystem.o)
 .debug_ranges  0x00000358       0xc0 /home/markholland/devkitPro/libnds/lib/libnds9.a(interrupts.o)
 .debug_ranges  0x00000418       0x18 /home/markholland/devkitPro/libnds/lib/libnds9.a(timers.o)
 .debug_ranges  0x00000430       0x48 /home/markholland/devkitPro/libnds/lib/libnds9.a(video.o)
