Archive member included because of file (symbol)

/home/markholland/devkitPro/libnds/lib/libnds9.a(initSystem.o)
                              /home/markholland/devkitPro/devkitARM/bin/../lib/gcc/arm-none-eabi/4.9.2/../../../../arm-none-eabi/lib/ds_arm9_crt0.o (initSystem)
/home/markholland/devkitPro/libnds/lib/libnds9.a(fifosystem.o)
                              /home/markholland/devkitPro/libnds/lib/libnds9.a(initSystem.o) (fifoSetValue32Handler)
/home/markholland/devkitPro/libnds/lib/libnds9.a(interrupts.o)
                              /home/markholland/devkitPro/libnds/lib/libnds9.a(fifosystem.o) (irqSet)
/home/markholland/devkitPro/libnds/lib/libnds9.a(libnds_exit.arm.o)
                              /home/markholland/devkitPro/devkitARM/bin/../lib/gcc/arm-none-eabi/4.9.2/../../../../arm-none-eabi/lib/ds_arm9_crt0.o (__libnds_exit)
/home/markholland/devkitPro/libnds/lib/libnds9.a(mpu_setup.o)
                              /home/markholland/devkitPro/devkitARM/bin/../lib/gcc/arm-none-eabi/4.9.2/../../../../arm-none-eabi/lib/ds_arm9_crt0.o (__libnds_mpu_setup)
/home/markholland/devkitPro/libnds/lib/libnds9.a(biosCalls.o)
                              /home/markholland/devkitPro/libnds/lib/libnds9.a(fifosystem.o) (swiIntrWait)
/home/markholland/devkitPro/libnds/lib/libnds9.a(interruptDispatcher.o)
                              /home/markholland/devkitPro/libnds/lib/libnds9.a(interrupts.o) (IntrMain)
/home/markholland/devkitPro/libnds/lib/libnds9.a(swiSoftReset.o)
                              /home/markholland/devkitPro/libnds/lib/libnds9.a(fifosystem.o) (swiSoftReset)
/home/markholland/devkitPro/libnds/lib/libnds9.a(system.o)
                              /home/markholland/devkitPro/libnds/lib/libnds9.a(initSystem.o) (systemValueHandler)
/home/markholland/devkitPro/libnds/lib/libnds9.a(video.o)
                              /home/markholland/devkitPro/libnds/lib/libnds9.a(initSystem.o) (vramDefault)
/home/markholland/devkitPro/devkitARM/bin/../lib/gcc/arm-none-eabi/4.9.2/../../../../arm-none-eabi/lib/libg.a(lib_a-init.o)
                              /home/markholland/devkitPro/devkitARM/bin/../lib/gcc/arm-none-eabi/4.9.2/../../../../arm-none-eabi/lib/ds_arm9_crt0.o (__libc_init_array)
/home/markholland/devkitPro/devkitARM/bin/../lib/gcc/arm-none-eabi/4.9.2/../../../../arm-none-eabi/lib/libg.a(lib_a-memcpy-stub.o)
                              /home/markholland/devkitPro/libnds/lib/libnds9.a(fifosystem.o) (memcpy)
/home/markholland/devkitPro/devkitARM/bin/../lib/gcc/arm-none-eabi/4.9.2/../../../../arm-none-eabi/lib/libsysbase.a(times.o)
                              /home/markholland/devkitPro/libnds/lib/libnds9.a(initSystem.o) (punixTime)
/home/markholland/devkitPro/devkitARM/bin/../lib/gcc/arm-none-eabi/4.9.2/../../../../arm-none-eabi/lib/libsysbase.a(malloc_vars.o)
                              /home/markholland/devkitPro/devkitARM/bin/../lib/gcc/arm-none-eabi/4.9.2/../../../../arm-none-eabi/lib/ds_arm9_crt0.o (fake_heap_start)
/home/markholland/devkitPro/devkitARM/bin/../lib/gcc/arm-none-eabi/4.9.2/../../../../arm-none-eabi/lib/libsysbase.a(build_argv.o)
                              /home/markholland/devkitPro/devkitARM/bin/../lib/gcc/arm-none-eabi/4.9.2/../../../../arm-none-eabi/lib/ds_arm9_crt0.o (build_argv)
/home/markholland/devkitPro/devkitARM/bin/../lib/gcc/arm-none-eabi/4.9.2/../../../../arm-none-eabi/lib/libsysbase.a(syscall_support.o)
                              /home/markholland/devkitPro/libnds/lib/libnds9.a(initSystem.o) (__syscalls)
/home/markholland/devkitPro/devkitARM/bin/../lib/gcc/arm-none-eabi/4.9.2/../../../../arm-none-eabi/lib/libg.a(lib_a-errno.o)
                              /home/markholland/devkitPro/devkitARM/bin/../lib/gcc/arm-none-eabi/4.9.2/../../../../arm-none-eabi/lib/libsysbase.a(times.o) (__errno)
/home/markholland/devkitPro/devkitARM/bin/../lib/gcc/arm-none-eabi/4.9.2/../../../../arm-none-eabi/lib/libg.a(lib_a-impure.o)
                              /home/markholland/devkitPro/devkitARM/bin/../lib/gcc/arm-none-eabi/4.9.2/../../../../arm-none-eabi/lib/libg.a(lib_a-errno.o) (_impure_ptr)

Allocating common symbols
Common symbol       size              file

fifo_datamsg_data   0x40              /home/markholland/devkitPro/libnds/lib/libnds9.a(fifosystem.o)
__dsimode           0x1               /home/markholland/devkitPro/libnds/lib/libnds9.a(initSystem.o)
fifo_buffer         0x800             /home/markholland/devkitPro/libnds/lib/libnds9.a(fifosystem.o)
fifo_value32_func   0x40              /home/markholland/devkitPro/libnds/lib/libnds9.a(fifosystem.o)
fifo_address_func   0x40              /home/markholland/devkitPro/libnds/lib/libnds9.a(fifosystem.o)
fifo_value32_data   0x40              /home/markholland/devkitPro/libnds/lib/libnds9.a(fifosystem.o)
fifo_value32_queue  0x40              /home/markholland/devkitPro/libnds/lib/libnds9.a(fifosystem.o)
fifo_data_queue     0x40              /home/markholland/devkitPro/libnds/lib/libnds9.a(fifosystem.o)
punixTime           0x4               /home/markholland/devkitPro/devkitARM/bin/../lib/gcc/arm-none-eabi/4.9.2/../../../../arm-none-eabi/lib/libsysbase.a(times.o)
fifo_address_data   0x40              /home/markholland/devkitPro/libnds/lib/libnds9.a(fifosystem.o)
fifo_datamsg_func   0x40              /home/markholland/devkitPro/libnds/lib/libnds9.a(fifosystem.o)
fifo_address_queue  0x40              /home/markholland/devkitPro/libnds/lib/libnds9.a(fifosystem.o)

Memory Configuration

Name             Origin             Length             Attributes
rom              0x08000000         0x02000000
ewram            0x02000000         0x003ff000
dtcm             0x0b000000         0x00004000
vectors          0x01000000         0x00000100
itcm             0x01000100         0x00007f00
*default*        0x00000000         0xffffffff

Linker script and memory map

                0x01000000                __vectors_start = ORIGIN (vectors)
                0x01000100                __itcm_start = ORIGIN (itcm)
                0x023ff000                __ewram_end = (ORIGIN (ewram) + 0x3ff000)
                0x023ff000                __eheap_end = (ORIGIN (ewram) + 0x3ff000)
                0x0b000000                __dtcm_start = ORIGIN (dtcm)
                0x0b004000                __dtcm_top = (ORIGIN (dtcm) + 0x4000)
                0x0b003ff8                __irq_flags = (__dtcm_top - 0x8)
                0x0b003ffc                __irq_vector = (__dtcm_top - 0x4)
                0x0b003f00                __sp_svc = (__dtcm_top - 0x100)
                0x0b003e00                __sp_irq = (__sp_svc - 0x100)
                0x0b003d00                __sp_usr = (__sp_irq - 0x100)

.init           0x02000000      0x248
                0x02000000                __text_start = .
 *(.init)
 .init          0x02000000      0x230 /home/markholland/devkitPro/devkitARM/bin/../lib/gcc/arm-none-eabi/4.9.2/../../../../arm-none-eabi/lib/ds_arm9_crt0.o
                0x02000000                _start
 .init          0x02000230        0xc /home/markholland/devkitPro/devkitARM/bin/../lib/gcc/arm-none-eabi/4.9.2/crti.o
                0x02000230                _init
 .init          0x0200023c        0xc /home/markholland/devkitPro/devkitARM/bin/../lib/gcc/arm-none-eabi/4.9.2/crtn.o
                0x02000248                . = ALIGN (0x4)

.plt
 *(.plt)

.text           0x02000250     0x1a78
 *(EXCLUDE_FILE(*.itcm*) .text)
 .text          0x02000250        0x0 /home/markholland/devkitPro/devkitARM/bin/../lib/gcc/arm-none-eabi/4.9.2/../../../../arm-none-eabi/lib/ds_arm9_crt0.o
 .text          0x02000250        0x0 /home/markholland/devkitPro/devkitARM/bin/../lib/gcc/arm-none-eabi/4.9.2/crti.o
 .text          0x02000250      0x108 /home/markholland/devkitPro/devkitARM/bin/../lib/gcc/arm-none-eabi/4.9.2/crtbegin.o
 .text          0x02000358        0x0 main.o
 .text          0x02000358      0x19c /home/markholland/devkitPro/libnds/lib/libnds9.a(initSystem.o)
                0x02000358                initSystem
 .text          0x020004f4      0xcb8 /home/markholland/devkitPro/libnds/lib/libnds9.a(fifosystem.o)
                0x020007b8                fifoSetValue32Handler
                0x0200082c                fifoSendAddress
                0x02000858                fifoSendValue32
                0x02000894                fifoSendDatamsg
                0x02000908                fifoGetAddress
                0x02000974                fifoSetAddressHandler
                0x020009e8                fifoGetValue32
                0x020009fc                fifoGetDatamsg
                0x02000eb0                fifoSetDatamsgHandler
                0x02000f44                fifoCheckAddress
                0x02000f68                fifoCheckDatamsg
                0x02000f8c                fifoCheckDatamsgLength
                0x02000fbc                fifoCheckValue32
                0x02000fe0                fifoInit
 .text          0x020011ac      0x244 /home/markholland/devkitPro/libnds/lib/libnds9.a(interrupts.o)
                0x020011ac                irqDummy
                0x020011b0                irqSet
                0x0200121c                irqInit
                0x02001268                irqInitHandler
                0x02001298                irqEnable
                0x020012fc                irqDisable
                0x02001360                irqClear
 .text          0x020013f0       0x5c /home/markholland/devkitPro/libnds/lib/libnds9.a(libnds_exit.arm.o)
                0x020013f0                systemErrorExit
                0x020013f4                __libnds_exit
 .text          0x0200144c      0x1b4 /home/markholland/devkitPro/libnds/lib/libnds9.a(mpu_setup.o)
                0x0200144c                __libnds_mpu_setup
                0x0200158c                memCached
                0x020015a4                memUncached
 .text          0x02001600       0x70 /home/markholland/devkitPro/libnds/lib/libnds9.a(biosCalls.o)
                0x02001600                swiDelay
                0x02001604                swiIntrWait
                0x02001608                swiWaitForVBlank
                0x0200160c                swiSleep
                0x02001610                swiChangeSoundBias
                0x02001614                swiDivide
                0x02001618                swiRemainder
                0x0200161e                swiDivMod
                0x0200162a                swiCopy
                0x0200162e                swiFastCopy
                0x02001632                swiSqrt
                0x02001636                swiCRC16
                0x0200163a                swiIsDebugger
                0x0200163e                swiUnpackBits
                0x02001642                swiDecompressLZSSWram
                0x02001646                swiDecompressLZSSVramNTR
                0x0200164a                swiDecompressLZSSVramTWL
                0x0200164e                swiDecompressHuffman
                0x02001652                swiDecompressRLEWram
                0x02001656                swiDecompressRLEVram
                0x0200165a                swiWaitForIRQ
                0x0200165e                swiDecodeDelta8
                0x02001662                swiDecodeDelta16
                0x02001666                swiSetHaltCR
 .text          0x02001670        0x0 /home/markholland/devkitPro/libnds/lib/libnds9.a(interruptDispatcher.o)
 .text          0x02001670       0x30 /home/markholland/devkitPro/libnds/lib/libnds9.a(swiSoftReset.o)
                0x02001670                swiSoftReset
 .text          0x020016a0      0x140 /home/markholland/devkitPro/libnds/lib/libnds9.a(system.o)
                0x020016a0                setSDcallback
                0x020016ac                systemValueHandler
                0x020016f4                systemMsgHandler
                0x02001744                systemSleep
                0x0200175c                powerOn
                0x02001788                powerOff
                0x020017b0                ledBlink
                0x020017c0                getBatteryLevel
 .text          0x020017e0      0x1f8 /home/markholland/devkitPro/libnds/lib/libnds9.a(video.o)
                0x020017e0                vramSetPrimaryBanks
                0x02001824                vramSetMainBanks
                0x02001868                vramSetBanks_EFG
                0x020018a0                vramRestorePrimaryBanks
                0x020018ac                vramRestoreMainBanks
                0x020018b8                vramRestoreBanks_EFG
                0x020018c4                setBrightness
                0x02001904                vramDefault
 .text          0x020019d8       0x80 /home/markholland/devkitPro/devkitARM/bin/../lib/gcc/arm-none-eabi/4.9.2/../../../../arm-none-eabi/lib/libg.a(lib_a-init.o)
                0x020019d8                __libc_init_array
 .text          0x02001a58       0xf0 /home/markholland/devkitPro/devkitARM/bin/../lib/gcc/arm-none-eabi/4.9.2/../../../../arm-none-eabi/lib/libg.a(lib_a-memcpy-stub.o)
                0x02001a58                memcpy
 .text          0x02001b48       0x68 /home/markholland/devkitPro/devkitARM/bin/../lib/gcc/arm-none-eabi/4.9.2/../../../../arm-none-eabi/lib/libsysbase.a(times.o)
                0x02001b48                _times
                0x02001b64                _times_r
                0x02001b6c                _gettimeofday_r
 .text          0x02001bb0        0x0 /home/markholland/devkitPro/devkitARM/bin/../lib/gcc/arm-none-eabi/4.9.2/../../../../arm-none-eabi/lib/libsysbase.a(malloc_vars.o)
 .text          0x02001bb0       0x80 /home/markholland/devkitPro/devkitARM/bin/../lib/gcc/arm-none-eabi/4.9.2/../../../../arm-none-eabi/lib/libsysbase.a(build_argv.o)
                0x02001bb0                build_argv
 .text          0x02001c30        0x0 /home/markholland/devkitPro/devkitARM/bin/../lib/gcc/arm-none-eabi/4.9.2/../../../../arm-none-eabi/lib/libsysbase.a(syscall_support.o)
 .text          0x02001c30       0x10 /home/markholland/devkitPro/devkitARM/bin/../lib/gcc/arm-none-eabi/4.9.2/../../../../arm-none-eabi/lib/libg.a(lib_a-errno.o)
                0x02001c30                __errno
 .text          0x02001c40        0x0 /home/markholland/devkitPro/devkitARM/bin/../lib/gcc/arm-none-eabi/4.9.2/../../../../arm-none-eabi/lib/libg.a(lib_a-impure.o)
 .text          0x02001c40        0x0 /home/markholland/devkitPro/devkitARM/bin/../lib/gcc/arm-none-eabi/4.9.2/crtend.o
 .text          0x02001c40        0x0 /home/markholland/devkitPro/devkitARM/bin/../lib/gcc/arm-none-eabi/4.9.2/crtn.o
 *(.text.*)
 .text.startup  0x02001c40       0x30 main.o
                0x02001c40                main
 .text.startup.__stub
                0x02001c70       0x48 linker stubs
 *(.stub)
 *(.gnu.warning)
 *(.gnu.linkonce.t*)
 *(.glue_7)
 .glue_7        0x00000000        0x0 linker stubs
 *(.glue_7t)
 .glue_7t       0x00000000        0x0 linker stubs
                0x02001cb8                . = ALIGN (0x4)

.vfp11_veneer   0x02001cc8        0x0
 .vfp11_veneer  0x00000000        0x0 linker stubs

.v4_bx          0x02001cc8        0x0
 .v4_bx         0x00000000        0x0 linker stubs

.iplt           0x02001cc8        0x0
 .iplt          0x00000000        0x0 /home/markholland/devkitPro/devkitARM/bin/../lib/gcc/arm-none-eabi/4.9.2/../../../../arm-none-eabi/lib/ds_arm9_crt0.o

.fini           0x02001cc8       0x18
 *(.fini)
 .fini          0x02001cc8        0xc /home/markholland/devkitPro/devkitARM/bin/../lib/gcc/arm-none-eabi/4.9.2/crti.o
                0x02001cc8                _fini
 .fini          0x02001cd4        0xc /home/markholland/devkitPro/devkitARM/bin/../lib/gcc/arm-none-eabi/4.9.2/crtn.o
                0x02001ce0                __text_end = .

.rodata         0x02001ce0        0x8
 *(.rodata)
 .rodata        0x02001ce0        0x4 /home/markholland/devkitPro/devkitARM/bin/../lib/gcc/arm-none-eabi/4.9.2/../../../../arm-none-eabi/lib/libg.a(lib_a-impure.o)
                0x02001ce0                _global_impure_ptr
 *all.rodata*(*)
 *(.roda)
 *(.rodata.*)
 .rodata.str1.4
                0x02001ce4        0x4 /home/markholland/devkitPro/devkitARM/bin/../lib/gcc/arm-none-eabi/4.9.2/../../../../arm-none-eabi/lib/libg.a(lib_a-impure.o)
 *(.gnu.linkonce.r*)
                0x02001ce8                . = ALIGN (0x4)

.rel.dyn        0x02001ce8        0x0
 .rel.iplt      0x00000000        0x0 /home/markholland/devkitPro/devkitARM/bin/../lib/gcc/arm-none-eabi/4.9.2/../../../../arm-none-eabi/lib/ds_arm9_crt0.o

.ARM.extab
 *(.ARM.extab* .gnu.linkonce.armextab.*)
                0x02001ce8                __exidx_start = .

ARM.exidx
 *(.ARM.exidx* .gnu.linkonce.armexidx.*)
                0x02001ce8                __exidx_end = .
                0x02001ce8                . = ALIGN (0x4)
                0x02001ce8                PROVIDE (__preinit_array_start, .)

.preinit_array
 *(.preinit_array)
                0x02001ce8                PROVIDE (__preinit_array_end, .)
                0x02001ce8                PROVIDE (__init_array_start, .)

.init_array     0x02001ce8        0x4
 *(SORT(.init_array.*))
 *(.init_array)
 .init_array    0x02001ce8        0x4 /home/markholland/devkitPro/devkitARM/bin/../lib/gcc/arm-none-eabi/4.9.2/crtbegin.o
                0x02001cec                PROVIDE (__init_array_end, .)
                0x02001cec                PROVIDE (__fini_array_start, .)

.fini_array     0x02001cec        0x4
 *(.fini_array)
 .fini_array    0x02001cec        0x4 /home/markholland/devkitPro/devkitARM/bin/../lib/gcc/arm-none-eabi/4.9.2/crtbegin.o
 *(SORT(.fini_array.*))
                0x02001cf0                PROVIDE (__fini_array_end, .)

.ctors          0x02001cf0        0x0
 *crtbegin.o(.ctors)
 *(EXCLUDE_FILE(*crtend.o) .ctors)
 *(SORT(.ctors.*))
 *(.ctors)
                0x02001cf0                . = ALIGN (0x4)

.dtors          0x02001cf0        0x0
 *crtbegin.o(.dtors)
 *(EXCLUDE_FILE(*crtend.o) .dtors)
 *(SORT(.dtors.*))
 *(.dtors)
                0x02001cf0                . = ALIGN (0x4)

.eh_frame       0x02001cf0        0x4
 *(.eh_frame)
 .eh_frame      0x02001cf0        0x0 /home/markholland/devkitPro/devkitARM/bin/../lib/gcc/arm-none-eabi/4.9.2/crtbegin.o
 .eh_frame      0x02001cf0        0x4 /home/markholland/devkitPro/devkitARM/bin/../lib/gcc/arm-none-eabi/4.9.2/crtend.o
                0x02001cf4                . = ALIGN (0x4)

.gcc_except_table
                0x02001cf4        0x0
 *(.gcc_except_table)
                0x02001cf4                . = ALIGN (0x4)

.jcr            0x02001cf4        0x4
 *(.jcr)
 .jcr           0x02001cf4        0x0 /home/markholland/devkitPro/devkitARM/bin/../lib/gcc/arm-none-eabi/4.9.2/crtbegin.o
 .jcr           0x02001cf4        0x4 /home/markholland/devkitPro/devkitARM/bin/../lib/gcc/arm-none-eabi/4.9.2/crtend.o

.got
 *(.got.plt)
 *(.got)
 *(.rel.got)

.ewram          0x02001cf8        0x0
                0x02001cf8                __ewram_start = ABSOLUTE (.)
 *(.ewram)
 *ewram.*(.text)
                0x02001cf8                . = ALIGN (0x4)

.data           0x02001cf8      0x448
                0x02001cf8                __data_start = ABSOLUTE (.)
 *(.data)
 .data          0x02001cf8        0x0 /home/markholland/devkitPro/devkitARM/bin/../lib/gcc/arm-none-eabi/4.9.2/../../../../arm-none-eabi/lib/ds_arm9_crt0.o
 .data          0x02001cf8        0x0 /home/markholland/devkitPro/devkitARM/bin/../lib/gcc/arm-none-eabi/4.9.2/crti.o
 .data          0x02001cf8        0x4 /home/markholland/devkitPro/devkitARM/bin/../lib/gcc/arm-none-eabi/4.9.2/crtbegin.o
                0x02001cf8                __dso_handle
 .data          0x02001cfc        0x0 main.o
 .data          0x02001cfc        0x0 /home/markholland/devkitPro/libnds/lib/libnds9.a(initSystem.o)
 .data          0x02001cfc       0x10 /home/markholland/devkitPro/libnds/lib/libnds9.a(fifosystem.o)
                0x02001cfc                fifo_buffer_free
                0x02001d00                fifo_freewords
                0x02001d04                fifo_send_queue
                0x02001d08                fifo_receive_queue
 .data          0x02001d0c        0x0 /home/markholland/devkitPro/libnds/lib/libnds9.a(interrupts.o)
 .data          0x02001d0c        0x0 /home/markholland/devkitPro/libnds/lib/libnds9.a(libnds_exit.arm.o)
 .data          0x02001d0c        0x0 /home/markholland/devkitPro/libnds/lib/libnds9.a(mpu_setup.o)
 .data          0x02001d0c        0x0 /home/markholland/devkitPro/libnds/lib/libnds9.a(biosCalls.o)
 .data          0x02001d0c        0x0 /home/markholland/devkitPro/libnds/lib/libnds9.a(interruptDispatcher.o)
 .data          0x02001d0c        0x0 /home/markholland/devkitPro/libnds/lib/libnds9.a(swiSoftReset.o)
 .data          0x02001d0c        0x0 /home/markholland/devkitPro/libnds/lib/libnds9.a(system.o)
 .data          0x02001d0c        0x0 /home/markholland/devkitPro/libnds/lib/libnds9.a(video.o)
 .data          0x02001d0c        0x0 /home/markholland/devkitPro/devkitARM/bin/../lib/gcc/arm-none-eabi/4.9.2/../../../../arm-none-eabi/lib/libg.a(lib_a-init.o)
 .data          0x02001d0c        0x0 /home/markholland/devkitPro/devkitARM/bin/../lib/gcc/arm-none-eabi/4.9.2/../../../../arm-none-eabi/lib/libg.a(lib_a-memcpy-stub.o)
 .data          0x02001d0c        0x0 /home/markholland/devkitPro/devkitARM/bin/../lib/gcc/arm-none-eabi/4.9.2/../../../../arm-none-eabi/lib/libsysbase.a(times.o)
 .data          0x02001d0c        0x0 /home/markholland/devkitPro/devkitARM/bin/../lib/gcc/arm-none-eabi/4.9.2/../../../../arm-none-eabi/lib/libsysbase.a(malloc_vars.o)
 .data          0x02001d0c        0x0 /home/markholland/devkitPro/devkitARM/bin/../lib/gcc/arm-none-eabi/4.9.2/../../../../arm-none-eabi/lib/libsysbase.a(build_argv.o)
 .data          0x02001d0c        0x0 /home/markholland/devkitPro/devkitARM/bin/../lib/gcc/arm-none-eabi/4.9.2/../../../../arm-none-eabi/lib/libsysbase.a(syscall_support.o)
 .data          0x02001d0c        0x0 /home/markholland/devkitPro/devkitARM/bin/../lib/gcc/arm-none-eabi/4.9.2/../../../../arm-none-eabi/lib/libg.a(lib_a-errno.o)
 *fill*         0x02001d0c        0x4 ff
 .data          0x02001d10      0x430 /home/markholland/devkitPro/devkitARM/bin/../lib/gcc/arm-none-eabi/4.9.2/../../../../arm-none-eabi/lib/libg.a(lib_a-impure.o)
                0x02001d10                _impure_ptr
 .data          0x02002140        0x0 /home/markholland/devkitPro/devkitARM/bin/../lib/gcc/arm-none-eabi/4.9.2/crtend.o
 .data          0x02002140        0x0 /home/markholland/devkitPro/devkitARM/bin/../lib/gcc/arm-none-eabi/4.9.2/crtn.o
 *(.data.*)
 *(.gnu.linkonce.d*)
                0x02002140                . = ALIGN (0x4)
                0x02002140                __data_end = ABSOLUTE (.)
                0x02002140                __dtcm_lma = .
                0x02002140                __bss_vma = .

.igot.plt       0x02002140        0x0
 .igot.plt      0x00000000        0x0 /home/markholland/devkitPro/devkitARM/bin/../lib/gcc/arm-none-eabi/4.9.2/../../../../arm-none-eabi/lib/ds_arm9_crt0.o

.tm_clone_table
                0x02002140        0x0
 .tm_clone_table
                0x02002140        0x0 /home/markholland/devkitPro/devkitARM/bin/../lib/gcc/arm-none-eabi/4.9.2/crtbegin.o
 .tm_clone_table
                0x02002140        0x0 /home/markholland/devkitPro/devkitARM/bin/../lib/gcc/arm-none-eabi/4.9.2/crtend.o

.dtcm           0x0b000000        0x0 load address 0x02002140
 *(.dtcm)
 *(.dtcm.*)
                0x0b000000                . = ALIGN (0x4)
                0x0b000000                __dtcm_end = ABSOLUTE (.)
                0x02002140                __itcm_lma = (__dtcm_lma + SIZEOF (.dtcm))

.itcm           0x01000100      0x194 load address 0x02002140
 *(.itcm)
 .itcm          0x01000100       0xc8 /home/markholland/devkitPro/libnds/lib/libnds9.a(interrupts.o)
                0x01000100                irqTable
 .itcm          0x010001c8       0xcc /home/markholland/devkitPro/libnds/lib/libnds9.a(interruptDispatcher.o)
                0x010001c8                IntrMain
 *itcm.*(.text)
                0x01000294                . = ALIGN (0x4)
                0x01000294                __itcm_end = ABSOLUTE (.)
                0x020022d4                __vectors_lma = (__itcm_lma + SIZEOF (.itcm))

.vectors        0x01000000        0x0 load address 0x020022d4
 *(.vectors)
 *vectors.*(.text)
                0x01000000                . = ALIGN (0x4)
                0x01000000                __vectors_end = ABSOLUTE (.)

.sbss           0x0b000000        0x0
                0x0b000000                __sbss_start = ABSOLUTE (.)
                0x0b000000                __sbss_start__ = ABSOLUTE (.)
 *(.sbss)
                0x0b000000                . = ALIGN (0x4)
                0x0b000000                __sbss_end = ABSOLUTE (.)

.bss            0x02002140      0xa80
                0x02002140                __bss_start = ABSOLUTE (.)
                0x02002140                __bss_start__ = ABSOLUTE (.)
 *(.dynbss)
 *(.gnu.linkonce.b*)
 *(.bss*)
 .bss           0x02002140        0x0 /home/markholland/devkitPro/devkitARM/bin/../lib/gcc/arm-none-eabi/4.9.2/../../../../arm-none-eabi/lib/ds_arm9_crt0.o
 .bss           0x02002140        0x0 /home/markholland/devkitPro/devkitARM/bin/../lib/gcc/arm-none-eabi/4.9.2/crti.o
 .bss           0x02002140       0x1c /home/markholland/devkitPro/devkitARM/bin/../lib/gcc/arm-none-eabi/4.9.2/crtbegin.o
 .bss           0x0200215c        0x0 main.o
 .bss           0x0200215c        0x0 /home/markholland/devkitPro/libnds/lib/libnds9.a(initSystem.o)
 .bss           0x0200215c        0x8 /home/markholland/devkitPro/libnds/lib/libnds9.a(fifosystem.o)
                0x02002160                processing
 .bss           0x02002164        0x0 /home/markholland/devkitPro/libnds/lib/libnds9.a(interrupts.o)
 .bss           0x02002164        0x0 /home/markholland/devkitPro/libnds/lib/libnds9.a(libnds_exit.arm.o)
 .bss           0x02002164        0x0 /home/markholland/devkitPro/libnds/lib/libnds9.a(mpu_setup.o)
 .bss           0x02002164        0x0 /home/markholland/devkitPro/libnds/lib/libnds9.a(biosCalls.o)
 .bss           0x02002164        0x0 /home/markholland/devkitPro/libnds/lib/libnds9.a(interruptDispatcher.o)
 .bss           0x02002164        0x0 /home/markholland/devkitPro/libnds/lib/libnds9.a(swiSoftReset.o)
 .bss           0x02002164        0x4 /home/markholland/devkitPro/libnds/lib/libnds9.a(system.o)
 .bss           0x02002168        0x0 /home/markholland/devkitPro/libnds/lib/libnds9.a(video.o)
 .bss           0x02002168        0x0 /home/markholland/devkitPro/devkitARM/bin/../lib/gcc/arm-none-eabi/4.9.2/../../../../arm-none-eabi/lib/libg.a(lib_a-init.o)
 .bss           0x02002168        0x0 /home/markholland/devkitPro/devkitARM/bin/../lib/gcc/arm-none-eabi/4.9.2/../../../../arm-none-eabi/lib/libg.a(lib_a-memcpy-stub.o)
 .bss           0x02002168        0x0 /home/markholland/devkitPro/devkitARM/bin/../lib/gcc/arm-none-eabi/4.9.2/../../../../arm-none-eabi/lib/libsysbase.a(times.o)
 .bss           0x02002168        0x8 /home/markholland/devkitPro/devkitARM/bin/../lib/gcc/arm-none-eabi/4.9.2/../../../../arm-none-eabi/lib/libsysbase.a(malloc_vars.o)
                0x02002168                fake_heap_start
                0x0200216c                fake_heap_end
 .bss           0x02002170        0x0 /home/markholland/devkitPro/devkitARM/bin/../lib/gcc/arm-none-eabi/4.9.2/../../../../arm-none-eabi/lib/libsysbase.a(build_argv.o)
 .bss           0x02002170        0x8 /home/markholland/devkitPro/devkitARM/bin/../lib/gcc/arm-none-eabi/4.9.2/../../../../arm-none-eabi/lib/libsysbase.a(syscall_support.o)
                0x02002170                __syscalls
 .bss           0x02002178        0x0 /home/markholland/devkitPro/devkitARM/bin/../lib/gcc/arm-none-eabi/4.9.2/../../../../arm-none-eabi/lib/libg.a(lib_a-errno.o)
 .bss           0x02002178        0x0 /home/markholland/devkitPro/devkitARM/bin/../lib/gcc/arm-none-eabi/4.9.2/../../../../arm-none-eabi/lib/libg.a(lib_a-impure.o)
 .bss           0x02002178        0x0 /home/markholland/devkitPro/devkitARM/bin/../lib/gcc/arm-none-eabi/4.9.2/crtend.o
 .bss           0x02002178        0x0 /home/markholland/devkitPro/devkitARM/bin/../lib/gcc/arm-none-eabi/4.9.2/crtn.o
 *(COMMON)
 COMMON         0x02002178        0x1 /home/markholland/devkitPro/libnds/lib/libnds9.a(initSystem.o)
                0x02002178                __dsimode
 *fill*         0x02002179        0x3 
 COMMON         0x0200217c      0xa40 /home/markholland/devkitPro/libnds/lib/libnds9.a(fifosystem.o)
                0x0200217c                fifo_datamsg_data
                0x020021bc                fifo_buffer
                0x020029bc                fifo_value32_func
                0x020029fc                fifo_address_func
                0x02002a3c                fifo_value32_data
                0x02002a7c                fifo_value32_queue
                0x02002abc                fifo_data_queue
                0x02002afc                fifo_address_data
                0x02002b3c                fifo_datamsg_func
                0x02002b7c                fifo_address_queue
 COMMON         0x02002bbc        0x4 /home/markholland/devkitPro/devkitARM/bin/../lib/gcc/arm-none-eabi/4.9.2/../../../../arm-none-eabi/lib/libsysbase.a(times.o)
                0x02002bbc                punixTime
                0x02002bc0                . = ALIGN (0x4)
                0x02002bc0                __bss_end__ = ABSOLUTE (.)
                0x02002bc0                __end__ = ABSOLUTE (.)

.stab
 *(.stab)

.stabstr
 *(.stabstr)

.stab.excl
 *(.stab.excl)

.stab.exclstr
 *(.stab.exclstr)

.stab.index
 *(.stab.index)

.stab.indexstr
 *(.stab.indexstr)

.comment        0x00000000       0x44
 *(.comment)
 .comment       0x00000000       0x22 /home/markholland/devkitPro/devkitARM/bin/../lib/gcc/arm-none-eabi/4.9.2/crtbegin.o
                                 0x23 (size before relaxing)
 .comment       0x00000000       0x23 main.o
 .comment       0x00000022       0x22 /home/markholland/devkitPro/libnds/lib/libnds9.a(initSystem.o)
                                 0x23 (size before relaxing)
 .comment       0x00000000       0x23 /home/markholland/devkitPro/libnds/lib/libnds9.a(fifosystem.o)
 .comment       0x00000000       0x23 /home/markholland/devkitPro/libnds/lib/libnds9.a(interrupts.o)
 .comment       0x00000000       0x23 /home/markholland/devkitPro/libnds/lib/libnds9.a(libnds_exit.arm.o)
 .comment       0x00000000       0x23 /home/markholland/devkitPro/libnds/lib/libnds9.a(system.o)
 .comment       0x00000000       0x23 /home/markholland/devkitPro/libnds/lib/libnds9.a(video.o)
 .comment       0x00000000       0x23 /home/markholland/devkitPro/devkitARM/bin/../lib/gcc/arm-none-eabi/4.9.2/../../../../arm-none-eabi/lib/libg.a(lib_a-init.o)
 .comment       0x00000000       0x23 /home/markholland/devkitPro/devkitARM/bin/../lib/gcc/arm-none-eabi/4.9.2/../../../../arm-none-eabi/lib/libg.a(lib_a-memcpy-stub.o)
 .comment       0x00000000       0x23 /home/markholland/devkitPro/devkitARM/bin/../lib/gcc/arm-none-eabi/4.9.2/../../../../arm-none-eabi/lib/libsysbase.a(times.o)
 .comment       0x00000000       0x23 /home/markholland/devkitPro/devkitARM/bin/../lib/gcc/arm-none-eabi/4.9.2/../../../../arm-none-eabi/lib/libsysbase.a(malloc_vars.o)
 .comment       0x00000000       0x23 /home/markholland/devkitPro/devkitARM/bin/../lib/gcc/arm-none-eabi/4.9.2/../../../../arm-none-eabi/lib/libsysbase.a(build_argv.o)
 .comment       0x00000000       0x23 /home/markholland/devkitPro/devkitARM/bin/../lib/gcc/arm-none-eabi/4.9.2/../../../../arm-none-eabi/lib/libsysbase.a(syscall_support.o)
 .comment       0x00000000       0x23 /home/markholland/devkitPro/devkitARM/bin/../lib/gcc/arm-none-eabi/4.9.2/../../../../arm-none-eabi/lib/libg.a(lib_a-errno.o)
 .comment       0x00000000       0x23 /home/markholland/devkitPro/devkitARM/bin/../lib/gcc/arm-none-eabi/4.9.2/../../../../arm-none-eabi/lib/libg.a(lib_a-impure.o)
 .comment       0x00000000       0x23 /home/markholland/devkitPro/devkitARM/bin/../lib/gcc/arm-none-eabi/4.9.2/crtend.o

.ARM.attributes
                0x00000000       0x2d
 .ARM.attributes
                0x00000000       0x21 /home/markholland/devkitPro/devkitARM/bin/../lib/gcc/arm-none-eabi/4.9.2/../../../../arm-none-eabi/lib/ds_arm9_crt0.o
 .ARM.attributes
                0x00000021       0x16 /home/markholland/devkitPro/devkitARM/bin/../lib/gcc/arm-none-eabi/4.9.2/crti.o
 .ARM.attributes
                0x00000037       0x30 /home/markholland/devkitPro/devkitARM/bin/../lib/gcc/arm-none-eabi/4.9.2/crtbegin.o
 .ARM.attributes
                0x00000067       0x2b main.o
 .ARM.attributes
                0x00000092       0x27 /home/markholland/devkitPro/libnds/lib/libnds9.a(initSystem.o)
 .ARM.attributes
                0x000000b9       0x27 /home/markholland/devkitPro/libnds/lib/libnds9.a(fifosystem.o)
 .ARM.attributes
                0x000000e0       0x27 /home/markholland/devkitPro/libnds/lib/libnds9.a(interrupts.o)
 .ARM.attributes
                0x00000107       0x27 /home/markholland/devkitPro/libnds/lib/libnds9.a(libnds_exit.arm.o)
 .ARM.attributes
                0x0000012e       0x21 /home/markholland/devkitPro/libnds/lib/libnds9.a(mpu_setup.o)
 .ARM.attributes
                0x0000014f       0x1b /home/markholland/devkitPro/libnds/lib/libnds9.a(biosCalls.o)
 .ARM.attributes
                0x0000016a       0x1b /home/markholland/devkitPro/libnds/lib/libnds9.a(interruptDispatcher.o)
 .ARM.attributes
                0x00000185       0x21 /home/markholland/devkitPro/libnds/lib/libnds9.a(swiSoftReset.o)
 .ARM.attributes
                0x000001a6       0x27 /home/markholland/devkitPro/libnds/lib/libnds9.a(system.o)
 .ARM.attributes
                0x000001cd       0x27 /home/markholland/devkitPro/libnds/lib/libnds9.a(video.o)
 .ARM.attributes
                0x000001f4       0x30 /home/markholland/devkitPro/devkitARM/bin/../lib/gcc/arm-none-eabi/4.9.2/../../../../arm-none-eabi/lib/libg.a(lib_a-init.o)
 .ARM.attributes
                0x00000224       0x30 /home/markholland/devkitPro/devkitARM/bin/../lib/gcc/arm-none-eabi/4.9.2/../../../../arm-none-eabi/lib/libg.a(lib_a-memcpy-stub.o)
 .ARM.attributes
                0x00000254       0x30 /home/markholland/devkitPro/devkitARM/bin/../lib/gcc/arm-none-eabi/4.9.2/../../../../arm-none-eabi/lib/libsysbase.a(times.o)
 .ARM.attributes
                0x00000284       0x30 /home/markholland/devkitPro/devkitARM/bin/../lib/gcc/arm-none-eabi/4.9.2/../../../../arm-none-eabi/lib/libsysbase.a(malloc_vars.o)
 .ARM.attributes
                0x000002b4       0x30 /home/markholland/devkitPro/devkitARM/bin/../lib/gcc/arm-none-eabi/4.9.2/../../../../arm-none-eabi/lib/libsysbase.a(build_argv.o)
 .ARM.attributes
                0x000002e4       0x30 /home/markholland/devkitPro/devkitARM/bin/../lib/gcc/arm-none-eabi/4.9.2/../../../../arm-none-eabi/lib/libsysbase.a(syscall_support.o)
 .ARM.attributes
                0x00000314       0x30 /home/markholland/devkitPro/devkitARM/bin/../lib/gcc/arm-none-eabi/4.9.2/../../../../arm-none-eabi/lib/libg.a(lib_a-errno.o)
 .ARM.attributes
                0x00000344       0x30 /home/markholland/devkitPro/devkitARM/bin/../lib/gcc/arm-none-eabi/4.9.2/../../../../arm-none-eabi/lib/libg.a(lib_a-impure.o)
 .ARM.attributes
                0x00000374       0x30 /home/markholland/devkitPro/devkitARM/bin/../lib/gcc/arm-none-eabi/4.9.2/crtend.o
 .ARM.attributes
                0x000003a4       0x18 /home/markholland/devkitPro/devkitARM/bin/../lib/gcc/arm-none-eabi/4.9.2/crtn.o

.debug
 *(.debug)

.line
 *(.line)

.debug_srcinfo
 *(.debug_srcinfo)

.debug_sfnames
 *(.debug_sfnames)

.debug_aranges  0x00000000      0x160
 *(.debug_aranges)
 .debug_aranges
                0x00000000       0x20 main.o
 .debug_aranges
                0x00000020       0x20 /home/markholland/devkitPro/libnds/lib/libnds9.a(initSystem.o)
 .debug_aranges
                0x00000040       0x20 /home/markholland/devkitPro/libnds/lib/libnds9.a(fifosystem.o)
 .debug_aranges
                0x00000060       0x20 /home/markholland/devkitPro/libnds/lib/libnds9.a(interrupts.o)
 .debug_aranges
                0x00000080       0x20 /home/markholland/devkitPro/libnds/lib/libnds9.a(libnds_exit.arm.o)
 .debug_aranges
                0x000000a0       0x20 /home/markholland/devkitPro/libnds/lib/libnds9.a(mpu_setup.o)
 .debug_aranges
                0x000000c0       0x20 /home/markholland/devkitPro/libnds/lib/libnds9.a(biosCalls.o)
 .debug_aranges
                0x000000e0       0x20 /home/markholland/devkitPro/libnds/lib/libnds9.a(interruptDispatcher.o)
 .debug_aranges
                0x00000100       0x20 /home/markholland/devkitPro/libnds/lib/libnds9.a(swiSoftReset.o)
 .debug_aranges
                0x00000120       0x20 /home/markholland/devkitPro/libnds/lib/libnds9.a(system.o)
 .debug_aranges
                0x00000140       0x20 /home/markholland/devkitPro/libnds/lib/libnds9.a(video.o)

.debug_pubnames
 *(.debug_pubnames)

.debug_info     0x00000000     0x4dfd
 *(.debug_info)
 .debug_info    0x00000000      0xc44 main.o
 .debug_info    0x00000c44      0xf4e /home/markholland/devkitPro/libnds/lib/libnds9.a(initSystem.o)
 .debug_info    0x00001b92     0x1597 /home/markholland/devkitPro/libnds/lib/libnds9.a(fifosystem.o)
 .debug_info    0x00003129      0x612 /home/markholland/devkitPro/libnds/lib/libnds9.a(interrupts.o)
 .debug_info    0x0000373b      0x327 /home/markholland/devkitPro/libnds/lib/libnds9.a(libnds_exit.arm.o)
 .debug_info    0x00003a62       0xd0 /home/markholland/devkitPro/libnds/lib/libnds9.a(mpu_setup.o)
 .debug_info    0x00003b32       0xcb /home/markholland/devkitPro/libnds/lib/libnds9.a(biosCalls.o)
 .debug_info    0x00003bfd       0xd5 /home/markholland/devkitPro/libnds/lib/libnds9.a(interruptDispatcher.o)
 .debug_info    0x00003cd2       0xce /home/markholland/devkitPro/libnds/lib/libnds9.a(swiSoftReset.o)
 .debug_info    0x00003da0      0x92d /home/markholland/devkitPro/libnds/lib/libnds9.a(system.o)
 .debug_info    0x000046cd      0x730 /home/markholland/devkitPro/libnds/lib/libnds9.a(video.o)

.debug_abbrev   0x00000000     0x1200
 *(.debug_abbrev)
 .debug_abbrev  0x00000000      0x24d main.o
 .debug_abbrev  0x0000024d      0x2fa /home/markholland/devkitPro/libnds/lib/libnds9.a(initSystem.o)
 .debug_abbrev  0x00000547      0x464 /home/markholland/devkitPro/libnds/lib/libnds9.a(fifosystem.o)
 .debug_abbrev  0x000009ab      0x251 /home/markholland/devkitPro/libnds/lib/libnds9.a(interrupts.o)
 .debug_abbrev  0x00000bfc      0x175 /home/markholland/devkitPro/libnds/lib/libnds9.a(libnds_exit.arm.o)
 .debug_abbrev  0x00000d71       0x14 /home/markholland/devkitPro/libnds/lib/libnds9.a(mpu_setup.o)
 .debug_abbrev  0x00000d85       0x14 /home/markholland/devkitPro/libnds/lib/libnds9.a(biosCalls.o)
 .debug_abbrev  0x00000d99       0x14 /home/markholland/devkitPro/libnds/lib/libnds9.a(interruptDispatcher.o)
 .debug_abbrev  0x00000dad       0x14 /home/markholland/devkitPro/libnds/lib/libnds9.a(swiSoftReset.o)
 .debug_abbrev  0x00000dc1      0x268 /home/markholland/devkitPro/libnds/lib/libnds9.a(system.o)
 .debug_abbrev  0x00001029      0x1d7 /home/markholland/devkitPro/libnds/lib/libnds9.a(video.o)

.debug_line     0x00000000     0x1907
 *(.debug_line)
 .debug_line    0x00000000      0x1ee main.o
 .debug_line    0x000001ee      0x37d /home/markholland/devkitPro/libnds/lib/libnds9.a(initSystem.o)
 .debug_line    0x0000056b      0x6b1 /home/markholland/devkitPro/libnds/lib/libnds9.a(fifosystem.o)
 .debug_line    0x00000c1c      0x2b0 /home/markholland/devkitPro/libnds/lib/libnds9.a(interrupts.o)
 .debug_line    0x00000ecc      0x1ea /home/markholland/devkitPro/libnds/lib/libnds9.a(libnds_exit.arm.o)
 .debug_line    0x000010b6      0x107 /home/markholland/devkitPro/libnds/lib/libnds9.a(mpu_setup.o)
 .debug_line    0x000011bd       0xc9 /home/markholland/devkitPro/libnds/lib/libnds9.a(biosCalls.o)
 .debug_line    0x00001286       0xcd /home/markholland/devkitPro/libnds/lib/libnds9.a(interruptDispatcher.o)
 .debug_line    0x00001353       0x9d /home/markholland/devkitPro/libnds/lib/libnds9.a(swiSoftReset.o)
 .debug_line    0x000013f0      0x2a4 /home/markholland/devkitPro/libnds/lib/libnds9.a(system.o)
 .debug_line    0x00001694      0x273 /home/markholland/devkitPro/libnds/lib/libnds9.a(video.o)

.debug_frame    0x00000000      0x57c
 *(.debug_frame)
 .debug_frame   0x00000000       0x28 main.o
 .debug_frame   0x00000028       0x28 /home/markholland/devkitPro/libnds/lib/libnds9.a(initSystem.o)
 .debug_frame   0x00000050      0x2bc /home/markholland/devkitPro/libnds/lib/libnds9.a(fifosystem.o)
 .debug_frame   0x0000030c       0xb0 /home/markholland/devkitPro/libnds/lib/libnds9.a(interrupts.o)
 .debug_frame   0x000003bc       0x3c /home/markholland/devkitPro/libnds/lib/libnds9.a(libnds_exit.arm.o)
 .debug_frame   0x000003f8       0xc8 /home/markholland/devkitPro/libnds/lib/libnds9.a(system.o)
 .debug_frame   0x000004c0       0xbc /home/markholland/devkitPro/libnds/lib/libnds9.a(video.o)

.debug_str      0x00000000     0x2533
 *(.debug_str)
 .debug_str     0x00000000      0xac5 main.o
                                0xb4b (size before relaxing)
 .debug_str     0x00000ac5      0x76c /home/markholland/devkitPro/libnds/lib/libnds9.a(initSystem.o)
                                0xaa7 (size before relaxing)
 .debug_str     0x00001231      0x587 /home/markholland/devkitPro/libnds/lib/libnds9.a(fifosystem.o)
                                0x832 (size before relaxing)
 .debug_str     0x000017b8      0x114 /home/markholland/devkitPro/libnds/lib/libnds9.a(interrupts.o)
                                0x41b (size before relaxing)
 .debug_str     0x000018cc      0x1bc /home/markholland/devkitPro/libnds/lib/libnds9.a(libnds_exit.arm.o)
                                0x35f (size before relaxing)
 .debug_str     0x00001a88      0x2af /home/markholland/devkitPro/libnds/lib/libnds9.a(system.o)
                                0x68c (size before relaxing)
 .debug_str     0x00001d37      0x7fc /home/markholland/devkitPro/libnds/lib/libnds9.a(video.o)
                                0xbe1 (size before relaxing)

.debug_loc      0x00000000     0x16b8
 *(.debug_loc)
 .debug_loc     0x00000000       0x44 /home/markholland/devkitPro/libnds/lib/libnds9.a(initSystem.o)
 .debug_loc     0x00000044     0x1128 /home/markholland/devkitPro/libnds/lib/libnds9.a(fifosystem.o)
 .debug_loc     0x0000116c      0x110 /home/markholland/devkitPro/libnds/lib/libnds9.a(interrupts.o)
 .debug_loc     0x0000127c       0x58 /home/markholland/devkitPro/libnds/lib/libnds9.a(libnds_exit.arm.o)
 .debug_loc     0x000012d4      0x1c4 /home/markholland/devkitPro/libnds/lib/libnds9.a(system.o)
 .debug_loc     0x00001498      0x220 /home/markholland/devkitPro/libnds/lib/libnds9.a(video.o)

.debug_macinfo
 *(.debug_macinfo)

.debug_weaknames
 *(.debug_weaknames)

.debug_funcnames
 *(.debug_funcnames)

.debug_typenames
 *(.debug_typenames)

.debug_varnames
 *(.debug_varnames)

.stack          0x00080000        0x0
                0x00080000                _stack = .
 *(.stack)
LOAD /home/markholland/devkitPro/devkitARM/bin/../lib/gcc/arm-none-eabi/4.9.2/../../../../arm-none-eabi/lib/ds_arm9_crt0.o
LOAD /home/markholland/devkitPro/devkitARM/bin/../lib/gcc/arm-none-eabi/4.9.2/crti.o
LOAD /home/markholland/devkitPro/devkitARM/bin/../lib/gcc/arm-none-eabi/4.9.2/crtbegin.o
LOAD main.o
LOAD /home/markholland/devkitPro/libnds/lib/libnds9.a
START GROUP
LOAD /home/markholland/devkitPro/devkitARM/bin/../lib/gcc/arm-none-eabi/4.9.2/libgcc.a
LOAD /home/markholland/devkitPro/devkitARM/bin/../lib/gcc/arm-none-eabi/4.9.2/../../../../arm-none-eabi/lib/libg.a
LOAD /home/markholland/devkitPro/devkitARM/bin/../lib/gcc/arm-none-eabi/4.9.2/../../../../arm-none-eabi/lib/libc.a
LOAD /home/markholland/devkitPro/devkitARM/bin/../lib/gcc/arm-none-eabi/4.9.2/../../../../arm-none-eabi/lib/libsysbase.a
END GROUP
LOAD /home/markholland/devkitPro/devkitARM/bin/../lib/gcc/arm-none-eabi/4.9.2/crtend.o
LOAD /home/markholland/devkitPro/devkitARM/bin/../lib/gcc/arm-none-eabi/4.9.2/crtn.o
OUTPUT(/media/psf/Home/Documents/AEV/BouncingBall/arm9/arm9.elf elf32-littlearm)

.debug_ranges   0x00000000      0x488
 .debug_ranges  0x00000000       0x40 main.o
 .debug_ranges  0x00000040      0x340 /home/markholland/devkitPro/libnds/lib/libnds9.a(fifosystem.o)
 .debug_ranges  0x00000380       0xc0 /home/markholland/devkitPro/libnds/lib/libnds9.a(interrupts.o)
 .debug_ranges  0x00000440       0x48 /home/markholland/devkitPro/libnds/lib/libnds9.a(video.o)
