Archive member included because of file (symbol)

/home/markholland/devkitPro/libnds/lib/libnds9.a(console.o)
                              functions.o (consoleInit)
/home/markholland/devkitPro/libnds/lib/libnds9.a(keys.o)
                              functions.o (scanKeys)
/home/markholland/devkitPro/libnds/lib/libnds9.a(sound.o)
                              functions.o (soundEnable)
/home/markholland/devkitPro/libnds/lib/libnds9.a(initSystem.o)
                              /home/markholland/devkitPro/devkitARM/bin/../lib/gcc/arm-none-eabi/4.9.2/../../../../arm-none-eabi/lib/ds_arm9_crt0.o (initSystem)
/home/markholland/devkitPro/libnds/lib/libnds9.a(fifosystem.o)
                              /home/markholland/devkitPro/libnds/lib/libnds9.a(initSystem.o) (fifoSetValue32Handler)
/home/markholland/devkitPro/libnds/lib/libnds9.a(interrupts.o)
                              /home/markholland/devkitPro/libnds/lib/libnds9.a(fifosystem.o) (irqSet)
/home/markholland/devkitPro/libnds/lib/libnds9.a(libnds_exit.arm.o)
                              /home/markholland/devkitPro/devkitARM/bin/../lib/gcc/arm-none-eabi/4.9.2/../../../../arm-none-eabi/lib/ds_arm9_crt0.o (__libnds_exit)
/home/markholland/devkitPro/libnds/lib/libnds9.a(timers.o)
                              functions.o (timerStart)
/home/markholland/devkitPro/libnds/lib/libnds9.a(mpu_setup.o)
                              /home/markholland/devkitPro/devkitARM/bin/../lib/gcc/arm-none-eabi/4.9.2/../../../../arm-none-eabi/lib/ds_arm9_crt0.o (__libnds_mpu_setup)
/home/markholland/devkitPro/libnds/lib/libnds9.a(biosCalls.o)
                              /home/markholland/devkitPro/libnds/lib/libnds9.a(fifosystem.o) (swiIntrWait)
/home/markholland/devkitPro/libnds/lib/libnds9.a(debugprint.o)
                              /home/markholland/devkitPro/libnds/lib/libnds9.a(console.o) (nocashWrite)
/home/markholland/devkitPro/libnds/lib/libnds9.a(interruptDispatcher.o)
                              /home/markholland/devkitPro/libnds/lib/libnds9.a(interrupts.o) (IntrMain)
/home/markholland/devkitPro/libnds/lib/libnds9.a(swiSoftReset.o)
                              /home/markholland/devkitPro/libnds/lib/libnds9.a(fifosystem.o) (swiSoftReset)
/home/markholland/devkitPro/libnds/lib/libnds9.a(default_font.bin.o)
                              /home/markholland/devkitPro/libnds/lib/libnds9.a(console.o) (default_font_bin)
/home/markholland/devkitPro/libnds/lib/libnds9.a(background.o)
                              /home/markholland/devkitPro/libnds/lib/libnds9.a(console.o) (bgState)
/home/markholland/devkitPro/libnds/lib/libnds9.a(system.o)
                              /home/markholland/devkitPro/libnds/lib/libnds9.a(initSystem.o) (systemValueHandler)
/home/markholland/devkitPro/libnds/lib/libnds9.a(trig.o)
                              /home/markholland/devkitPro/libnds/lib/libnds9.a(background.o) (sinLerp)
/home/markholland/devkitPro/libnds/lib/libnds9.a(video.o)
                              /home/markholland/devkitPro/libnds/lib/libnds9.a(initSystem.o) (vramDefault)
/home/markholland/devkitPro/devkitARM/bin/../lib/gcc/arm-none-eabi/4.9.2/libgcc.a(_divsi3.o)
                              /home/markholland/devkitPro/libnds/lib/libnds9.a(console.o) (__aeabi_idivmod)
/home/markholland/devkitPro/devkitARM/bin/../lib/gcc/arm-none-eabi/4.9.2/libgcc.a(_dvmd_tls.o)
                              /home/markholland/devkitPro/devkitARM/bin/../lib/gcc/arm-none-eabi/4.9.2/libgcc.a(_divsi3.o) (__aeabi_idiv0)
/home/markholland/devkitPro/devkitARM/bin/../lib/gcc/arm-none-eabi/4.9.2/../../../../arm-none-eabi/lib/libg.a(lib_a-bsearch.o)
                              /home/markholland/devkitPro/libnds/lib/libnds9.a(trig.o) (bsearch)
/home/markholland/devkitPro/devkitARM/bin/../lib/gcc/arm-none-eabi/4.9.2/../../../../arm-none-eabi/lib/libg.a(lib_a-impure.o)
                              /home/markholland/devkitPro/libnds/lib/libnds9.a(console.o) (_impure_ptr)
/home/markholland/devkitPro/devkitARM/bin/../lib/gcc/arm-none-eabi/4.9.2/../../../../arm-none-eabi/lib/libg.a(lib_a-init.o)
                              /home/markholland/devkitPro/devkitARM/bin/../lib/gcc/arm-none-eabi/4.9.2/../../../../arm-none-eabi/lib/ds_arm9_crt0.o (__libc_init_array)
/home/markholland/devkitPro/devkitARM/bin/../lib/gcc/arm-none-eabi/4.9.2/../../../../arm-none-eabi/lib/libg.a(lib_a-iprintf.o)
                              functions.o (iprintf)
/home/markholland/devkitPro/devkitARM/bin/../lib/gcc/arm-none-eabi/4.9.2/../../../../arm-none-eabi/lib/libg.a(lib_a-memcpy-stub.o)
                              /home/markholland/devkitPro/libnds/lib/libnds9.a(console.o) (memcpy)
/home/markholland/devkitPro/devkitARM/bin/../lib/gcc/arm-none-eabi/4.9.2/../../../../arm-none-eabi/lib/libg.a(lib_a-setvbuf.o)
                              /home/markholland/devkitPro/libnds/lib/libnds9.a(console.o) (setvbuf)
[...]
Memory Configuration

Name             Origin             Length             Attributes
rom              0x08000000         0x02000000
ewram            0x02000000         0x003ff000
dtcm             0x0b000000         0x00004000
vectors          0x01000000         0x00000100
itcm             0x01000100         0x00007f00
*default*        0x00000000         0xffffffff

Linker script and memory map

                0x01000000                __vectors_start = ORIGIN (vectors)
                0x01000100                __itcm_start = ORIGIN (itcm)
                0x023ff000                __ewram_end = (ORIGIN (ewram) + 0x3ff000)
                0x023ff000                __eheap_end = (ORIGIN (ewram) + 0x3ff000)
                0x0b000000                __dtcm_start = ORIGIN (dtcm)
                0x0b004000                __dtcm_top = (ORIGIN (dtcm) + 0x4000)
                0x0b003ff8                __irq_flags = (__dtcm_top - 0x8)
                0x0b003ffc                __irq_vector = (__dtcm_top - 0x4)
                0x0b003f00                __sp_svc = (__dtcm_top - 0x100)
                0x0b003e00                __sp_irq = (__sp_svc - 0x100)
                0x0b003d00                __sp_usr = (__sp_irq - 0x100)

.init           0x02000000      0x248
                0x02000000                __text_start = .
 *(.init)
 .init          0x02000000      0x230 /home/markholland/devkitPro/devkitARM/bin/../lib/gcc/arm-none-eabi/4.9.2/../../../../arm-none-eabi/lib/ds_arm9_crt0.o
                0x02000000                _start
 .init          0x02000230        0xc /home/markholland/devkitPro/devkitARM/bin/../lib/gcc/arm-none-eabi/4.9.2/crti.o
                0x02000230                _init
 .init          0x0200023c        0xc /home/markholland/devkitPro/devkitARM/bin/../lib/gcc/arm-none-eabi/4.9.2/crtn.o
                0x02000248                . = ALIGN (0x4)

.plt
 *(.plt)

.text           0x02000250    0x14368
 *(EXCLUDE_FILE(*.itcm*) .text)
 .text          0x02000250        0x0 /home/markholland/devkitPro/devkitARM/bin/../lib/gcc/arm-none-eabi/4.9.2/../../../../arm-none-eabi/lib/ds_arm9_crt0.o
 .text          0x02000250        0x0 /home/markholland/devkitPro/devkitARM/bin/../lib/gcc/arm-none-eabi/4.9.2/crti.o
 .text          0x02000250      0x108 /home/markholland/devkitPro/devkitARM/bin/../lib/gcc/arm-none-eabi/4.9.2/crtbegin.o
 .text          0x02000358      0x46c functions.o
                0x02000358                timerCallBack()
                0x02000494                topScreenAndConsole()
                0x020004d4                waitfor(int)
                0x02000698                playPSG()
                0x02000730                playNoise()
 .text          0x020007c4        0x0 main.o
 .text          0x020007c4        0x0 personalData.o
 .text          0x020007c4     0x116c /home/markholland/devkitPro/libnds/lib/libnds9.a(console.o)
                0x02000a30                nocash_write
                0x02000aa8                con_write
                0x02000fdc                consoleGetDefault
                0x02000fe8                consoleLoadFont
                0x02001350                consoleInit
                0x0200157c                consoleSelect
                0x0200158c                consoleSetFont
                0x020015ac                consoleDebugInit
                0x02001600                consoleDemoInit
                0x02001808                consolePrintChar
                0x02001900                consoleClear
                0x02001910                consoleSetWindow
 .text          0x02001930       0xf4 /home/markholland/devkitPro/libnds/lib/libnds9.a(keys.o)
                0x02001930                scanKeys
                0x0200199c                keysHeld
                0x020019a8                keysDown
                0x020019b8                keysDownRepeat
                0x020019c8                keysSetRepeat
                0x020019e0                keysUp
                0x020019f0                keysCurrent
 .text          0x02001a24      0x208 /home/markholland/devkitPro/libnds/lib/libnds9.a(sound.o)
                0x02001a24                micBufferHandler
                0x02001a58                soundEnable
                0x02001a68                soundDisable
                0x02001a78                soundPlayPSG
                0x02001aac                soundPlayNoise
                0x02001ae0                soundPlaySample
                0x02001b48                soundPause
                0x02001b5c                soundKill
                0x02001b70                soundResume
                0x02001b84                soundSetVolume
                0x02001b98                soundSetPan
                0x02001ba8                soundSetFreq
                0x02001bbc                soundSetWaveDuty
                0x02001bd0                soundMicRecord
                0x02001c1c                soundMicOff
 .text          0x02001c2c      0x19c /home/markholland/devkitPro/libnds/lib/libnds9.a(initSystem.o)
                0x02001c2c                initSystem
 .text          0x02001dc8      0xcb8 /home/markholland/devkitPro/libnds/lib/libnds9.a(fifosystem.o)
                0x0200208c                fifoSetValue32Handler
                0x02002100                fifoSendAddress
                0x0200212c                fifoSendValue32
                0x02002168                fifoSendDatamsg
                0x020021dc                fifoGetAddress
                0x02002248                fifoSetAddressHandler
                0x020022bc                fifoGetValue32
                0x020022d0                fifoGetDatamsg
                0x02002784                fifoSetDatamsgHandler
                0x02002818                fifoCheckAddress
                0x0200283c                fifoCheckDatamsg
                0x02002860                fifoCheckDatamsgLength
                0x02002890                fifoCheckValue32
                0x020028b4                fifoInit
 .text          0x02002a80      0x244 /home/markholland/devkitPro/libnds/lib/libnds9.a(interrupts.o)
                0x02002a80                irqDummy
                0x02002a84                irqSet
                0x02002af0                irqInit
                0x02002b3c                irqInitHandler
                0x02002b6c                irqEnable
                0x02002bd0                irqDisable
                0x02002c34                irqClear
 .text          0x02002cc4       0x5c /home/markholland/devkitPro/libnds/lib/libnds9.a(libnds_exit.arm.o)
                0x02002cc4                systemErrorExit
                0x02002cc8                __libnds_exit
 .text          0x02002d20      0x1b4 /home/markholland/devkitPro/libnds/lib/libnds9.a(timers.o)
                0x02002d20                timerStart
                0x02002d68                timerElapsed
                0x02002d98                timerPause
                0x02002dd8                timerStop
                0x02002e14                cpuStartTiming
                0x02002e50                cpuGetTiming
                0x02002e8c                cpuEndTiming
 .text          0x02002ed4      0x1b4 /home/markholland/devkitPro/libnds/lib/libnds9.a(mpu_setup.o)
                0x02002ed4                __libnds_mpu_setup
                0x02003014                memCached
                0x0200302c                memUncached
 *fill*         0x02003088        0x8 ff
 .text          0x02003090       0x70 /home/markholland/devkitPro/libnds/lib/libnds9.a(biosCalls.o)
                0x02003090                swiDelay
                0x02003094                swiIntrWait
                0x02003098                swiWaitForVBlank
                0x0200309c                swiSleep
                0x020030a0                swiChangeSoundBias
                0x020030a4                swiDivide
                0x020030a8                swiRemainder
                0x020030ae                swiDivMod
                0x020030ba                swiCopy
                0x020030be                swiFastCopy
                0x020030c2                swiSqrt
                0x020030c6                swiCRC16
                0x020030ca                swiIsDebugger
                0x020030ce                swiUnpackBits
                0x020030d2                swiDecompressLZSSWram
                0x020030d6                swiDecompressLZSSVramNTR
                0x020030da                swiDecompressLZSSVramTWL
                0x020030de                swiDecompressHuffman
                0x020030e2                swiDecompressRLEWram
                0x020030e6                swiDecompressRLEVram
                0x020030ea                swiWaitForIRQ
                0x020030ee                swiDecodeDelta8
                0x020030f2                swiDecodeDelta16
                0x020030f6                swiSetHaltCR
 .text          0x02003100       0xa4 /home/markholland/devkitPro/libnds/lib/libnds9.a(debugprint.o)
                0x02003100                nocashWrite
                0x02003102                nocashMessage
 .text          0x020031a4        0x0 /home/markholland/devkitPro/libnds/lib/libnds9.a(interruptDispatcher.o)
 *fill*         0x020031a4        0xc ff
 .text          0x020031b0       0x30 /home/markholland/devkitPro/libnds/lib/libnds9.a(swiSoftReset.o)
                0x020031b0                swiSoftReset
 .text          0x020031e0        0x0 /home/markholland/devkitPro/libnds/lib/libnds9.a(default_font.bin.o)
 .text          0x020031e0      0x3bc /home/markholland/devkitPro/libnds/lib/libnds9.a(background.o)
                0x020031e0                bgIsText
                0x020031ec                checkIfText
                0x02003244                bgUpdate
                0x02003338                bgInit_call
                0x02003460                bgInitSub_call
 .text          0x0200359c      0x140 /home/markholland/devkitPro/libnds/lib/libnds9.a(system.o)
                0x0200359c                setSDcallback
                0x020035a8                systemValueHandler
                0x020035f0                systemMsgHandler
                0x02003640                systemSleep
                0x02003658                powerOn
                0x02003684                powerOff
                0x020036ac                ledBlink
                0x020036bc                getBatteryLevel
 .text          0x020036dc      0x3a8 /home/markholland/devkitPro/libnds/lib/libnds9.a(trig.o)
                0x020036dc                asinComp
                0x02003700                sinLutLookup
                0x02003738                sinLerp
                0x020037c8                cosLerp
                0x02003884                tanLutLookup
                0x020038bc                tanLerp
                0x02003964                asinLerp
                0x020039e0                acosLerp
                0x02003a5c                atanComp
 .text          0x02003a84      0x1f8 /home/markholland/devkitPro/libnds/lib/libnds9.a(video.o)
                0x02003a84                vramSetPrimaryBanks
                0x02003ac8                vramSetMainBanks
                0x02003b0c                vramSetBanks_EFG
                0x02003b44                vramRestorePrimaryBanks
                0x02003b50                vramRestoreMainBanks
                0x02003b5c                vramRestoreBanks_EFG
                0x02003b68                setBrightness
                0x02003ba8                vramDefault
 .text          0x02003c7c      0x148 /home/markholland/devkitPro/devkitARM/bin/../lib/gcc/arm-none-eabi/4.9.2/libgcc.a(_divsi3.o)
                0x02003c7c                __aeabi_idiv
                0x02003c7c                __divsi3
                0x02003da4                __aeabi_idivmod
 .text          0x02003dc4        0x4 /home/markholland/devkitPro/devkitARM/bin/../lib/gcc/arm-none-eabi/4.9.2/libgcc.a(_dvmd_tls.o)
                0x02003dc4                __aeabi_ldiv0
                0x02003dc4                __aeabi_idiv0
 .text          0x02003dc8       0x84 /home/markholland/devkitPro/devkitARM/bin/../lib/gcc/arm-none-eabi/4.9.2/../../../../arm-none-eabi/lib/libg.a(lib_a-bsearch.o)
                0x02003dc8                bsearch
 .text          0x02003e4c        0x0 /home/markholland/devkitPro/devkitARM/bin/../lib/gcc/arm-none-eabi/4.9.2/../../../../arm-none-eabi/lib/libg.a(lib_a-impure.o)
 .text          0x02003e4c       0x80 /home/markholland/devkitPro/devkitARM/bin/../lib/gcc/arm-none-eabi/4.9.2/../../../../arm-none-eabi/lib/libg.a(lib_a-init.o)
                0x02003e4c                __libc_init_array
 .text          0x02003ecc       0x74 /home/markholland/devkitPro/devkitARM/bin/../lib/gcc/arm-none-eabi/4.9.2/../../../../arm-none-eabi/lib/libg.a(lib_a-iprintf.o)
                0x02003ecc                iprintf
                0x02003f0c                _iprintf_r
 .text          0x02003f40       0xf0 /home/markholland/devkitPro/devkitARM/bin/../lib/gcc/arm-none-eabi/4.9.2/../../../../arm-none-eabi/lib/libg.a(lib_a-memcpy-stub.o)
                0x02003f40                memcpy
 .text          0x02004030      0x174 /home/markholland/devkitPro/devkitARM/bin/../lib/gcc/arm-none-eabi/4.9.2/../../../../arm-none-eabi/lib/libg.a(lib_a-setvbuf.o)
                0x02004030                setvbuf
 .text          0x020041a4      0x100 /home/markholland/devkitPro/devkitARM/bin/../lib/gcc/arm-none-eabi/4.9.2/../../../../arm-none-eabi/lib/libg.a(lib_a-siscanf.o)
                0x020041a4                siscanf
                0x02004224                _siscanf_r
 .text          0x020042a4       0xd8 /home/markholland/devkitPro/devkitARM/bin/../lib/gcc/arm-none-eabi/4.9.2/../../../../arm-none-eabi/lib/libg.a(lib_a-stdio.o)
                0x020042a4                __sread
                0x020042d8                __seofread
                0x020042e0                __swrite
                0x02004338                __sseek
                0x02004368                __sclose
 .text          0x0200437c       0x60 /home/markholland/devkitPro/devkitARM/bin/../lib/gcc/arm-none-eabi/4.9.2/../../../../arm-none-eabi/lib/libg.a(lib_a-strlen.o)
                0x0200437c                strlen
 .text          0x020043dc     0x237c /home/markholland/devkitPro/devkitARM/bin/../lib/gcc/arm-none-eabi/4.9.2/../../../../arm-none-eabi/lib/libg.a(lib_a-svfiscanf.o)
                0x020043dc                _sungetc_r
                0x020044d0                __ssrefill_r
                0x0200453c                _sfread_r
                0x02004614                __ssvfiscanf_r
 .text          0x02006758      0x24c /home/markholland/devkitPro/devkitARM/bin/../lib/gcc/arm-none-eabi/4.9.2/../../../../arm-none-eabi/lib/libg.a(lib_a-ungetc.o)
                0x02006758                __submore
                0x02006808                _ungetc_r
                0x0200698c                ungetc
 .text          0x020069a4     0x3c00 /home/markholland/devkitPro/devkitARM/bin/../lib/gcc/arm-none-eabi/4.9.2/../../../../arm-none-eabi/lib/libg.a(lib_a-vfiprintf.o)
                0x020072b0                __sprint_r
                0x020072c8                _vfiprintf_r
                0x0200a4d0                vfiprintf
 .text          0x0200a5a4      0x138 /home/markholland/devkitPro/devkitARM/bin/../lib/gcc/arm-none-eabi/4.9.2/../../../../arm-none-eabi/lib/libg.a(lib_a-wcrtomb.o)
                0x0200a5a4                _wcrtomb_r
                0x0200a63c                wcrtomb
 .text          0x0200a6dc       0x60 /home/markholland/devkitPro/devkitARM/bin/../lib/gcc/arm-none-eabi/4.9.2/../../../../arm-none-eabi/lib/libg.a(lib_a-wcsrtombs.o)
                0x0200a6dc                _wcsrtombs_r
                0x0200a700                wcsrtombs
 .text          0x0200a73c      0x3cc /home/markholland/devkitPro/devkitARM/bin/../lib/gcc/arm-none-eabi/4.9.2/../../../../arm-none-eabi/lib/libg.a(lib_a-wctomb_r.o)
                0x0200a73c                __utf8_wctomb
                0x0200a850                _wctomb_r
                0x0200a8a0                __ascii_wctomb
                0x0200a8c8                __sjis_wctomb
                0x0200a954                __eucjp_wctomb
                0x0200aa28                __jis_wctomb
 .text          0x0200ab08      0x160 /home/markholland/devkitPro/devkitARM/bin/../lib/gcc/arm-none-eabi/4.9.2/../../../../arm-none-eabi/lib/libg.a(lib_a-wsetup.o)
                0x0200ab08                __swsetup_r
 .text          0x0200ac68       0x18 /home/markholland/devkitPro/devkitARM/bin/../lib/gcc/arm-none-eabi/4.9.2/../../../../arm-none-eabi/lib/libg.a(lib_a-ctype_.o)
                0x0200ac68                __set_ctype
 .text          0x0200ac80      0x2d0 /home/markholland/devkitPro/devkitARM/bin/../lib/gcc/arm-none-eabi/4.9.2/../../../../arm-none-eabi/lib/libg.a(lib_a-fflush.o)
                0x0200ac80                __sflush_r
                0x0200aec0                _fflush_r
                0x0200af14                fflush
 .text          0x0200af50      0x350 /home/markholland/devkitPro/devkitARM/bin/../lib/gcc/arm-none-eabi/4.9.2/../../../../arm-none-eabi/lib/libg.a(lib_a-findfp.o)
                0x0200af60                _cleanup_r
                0x0200b0d8                __sfmoreglue
                0x0200b128                __sfp
                0x0200b214                _cleanup
                0x0200b238                __sinit
                0x0200b248                __sfp_lock_acquire
                0x0200b24c                __sfp_lock_release
                0x0200b250                __sinit_lock_acquire
                0x0200b254                __sinit_lock_release
                0x0200b258                __fp_lock_all
                0x0200b27c                __fp_unlock_all
 .text          0x0200b2a0      0x190 /home/markholland/devkitPro/devkitARM/bin/../lib/gcc/arm-none-eabi/4.9.2/../../../../arm-none-eabi/lib/libg.a(lib_a-fputwc.o)
                0x0200b2a0                _fputwc_r
                0x0200b3ec                fputwc
 .text          0x0200b430      0x3bc /home/markholland/devkitPro/devkitARM/bin/../lib/gcc/arm-none-eabi/4.9.2/../../../../arm-none-eabi/lib/libg.a(lib_a-freer.o)
                0x0200b430                _malloc_trim_r
                0x0200b530                _free_r
 .text          0x0200b7ec      0x4ec /home/markholland/devkitPro/devkitARM/bin/../lib/gcc/arm-none-eabi/4.9.2/../../../../arm-none-eabi/lib/libg.a(lib_a-fvwrite.o)
                0x0200b7ec                __sfvwrite_r
 .text          0x0200bcd8      0x110 /home/markholland/devkitPro/devkitARM/bin/../lib/gcc/arm-none-eabi/4.9.2/../../../../arm-none-eabi/lib/libg.a(lib_a-fwalk.o)
                0x0200bcd8                _fwalk
                0x0200bd5c                _fwalk_reent
 .text          0x0200bde8       0x7c /home/markholland/devkitPro/devkitARM/bin/../lib/gcc/arm-none-eabi/4.9.2/../../../../arm-none-eabi/lib/libg.a(lib_a-iswspace.o)
                0x0200bde8                iswspace
 .text          0x0200be64      0x280 /home/markholland/devkitPro/devkitARM/bin/../lib/gcc/arm-none-eabi/4.9.2/../../../../arm-none-eabi/lib/libg.a(lib_a-jp2uc.o)
                0x0200c068                _jp2uc
 .text          0x0200c0e4      0xd40 /home/markholland/devkitPro/devkitARM/bin/../lib/gcc/arm-none-eabi/4.9.2/../../../../arm-none-eabi/lib/libg.a(lib_a-locale.o)
                0x0200cab4                _setlocale_r
                0x0200cdbc                __locale_charset
                0x0200cdc8                __locale_mb_cur_max
                0x0200cdd8                __locale_msgcharset
                0x0200cde4                __locale_cjk_lang
                0x0200cdf4                _localeconv_r
                0x0200ce00                setlocale
                0x0200ce18                localeconv
 .text          0x0200ce24      0x168 /home/markholland/devkitPro/devkitARM/bin/../lib/gcc/arm-none-eabi/4.9.2/../../../../arm-none-eabi/lib/libg.a(lib_a-makebuf.o)
                0x0200ce24                __smakebuf_r
 .text          0x0200cf8c       0x40 /home/markholland/devkitPro/devkitARM/bin/../lib/gcc/arm-none-eabi/4.9.2/../../../../arm-none-eabi/lib/libg.a(lib_a-malloc.o)
                0x0200cf8c                malloc
                0x0200cfac                free
 .text          0x0200cfcc      0x724 /home/markholland/devkitPro/devkitARM/bin/../lib/gcc/arm-none-eabi/4.9.2/../../../../arm-none-eabi/lib/libg.a(lib_a-mallocr.o)
                0x0200cfcc                _malloc_r
 .text          0x0200d6f0      0x14c /home/markholland/devkitPro/devkitARM/bin/../lib/gcc/arm-none-eabi/4.9.2/../../../../arm-none-eabi/lib/libg.a(lib_a-mbrtowc.o)
                0x0200d6f0                _mbrtowc_r
                0x0200d794                mbrtowc
 .text          0x0200d83c      0x784 /home/markholland/devkitPro/devkitARM/bin/../lib/gcc/arm-none-eabi/4.9.2/../../../../arm-none-eabi/lib/libg.a(lib_a-mbtowc_r.o)
                0x0200d83c                __utf8_mbtowc
                0x0200db40                _mbtowc_r
                0x0200db94                __ascii_mbtowc
                0x0200dbe0                __sjis_mbtowc
                0x0200dcbc                __eucjp_mbtowc
                0x0200de0c                __jis_mbtowc
 .text          0x0200dfc0      0x118 /home/markholland/devkitPro/devkitARM/bin/../lib/gcc/arm-none-eabi/4.9.2/../../../../arm-none-eabi/lib/libg.a(lib_a-memchr-stub.o)
                0x0200dfc0                memchr
 .text          0x0200e0d8      0x12c /home/markholland/devkitPro/devkitARM/bin/../lib/gcc/arm-none-eabi/4.9.2/../../../../arm-none-eabi/lib/libg.a(lib_a-memmove.o)
                0x0200e0d8                memmove
 .text          0x0200e204       0xf4 /home/markholland/devkitPro/devkitARM/bin/../lib/gcc/arm-none-eabi/4.9.2/../../../../arm-none-eabi/lib/libg.a(lib_a-memset.o)
                0x0200e204                memset
 .text          0x0200e2f8        0x8 /home/markholland/devkitPro/devkitARM/bin/../lib/gcc/arm-none-eabi/4.9.2/../../../../arm-none-eabi/lib/libg.a(lib_a-mlock.o)
                0x0200e2f8                __malloc_lock
                0x0200e2fc                __malloc_unlock
 .text          0x0200e300      0x4dc /home/markholland/devkitPro/devkitARM/bin/../lib/gcc/arm-none-eabi/4.9.2/../../../../arm-none-eabi/lib/libg.a(lib_a-reallocr.o)
                0x0200e300                _realloc_r
 .text          0x0200e7dc       0xdc /home/markholland/devkitPro/devkitARM/bin/../lib/gcc/arm-none-eabi/4.9.2/../../../../arm-none-eabi/lib/libg.a(lib_a-sccl.o)
                0x0200e7dc                __sccl
 .text          0x0200e8b8       0x6c /home/markholland/devkitPro/devkitARM/bin/../lib/gcc/arm-none-eabi/4.9.2/../../../../arm-none-eabi/lib/libg.a(lib_a-strcasecmp.o)
                0x0200e8b8                strcasecmp
 .text          0x0200e924       0x84 /home/markholland/devkitPro/devkitARM/bin/../lib/gcc/arm-none-eabi/4.9.2/../../../../arm-none-eabi/lib/libg.a(lib_a-strcat.o)
                0x0200e924                strcat
 .text          0x0200e9a8      0x160 /home/markholland/devkitPro/devkitARM/bin/../lib/gcc/arm-none-eabi/4.9.2/../../../../arm-none-eabi/lib/libg.a(lib_a-strchr.o)
                0x0200e9a8                strchr
 .text          0x0200eb08      0x230 /home/markholland/devkitPro/devkitARM/bin/../lib/gcc/arm-none-eabi/4.9.2/../../../../arm-none-eabi/lib/libg.a(lib_a-strcmp.o)
                0x0200eb08                strcmp
 .text          0x0200ed38       0xf0 /home/markholland/devkitPro/devkitARM/bin/../lib/gcc/arm-none-eabi/4.9.2/../../../../arm-none-eabi/lib/libg.a(lib_a-strcpy.o)
                0x0200ed38                strcpy
 .text          0x0200ee28       0x48 /home/markholland/devkitPro/devkitARM/bin/../lib/gcc/arm-none-eabi/4.9.2/../../../../arm-none-eabi/lib/libg.a(lib_a-strlcpy.o)
                0x0200ee28                strlcpy
 .text          0x0200ee70       0x94 /home/markholland/devkitPro/devkitARM/bin/../lib/gcc/arm-none-eabi/4.9.2/../../../../arm-none-eabi/lib/libg.a(lib_a-strncasecmp.o)
                0x0200ee70                strncasecmp
 .text          0x0200ef04      0x118 /home/markholland/devkitPro/devkitARM/bin/../lib/gcc/arm-none-eabi/4.9.2/../../../../arm-none-eabi/lib/libg.a(lib_a-strncmp.o)
                0x0200ef04                strncmp
 .text          0x0200f01c       0xe4 /home/markholland/devkitPro/devkitARM/bin/../lib/gcc/arm-none-eabi/4.9.2/../../../../arm-none-eabi/lib/libg.a(lib_a-strncpy.o)
                0x0200f01c                strncpy
 .text          0x0200f100      0x2c8 /home/markholland/devkitPro/devkitARM/bin/../lib/gcc/arm-none-eabi/4.9.2/../../../../arm-none-eabi/lib/libg.a(lib_a-strtoll_r.o)
                0x0200f100                _strtoll_r
 .text          0x0200f3c8      0x204 /home/markholland/devkitPro/devkitARM/bin/../lib/gcc/arm-none-eabi/4.9.2/../../../../arm-none-eabi/lib/libg.a(lib_a-strtol.o)
                0x0200f3c8                _strtol_r
                0x0200f5a4                strtol
 *fill*         0x0200f5cc        0x4 ff
 .text          0x0200f5d0      0x270 /home/markholland/devkitPro/devkitARM/bin/../lib/gcc/arm-none-eabi/4.9.2/../../../../arm-none-eabi/lib/libg.a(lib_a-strtoull_r.o)
                0x0200f5d0                _strtoull_r
 .text          0x0200f840      0x1f4 /home/markholland/devkitPro/devkitARM/bin/../lib/gcc/arm-none-eabi/4.9.2/../../../../arm-none-eabi/lib/libg.a(lib_a-strtoul.o)
                0x0200f840                _strtoul_r
                0x0200fa0c                strtoul
 .text          0x0200fa34     0x38b4 /home/markholland/devkitPro/devkitARM/bin/../lib/gcc/arm-none-eabi/4.9.2/../../../../arm-none-eabi/lib/libg.a(lib_a-svfiprintf.o)
                0x02010294                __ssprint_r
                0x02010444                _svfiprintf_r
 .text          0x020132e8      0x140 /home/markholland/devkitPro/devkitARM/bin/../lib/gcc/arm-none-eabi/4.9.2/../../../../arm-none-eabi/lib/libg.a(lib_a-wbuf.o)
                0x020132e8                __swbuf_r
                0x02013410                __swbuf
 .text          0x02013428      0x1dc /home/markholland/devkitPro/devkitARM/bin/../lib/gcc/arm-none-eabi/4.9.2/../../../../arm-none-eabi/lib/libg.a(lib_a-wcsnrtombs.o)
                0x02013428                _wcsnrtombs_r
                0x020135bc                wcsnrtombs
 .text          0x02013604      0x110 /home/markholland/devkitPro/devkitARM/bin/../lib/gcc/arm-none-eabi/4.9.2/../../../../arm-none-eabi/lib/libg.a(lib_a-fclose.o)
                0x02013604                _fclose_r
                0x02013700                fclose
 .text          0x02013714       0xec /home/markholland/devkitPro/devkitARM/bin/../lib/gcc/arm-none-eabi/4.9.2/../../../../arm-none-eabi/lib/libg.a(lib_a-getenv_r.o)
                0x02013714                _findenv_r
                0x020137e4                _getenv_r
 .text          0x02013800        0x0 /home/markholland/devkitPro/devkitARM/bin/../lib/gcc/arm-none-eabi/4.9.2/../../../../arm-none-eabi/lib/libg.a(lib_a-environ.o)
 .text          0x02013800        0x8 /home/markholland/devkitPro/devkitARM/bin/../lib/gcc/arm-none-eabi/4.9.2/../../../../arm-none-eabi/lib/libg.a(lib_a-envlock.o)
                0x02013800                __env_lock
                0x02013804                __env_unlock
 .text          0x02013808      0x1c4 /home/markholland/devkitPro/devkitARM/bin/../lib/gcc/arm-none-eabi/4.9.2/../../../../arm-none-eabi/lib/libsysbase.a(iosupport.o)
                0x02013808                setDefaultDevice
                0x02013820                FindDevice
                0x020138d8                RemoveDevice
                0x02013908                AddDevice
                0x020139a4                GetDeviceOpTab
 .text          0x020139cc       0x74 /home/markholland/devkitPro/devkitARM/bin/../lib/gcc/arm-none-eabi/4.9.2/../../../../arm-none-eabi/lib/libsysbase.a(close.o)
                0x020139cc                _close_r
 .text          0x02013a40       0x80 /home/markholland/devkitPro/devkitARM/bin/../lib/gcc/arm-none-eabi/4.9.2/../../../../arm-none-eabi/lib/libsysbase.a(fstat.o)
                0x02013a40                _fstat_r
 .text          0x02013ac0        0x8 /home/markholland/devkitPro/devkitARM/bin/../lib/gcc/arm-none-eabi/4.9.2/../../../../arm-none-eabi/lib/libsysbase.a(isatty.o)
                0x02013ac0                _isatty_r
 .text          0x02013ac8       0x80 /home/markholland/devkitPro/devkitARM/bin/../lib/gcc/arm-none-eabi/4.9.2/../../../../arm-none-eabi/lib/libsysbase.a(lseek.o)
                0x02013ac8                _lseek_r
 .text          0x02013b48       0x80 /home/markholland/devkitPro/devkitARM/bin/../lib/gcc/arm-none-eabi/4.9.2/../../../../arm-none-eabi/lib/libsysbase.a(read.o)
                0x02013b48                _read_r
 .text          0x02013bc8       0x70 /home/markholland/devkitPro/devkitARM/bin/../lib/gcc/arm-none-eabi/4.9.2/../../../../arm-none-eabi/lib/libsysbase.a(sbrk.o)
                0x02013bc8                _sbrk_r
 .text          0x02013c38       0x68 /home/markholland/devkitPro/devkitARM/bin/../lib/gcc/arm-none-eabi/4.9.2/../../../../arm-none-eabi/lib/libsysbase.a(times.o)
                0x02013c38                _times
                0x02013c54                _times_r
                0x02013c5c                _gettimeofday_r
 .text          0x02013ca0       0x84 /home/markholland/devkitPro/devkitARM/bin/../lib/gcc/arm-none-eabi/4.9.2/../../../../arm-none-eabi/lib/libsysbase.a(write.o)
                0x02013ca0                _write_r
 .text          0x02013d24        0x0 /home/markholland/devkitPro/devkitARM/bin/../lib/gcc/arm-none-eabi/4.9.2/../../../../arm-none-eabi/lib/libsysbase.a(malloc_vars.o)
 .text          0x02013d24       0x80 /home/markholland/devkitPro/devkitARM/bin/../lib/gcc/arm-none-eabi/4.9.2/../../../../arm-none-eabi/lib/libsysbase.a(build_argv.o)
                0x02013d24                build_argv
 .text          0x02013da4        0x0 /home/markholland/devkitPro/devkitARM/bin/../lib/gcc/arm-none-eabi/4.9.2/../../../../arm-none-eabi/lib/libsysbase.a(syscall_support.o)
 .text          0x02013da4       0xb0 /home/markholland/devkitPro/devkitARM/bin/../lib/gcc/arm-none-eabi/4.9.2/../../../../arm-none-eabi/lib/libsysbase.a(handle_manager.o)
                0x02013da4                __release_handle
                0x02013ddc                __alloc_handle
                0x02013e38                __get_handle
 .text          0x02013e54      0x114 /home/markholland/devkitPro/devkitARM/bin/../lib/gcc/arm-none-eabi/4.9.2/libgcc.a(_udivsi3.o)
                0x02013e54                __udivsi3
                0x02013e54                __aeabi_uidiv
                0x02013f48                __aeabi_uidivmod
 .text          0x02013f68       0x3c /home/markholland/devkitPro/devkitARM/bin/../lib/gcc/arm-none-eabi/4.9.2/libgcc.a(_aeabi_uldivmod.o)
                0x02013f68                __aeabi_uldivmod
 .text          0x02013fa4       0x84 /home/markholland/devkitPro/devkitARM/bin/../lib/gcc/arm-none-eabi/4.9.2/libgcc.a(bpabi.o)
                0x02013fa4                __gnu_ldivmod_helper
                0x02013fe8                __gnu_uldivmod_helper
 .text          0x02014028      0x178 /home/markholland/devkitPro/devkitARM/bin/../lib/gcc/arm-none-eabi/4.9.2/libgcc.a(_divdi3.o)
                0x02014028                __divdi3
 .text          0x020141a0      0x120 /home/markholland/devkitPro/devkitARM/bin/../lib/gcc/arm-none-eabi/4.9.2/libgcc.a(_udivdi3.o)
                0x020141a0                __udivdi3
 .text          0x020142c0       0x28 /home/markholland/devkitPro/devkitARM/bin/../lib/gcc/arm-none-eabi/4.9.2/libgcc.a(_clzdi2.o)
                0x020142c0                __clzdi2
 .text          0x020142e8       0x48 /home/markholland/devkitPro/devkitARM/bin/../lib/gcc/arm-none-eabi/4.9.2/libgcc.a(_clzsi2.o)
                0x020142e8                __clzsi2
 .text          0x02014330       0x10 /home/markholland/devkitPro/devkitARM/bin/../lib/gcc/arm-none-eabi/4.9.2/../../../../arm-none-eabi/lib/libg.a(lib_a-errno.o)
                0x02014330                __errno
 .text          0x02014340        0x0 /home/markholland/devkitPro/devkitARM/bin/../lib/gcc/arm-none-eabi/4.9.2/crtend.o
 .text          0x02014340        0x0 /home/markholland/devkitPro/devkitARM/bin/../lib/gcc/arm-none-eabi/4.9.2/crtn.o
 *(.text.*)
 .text.startup  0x02014340      0x114 main.o
                0x02014340                main
 *fill*         0x02014454        0x4 ff
 .text.startup.__stub
                0x02014458      0x118 linker stubs
 *(.stub)
 *(.gnu.warning)
 *(.gnu.linkonce.t*)
 *(.glue_7)
 .glue_7        0x00000000        0x0 linker stubs
 *(.glue_7t)
 .glue_7t       0x00000000        0x0 linker stubs
                0x02014570                . = ALIGN (0x4)

.vfp11_veneer   0x020145b8        0x0
 .vfp11_veneer  0x00000000        0x0 linker stubs

.v4_bx          0x020145b8        0x0
 .v4_bx         0x00000000        0x0 linker stubs

.iplt           0x020145b8        0x0
 .iplt          0x00000000        0x0 /home/markholland/devkitPro/devkitARM/bin/../lib/gcc/arm-none-eabi/4.9.2/../../../../arm-none-eabi/lib/ds_arm9_crt0.o

.fini           0x020145b8       0x18
 *(.fini)
 .fini          0x020145b8        0xc /home/markholland/devkitPro/devkitARM/bin/../lib/gcc/arm-none-eabi/4.9.2/crti.o
                0x020145b8                _fini
 .fini          0x020145c4        0xc /home/markholland/devkitPro/devkitARM/bin/../lib/gcc/arm-none-eabi/4.9.2/crtn.o
                0x020145d0                __text_end = .

.rodata         0x020145d0     0x6160
 *(.rodata)
 .rodata        0x020145d0      0x200 /home/markholland/devkitPro/libnds/lib/libnds9.a(console.o)
 .rodata        0x020147d0     0x2004 /home/markholland/devkitPro/libnds/lib/libnds9.a(default_font.bin.o)
                0x020147d0                default_font_bin
                0x020167d0                default_font_bin_end
                0x020167d0                default_font_bin_size
 .rodata        0x020167d4      0x308 /home/markholland/devkitPro/libnds/lib/libnds9.a(trig.o)
                0x020167d4                SIN_LUT
                0x020168d8                TAN_LUT
 .rodata        0x02016adc        0x4 /home/markholland/devkitPro/devkitARM/bin/../lib/gcc/arm-none-eabi/4.9.2/../../../../arm-none-eabi/lib/libg.a(lib_a-impure.o)
                0x02016adc                _global_impure_ptr
 .rodata        0x02016ae0       0x24 /home/markholland/devkitPro/devkitARM/bin/../lib/gcc/arm-none-eabi/4.9.2/../../../../arm-none-eabi/lib/libg.a(lib_a-svfiscanf.o)
 .rodata        0x02016b04       0x20 /home/markholland/devkitPro/devkitARM/bin/../lib/gcc/arm-none-eabi/4.9.2/../../../../arm-none-eabi/lib/libg.a(lib_a-vfiprintf.o)
 .rodata        0x02016b24      0x104 /home/markholland/devkitPro/devkitARM/bin/../lib/gcc/arm-none-eabi/4.9.2/../../../../arm-none-eabi/lib/libg.a(lib_a-ctype_.o)
                0x02016b24                _ctype_
 .rodata        0x02016c28     0x34d0 /home/markholland/devkitPro/devkitARM/bin/../lib/gcc/arm-none-eabi/4.9.2/../../../../arm-none-eabi/lib/libg.a(lib_a-jp2uc.o)
 .rodata        0x0201a0f8       0x1c /home/markholland/devkitPro/devkitARM/bin/../lib/gcc/arm-none-eabi/4.9.2/../../../../arm-none-eabi/lib/libg.a(lib_a-locale.o)
 .rodata        0x0201a114       0x90 /home/markholland/devkitPro/devkitARM/bin/../lib/gcc/arm-none-eabi/4.9.2/../../../../arm-none-eabi/lib/libg.a(lib_a-mbtowc_r.o)
 .rodata        0x0201a1a4      0x1f8 /home/markholland/devkitPro/devkitARM/bin/../lib/gcc/arm-none-eabi/4.9.2/../../../../arm-none-eabi/lib/libg.a(lib_a-svfiprintf.o)
                0x0201a1a4                __chclass
                0x0201a2a4                __state_table
                0x0201a310                __action_table
 .rodata        0x0201a39c       0x64 /home/markholland/devkitPro/devkitARM/bin/../lib/gcc/arm-none-eabi/4.9.2/../../../../arm-none-eabi/lib/libsysbase.a(iosupport.o)
                0x0201a39c                dotab_stdnull
 *all.rodata*(*)
 *(.roda)
 *(.rodata.*)
 .rodata.str1.4
                0x0201a400      0x138 functions.o
 .rodata.str1.4
                0x0201a538       0x47 main.o
                                 0x48 (size before relaxing)
 *fill*         0x0201a57f        0x1 ff
 .rodata.str1.4
                0x0201a580       0x4c /home/markholland/devkitPro/libnds/lib/libnds9.a(console.o)
 .rodata.str1.4
                0x0201a5cc        0x2 /home/markholland/devkitPro/devkitARM/bin/../lib/gcc/arm-none-eabi/4.9.2/../../../../arm-none-eabi/lib/libg.a(lib_a-impure.o)
                                  0x4 (size before relaxing)
 *fill*         0x0201a5ce        0x2 ff
 .rodata.str1.4
                0x0201a5d0       0x2f /home/markholland/devkitPro/devkitARM/bin/../lib/gcc/arm-none-eabi/4.9.2/../../../../arm-none-eabi/lib/libg.a(lib_a-vfiprintf.o)
                                 0x30 (size before relaxing)
 *fill*         0x0201a5ff        0x1 ff
 .rodata.str1.4
                0x0201a600       0x12 /home/markholland/devkitPro/devkitARM/bin/../lib/gcc/arm-none-eabi/4.9.2/../../../../arm-none-eabi/lib/libg.a(lib_a-jp2uc.o)
                                 0x14 (size before relaxing)
 *fill*         0x0201a612        0x2 ff
 .rodata.str1.4
                0x0201a614      0x112 /home/markholland/devkitPro/devkitARM/bin/../lib/gcc/arm-none-eabi/4.9.2/../../../../arm-none-eabi/lib/libg.a(lib_a-locale.o)
                                0x130 (size before relaxing)
 .rodata.str1.4
                0x00000000        0x4 /home/markholland/devkitPro/devkitARM/bin/../lib/gcc/arm-none-eabi/4.9.2/../../../../arm-none-eabi/lib/libg.a(lib_a-mbrtowc.o)
 .rodata.str1.4
                0x00000000       0x30 /home/markholland/devkitPro/devkitARM/bin/../lib/gcc/arm-none-eabi/4.9.2/../../../../arm-none-eabi/lib/libg.a(lib_a-svfiprintf.o)
 *fill*         0x0201a726        0x2 ff
 .rodata.str1.4
                0x0201a728        0x8 /home/markholland/devkitPro/devkitARM/bin/../lib/gcc/arm-none-eabi/4.9.2/../../../../arm-none-eabi/lib/libsysbase.a(iosupport.o)
 *(.gnu.linkonce.r*)
                0x0201a730                . = ALIGN (0x4)

.rel.dyn        0x0201a730        0x0
 .rel.iplt      0x00000000        0x0 /home/markholland/devkitPro/devkitARM/bin/../lib/gcc/arm-none-eabi/4.9.2/../../../../arm-none-eabi/lib/ds_arm9_crt0.o

.ARM.extab
 *(.ARM.extab* .gnu.linkonce.armextab.*)
                0x0201a730                __exidx_start = .

ARM.exidx
 *(.ARM.exidx* .gnu.linkonce.armexidx.*)
                0x0201a730                __exidx_end = .
                0x0201a730                . = ALIGN (0x4)
                0x0201a730                PROVIDE (__preinit_array_start, .)

.preinit_array
 *(.preinit_array)
                0x0201a730                PROVIDE (__preinit_array_end, .)
                0x0201a730                PROVIDE (__init_array_start, .)

.init_array     0x0201a730        0x4
 *(SORT(.init_array.*))
 *(.init_array)
 .init_array    0x0201a730        0x4 /home/markholland/devkitPro/devkitARM/bin/../lib/gcc/arm-none-eabi/4.9.2/crtbegin.o
                0x0201a734                PROVIDE (__init_array_end, .)
                0x0201a734                PROVIDE (__fini_array_start, .)

.fini_array     0x0201a734        0x4
 *(.fini_array)
 .fini_array    0x0201a734        0x4 /home/markholland/devkitPro/devkitARM/bin/../lib/gcc/arm-none-eabi/4.9.2/crtbegin.o
 *(SORT(.fini_array.*))
                0x0201a738                PROVIDE (__fini_array_end, .)

.ctors          0x0201a738        0x0
 *crtbegin.o(.ctors)
 *(EXCLUDE_FILE(*crtend.o) .ctors)
 *(SORT(.ctors.*))
 *(.ctors)
                0x0201a738                . = ALIGN (0x4)

.dtors          0x0201a738        0x0
 *crtbegin.o(.dtors)
 *(EXCLUDE_FILE(*crtend.o) .dtors)
 *(SORT(.dtors.*))
 *(.dtors)
                0x0201a738                . = ALIGN (0x4)

.eh_frame       0x0201a738        0x4
 *(.eh_frame)
 .eh_frame      0x0201a738        0x0 /home/markholland/devkitPro/devkitARM/bin/../lib/gcc/arm-none-eabi/4.9.2/crtbegin.o
 .eh_frame      0x0201a738        0x4 /home/markholland/devkitPro/devkitARM/bin/../lib/gcc/arm-none-eabi/4.9.2/crtend.o
                0x0201a73c                . = ALIGN (0x4)

.gcc_except_table
                0x0201a73c        0x0
 *(.gcc_except_table)
                0x0201a73c                . = ALIGN (0x4)

.jcr            0x0201a73c        0x4
 *(.jcr)
 .jcr           0x0201a73c        0x0 /home/markholland/devkitPro/devkitARM/bin/../lib/gcc/arm-none-eabi/4.9.2/crtbegin.o
 .jcr           0x0201a73c        0x4 /home/markholland/devkitPro/devkitARM/bin/../lib/gcc/arm-none-eabi/4.9.2/crtend.o

.got
 *(.got.plt)
 *(.got)
 *(.rel.got)

.ewram          0x0201a740        0x0
                0x0201a740                __ewram_start = ABSOLUTE (.)
 *(.ewram)
 *ewram.*(.text)
                0x0201a740                . = ALIGN (0x4)

.data           0x0201a740      0xb20
                0x0201a740                __data_start = ABSOLUTE (.)
 *(.data)
 .data          0x0201a740        0x0 /home/markholland/devkitPro/devkitARM/bin/../lib/gcc/arm-none-eabi/4.9.2/../../../../arm-none-eabi/lib/ds_arm9_crt0.o
 .data          0x0201a740        0x0 /home/markholland/devkitPro/devkitARM/bin/../lib/gcc/arm-none-eabi/4.9.2/crti.o
 .data          0x0201a740        0x4 /home/markholland/devkitPro/devkitARM/bin/../lib/gcc/arm-none-eabi/4.9.2/crtbegin.o
                0x0201a740                __dso_handle
 .data          0x0201a744       0x10 functions.o
                0x0201a744                freq
                0x0201a748                volume
                0x0201a74c                pan
                0x0201a750                play
 .data          0x0201a754       0x24 main.o
                0x0201a754                categories
                0x0201a760                soundPlayer
 .data          0x0201a778        0x0 personalData.o
 .data          0x0201a778       0x64 /home/markholland/devkitPro/libnds/lib/libnds9.a(console.o)
                0x0201a778                currentConsole
                0x0201a77c                defaultConsole
 .data          0x0201a7dc        0x3 /home/markholland/devkitPro/libnds/lib/libnds9.a(keys.o)
 .data          0x0201a7df        0x0 /home/markholland/devkitPro/libnds/lib/libnds9.a(sound.o)
 .data          0x0201a7df        0x0 /home/markholland/devkitPro/libnds/lib/libnds9.a(initSystem.o)
 *fill*         0x0201a7df        0x1 ff
 .data          0x0201a7e0       0x10 /home/markholland/devkitPro/libnds/lib/libnds9.a(fifosystem.o)
                0x0201a7e0                fifo_buffer_free
                0x0201a7e4                fifo_freewords
                0x0201a7e8                fifo_send_queue
                0x0201a7ec                fifo_receive_queue
 .data          0x0201a7f0        0x0 /home/markholland/devkitPro/libnds/lib/libnds9.a(interrupts.o)
 .data          0x0201a7f0        0x0 /home/markholland/devkitPro/libnds/lib/libnds9.a(libnds_exit.arm.o)
 .data          0x0201a7f0        0x0 /home/markholland/devkitPro/libnds/lib/libnds9.a(timers.o)
 .data          0x0201a7f0        0x0 /home/markholland/devkitPro/libnds/lib/libnds9.a(mpu_setup.o)
 .data          0x0201a7f0        0x0 /home/markholland/devkitPro/libnds/lib/libnds9.a(biosCalls.o)
 .data          0x0201a7f0        0x0 /home/markholland/devkitPro/libnds/lib/libnds9.a(debugprint.o)
 .data          0x0201a7f0        0x0 /home/markholland/devkitPro/libnds/lib/libnds9.a(interruptDispatcher.o)
 .data          0x0201a7f0        0x0 /home/markholland/devkitPro/libnds/lib/libnds9.a(swiSoftReset.o)
 .data          0x0201a7f0        0x0 /home/markholland/devkitPro/libnds/lib/libnds9.a(default_font.bin.o)
 .data          0x0201a7f0       0x60 /home/markholland/devkitPro/libnds/lib/libnds9.a(background.o)
                0x0201a7f0                bgScrollTable
                0x0201a810                bgTransform
                0x0201a830                bgControl
 .data          0x0201a850        0x0 /home/markholland/devkitPro/libnds/lib/libnds9.a(system.o)
 .data          0x0201a850        0x0 /home/markholland/devkitPro/libnds/lib/libnds9.a(trig.o)
 .data          0x0201a850        0x0 /home/markholland/devkitPro/libnds/lib/libnds9.a(video.o)
 .data          0x0201a850        0x0 /home/markholland/devkitPro/devkitARM/bin/../lib/gcc/arm-none-eabi/4.9.2/libgcc.a(_divsi3.o)
 .data          0x0201a850        0x0 /home/markholland/devkitPro/devkitARM/bin/../lib/gcc/arm-none-eabi/4.9.2/libgcc.a(_dvmd_tls.o)
 .data          0x0201a850        0x0 /home/markholland/devkitPro/devkitARM/bin/../lib/gcc/arm-none-eabi/4.9.2/../../../../arm-none-eabi/lib/libg.a(lib_a-bsearch.o)
 *fill*         0x0201a850        0x0 ff
 .data          0x0201a850      0x430 /home/markholland/devkitPro/devkitARM/bin/../lib/gcc/arm-none-eabi/4.9.2/../../../../arm-none-eabi/lib/libg.a(lib_a-impure.o)
                0x0201a850                _impure_ptr
 .data          0x0201ac80        0x0 /home/markholland/devkitPro/devkitARM/bin/../lib/gcc/arm-none-eabi/4.9.2/../../../../arm-none-eabi/lib/libg.a(lib_a-init.o)
 .data          0x0201ac80        0x0 /home/markholland/devkitPro/devkitARM/bin/../lib/gcc/arm-none-eabi/4.9.2/../../../../arm-none-eabi/lib/libg.a(lib_a-iprintf.o)
 .data          0x0201ac80        0x0 /home/markholland/devkitPro/devkitARM/bin/../lib/gcc/arm-none-eabi/4.9.2/../../../../arm-none-eabi/lib/libg.a(lib_a-memcpy-stub.o)
 .data          0x0201ac80        0x0 /home/markholland/devkitPro/devkitARM/bin/../lib/gcc/arm-none-eabi/4.9.2/../../../../arm-none-eabi/lib/libg.a(lib_a-setvbuf.o)
 .data          0x0201ac80        0x0 /home/markholland/devkitPro/devkitARM/bin/../lib/gcc/arm-none-eabi/4.9.2/../../../../arm-none-eabi/lib/libg.a(lib_a-siscanf.o)
 .data          0x0201ac80        0x0 /home/markholland/devkitPro/devkitARM/bin/../lib/gcc/arm-none-eabi/4.9.2/../../../../arm-none-eabi/lib/libg.a(lib_a-stdio.o)
 .data          0x0201ac80        0x0 /home/markholland/devkitPro/devkitARM/bin/../lib/gcc/arm-none-eabi/4.9.2/../../../../arm-none-eabi/lib/libg.a(lib_a-strlen.o)
 .data          0x0201ac80        0x0 /home/markholland/devkitPro/devkitARM/bin/../lib/gcc/arm-none-eabi/4.9.2/../../../../arm-none-eabi/lib/libg.a(lib_a-svfiscanf.o)
 .data          0x0201ac80        0x0 /home/markholland/devkitPro/devkitARM/bin/../lib/gcc/arm-none-eabi/4.9.2/../../../../arm-none-eabi/lib/libg.a(lib_a-ungetc.o)
 .data          0x0201ac80        0x0 /home/markholland/devkitPro/devkitARM/bin/../lib/gcc/arm-none-eabi/4.9.2/../../../../arm-none-eabi/lib/libg.a(lib_a-vfiprintf.o)
 .data          0x0201ac80        0x0 /home/markholland/devkitPro/devkitARM/bin/../lib/gcc/arm-none-eabi/4.9.2/../../../../arm-none-eabi/lib/libg.a(lib_a-wcrtomb.o)
 .data          0x0201ac80        0x0 /home/markholland/devkitPro/devkitARM/bin/../lib/gcc/arm-none-eabi/4.9.2/../../../../arm-none-eabi/lib/libg.a(lib_a-wcsrtombs.o)
 .data          0x0201ac80        0x4 /home/markholland/devkitPro/devkitARM/bin/../lib/gcc/arm-none-eabi/4.9.2/../../../../arm-none-eabi/lib/libg.a(lib_a-wctomb_r.o)
                0x0201ac80                __wctomb
 .data          0x0201ac84        0x0 /home/markholland/devkitPro/devkitARM/bin/../lib/gcc/arm-none-eabi/4.9.2/../../../../arm-none-eabi/lib/libg.a(lib_a-wsetup.o)
 .data          0x0201ac84        0x4 /home/markholland/devkitPro/devkitARM/bin/../lib/gcc/arm-none-eabi/4.9.2/../../../../arm-none-eabi/lib/libg.a(lib_a-ctype_.o)
                0x0201ac84                __ctype_ptr__
 .data          0x0201ac88        0x0 /home/markholland/devkitPro/devkitARM/bin/../lib/gcc/arm-none-eabi/4.9.2/../../../../arm-none-eabi/lib/libg.a(lib_a-fflush.o)
 .data          0x0201ac88        0x0 /home/markholland/devkitPro/devkitARM/bin/../lib/gcc/arm-none-eabi/4.9.2/../../../../arm-none-eabi/lib/libg.a(lib_a-findfp.o)
 .data          0x0201ac88        0x0 /home/markholland/devkitPro/devkitARM/bin/../lib/gcc/arm-none-eabi/4.9.2/../../../../arm-none-eabi/lib/libg.a(lib_a-fputwc.o)
 .data          0x0201ac88        0x0 /home/markholland/devkitPro/devkitARM/bin/../lib/gcc/arm-none-eabi/4.9.2/../../../../arm-none-eabi/lib/libg.a(lib_a-freer.o)
 .data          0x0201ac88        0x0 /home/markholland/devkitPro/devkitARM/bin/../lib/gcc/arm-none-eabi/4.9.2/../../../../arm-none-eabi/lib/libg.a(lib_a-fvwrite.o)
 .data          0x0201ac88        0x0 /home/markholland/devkitPro/devkitARM/bin/../lib/gcc/arm-none-eabi/4.9.2/../../../../arm-none-eabi/lib/libg.a(lib_a-fwalk.o)
 .data          0x0201ac88        0x0 /home/markholland/devkitPro/devkitARM/bin/../lib/gcc/arm-none-eabi/4.9.2/../../../../arm-none-eabi/lib/libg.a(lib_a-iswspace.o)
 .data          0x0201ac88        0x0 /home/markholland/devkitPro/devkitARM/bin/../lib/gcc/arm-none-eabi/4.9.2/../../../../arm-none-eabi/lib/libg.a(lib_a-jp2uc.o)
 .data          0x0201ac88      0x17c /home/markholland/devkitPro/devkitARM/bin/../lib/gcc/arm-none-eabi/4.9.2/../../../../arm-none-eabi/lib/libg.a(lib_a-locale.o)
                0x0201ac88                __default_locale
                0x0201ada8                __mb_cur_max
 .data          0x0201ae04        0x0 /home/markholland/devkitPro/devkitARM/bin/../lib/gcc/arm-none-eabi/4.9.2/../../../../arm-none-eabi/lib/libg.a(lib_a-makebuf.o)
 .data          0x0201ae04        0x0 /home/markholland/devkitPro/devkitARM/bin/../lib/gcc/arm-none-eabi/4.9.2/../../../../arm-none-eabi/lib/libg.a(lib_a-malloc.o)
 .data          0x0201ae04      0x410 /home/markholland/devkitPro/devkitARM/bin/../lib/gcc/arm-none-eabi/4.9.2/../../../../arm-none-eabi/lib/libg.a(lib_a-mallocr.o)
                0x0201ae04                __malloc_av_
                0x0201b20c                __malloc_sbrk_base
                0x0201b210                __malloc_trim_threshold
 .data          0x0201b214        0x0 /home/markholland/devkitPro/devkitARM/bin/../lib/gcc/arm-none-eabi/4.9.2/../../../../arm-none-eabi/lib/libg.a(lib_a-mbrtowc.o)
 .data          0x0201b214        0x4 /home/markholland/devkitPro/devkitARM/bin/../lib/gcc/arm-none-eabi/4.9.2/../../../../arm-none-eabi/lib/libg.a(lib_a-mbtowc_r.o)
                0x0201b214                __mbtowc
 .data          0x0201b218        0x0 /home/markholland/devkitPro/devkitARM/bin/../lib/gcc/arm-none-eabi/4.9.2/../../../../arm-none-eabi/lib/libg.a(lib_a-memchr-stub.o)
 .data          0x0201b218        0x0 /home/markholland/devkitPro/devkitARM/bin/../lib/gcc/arm-none-eabi/4.9.2/../../../../arm-none-eabi/lib/libg.a(lib_a-memmove.o)
 .data          0x0201b218        0x0 /home/markholland/devkitPro/devkitARM/bin/../lib/gcc/arm-none-eabi/4.9.2/../../../../arm-none-eabi/lib/libg.a(lib_a-memset.o)
 .data          0x0201b218        0x0 /home/markholland/devkitPro/devkitARM/bin/../lib/gcc/arm-none-eabi/4.9.2/../../../../arm-none-eabi/lib/libg.a(lib_a-mlock.o)
 .data          0x0201b218        0x0 /home/markholland/devkitPro/devkitARM/bin/../lib/gcc/arm-none-eabi/4.9.2/../../../../arm-none-eabi/lib/libg.a(lib_a-reallocr.o)
 .data          0x0201b218        0x0 /home/markholland/devkitPro/devkitARM/bin/../lib/gcc/arm-none-eabi/4.9.2/../../../../arm-none-eabi/lib/libg.a(lib_a-sccl.o)
 .data          0x0201b218        0x0 /home/markholland/devkitPro/devkitARM/bin/../lib/gcc/arm-none-eabi/4.9.2/../../../../arm-none-eabi/lib/libg.a(lib_a-strcasecmp.o)
 .data          0x0201b218        0x0 /home/markholland/devkitPro/devkitARM/bin/../lib/gcc/arm-none-eabi/4.9.2/../../../../arm-none-eabi/lib/libg.a(lib_a-strcat.o)
 .data          0x0201b218        0x0 /home/markholland/devkitPro/devkitARM/bin/../lib/gcc/arm-none-eabi/4.9.2/../../../../arm-none-eabi/lib/libg.a(lib_a-strchr.o)
 .data          0x0201b218        0x0 /home/markholland/devkitPro/devkitARM/bin/../lib/gcc/arm-none-eabi/4.9.2/../../../../arm-none-eabi/lib/libg.a(lib_a-strcmp.o)
 .data          0x0201b218        0x0 /home/markholland/devkitPro/devkitARM/bin/../lib/gcc/arm-none-eabi/4.9.2/../../../../arm-none-eabi/lib/libg.a(lib_a-strcpy.o)
 .data          0x0201b218        0x0 /home/markholland/devkitPro/devkitARM/bin/../lib/gcc/arm-none-eabi/4.9.2/../../../../arm-none-eabi/lib/libg.a(lib_a-strlcpy.o)
 .data          0x0201b218        0x0 /home/markholland/devkitPro/devkitARM/bin/../lib/gcc/arm-none-eabi/4.9.2/../../../../arm-none-eabi/lib/libg.a(lib_a-strncasecmp.o)
 .data          0x0201b218        0x0 /home/markholland/devkitPro/devkitARM/bin/../lib/gcc/arm-none-eabi/4.9.2/../../../../arm-none-eabi/lib/libg.a(lib_a-strncmp.o)
 .data          0x0201b218        0x0 /home/markholland/devkitPro/devkitARM/bin/../lib/gcc/arm-none-eabi/4.9.2/../../../../arm-none-eabi/lib/libg.a(lib_a-strncpy.o)
 .data          0x0201b218        0x0 /home/markholland/devkitPro/devkitARM/bin/../lib/gcc/arm-none-eabi/4.9.2/../../../../arm-none-eabi/lib/libg.a(lib_a-strtoll_r.o)
 .data          0x0201b218        0x0 /home/markholland/devkitPro/devkitARM/bin/../lib/gcc/arm-none-eabi/4.9.2/../../../../arm-none-eabi/lib/libg.a(lib_a-strtol.o)
 .data          0x0201b218        0x0 /home/markholland/devkitPro/devkitARM/bin/../lib/gcc/arm-none-eabi/4.9.2/../../../../arm-none-eabi/lib/libg.a(lib_a-strtoull_r.o)
 .data          0x0201b218        0x0 /home/markholland/devkitPro/devkitARM/bin/../lib/gcc/arm-none-eabi/4.9.2/../../../../arm-none-eabi/lib/libg.a(lib_a-strtoul.o)
 .data          0x0201b218        0x0 /home/markholland/devkitPro/devkitARM/bin/../lib/gcc/arm-none-eabi/4.9.2/../../../../arm-none-eabi/lib/libg.a(lib_a-svfiprintf.o)
 .data          0x0201b218        0x0 /home/markholland/devkitPro/devkitARM/bin/../lib/gcc/arm-none-eabi/4.9.2/../../../../arm-none-eabi/lib/libg.a(lib_a-wbuf.o)
 .data          0x0201b218        0x0 /home/markholland/devkitPro/devkitARM/bin/../lib/gcc/arm-none-eabi/4.9.2/../../../../arm-none-eabi/lib/libg.a(lib_a-wcsnrtombs.o)
 .data          0x0201b218        0x0 /home/markholland/devkitPro/devkitARM/bin/../lib/gcc/arm-none-eabi/4.9.2/../../../../arm-none-eabi/lib/libg.a(lib_a-fclose.o)
 .data          0x0201b218        0x0 /home/markholland/devkitPro/devkitARM/bin/../lib/gcc/arm-none-eabi/4.9.2/../../../../arm-none-eabi/lib/libg.a(lib_a-getenv_r.o)
 .data          0x0201b218        0x4 /home/markholland/devkitPro/devkitARM/bin/../lib/gcc/arm-none-eabi/4.9.2/../../../../arm-none-eabi/lib/libg.a(lib_a-environ.o)
                0x0201b218                environ
 .data          0x0201b21c        0x0 /home/markholland/devkitPro/devkitARM/bin/../lib/gcc/arm-none-eabi/4.9.2/../../../../arm-none-eabi/lib/libg.a(lib_a-envlock.o)
 .data          0x0201b21c       0x44 /home/markholland/devkitPro/devkitARM/bin/../lib/gcc/arm-none-eabi/4.9.2/../../../../arm-none-eabi/lib/libsysbase.a(iosupport.o)
                0x0201b220                devoptab_list
 .data          0x0201b260        0x0 /home/markholland/devkitPro/devkitARM/bin/../lib/gcc/arm-none-eabi/4.9.2/../../../../arm-none-eabi/lib/libsysbase.a(close.o)
 .data          0x0201b260        0x0 /home/markholland/devkitPro/devkitARM/bin/../lib/gcc/arm-none-eabi/4.9.2/../../../../arm-none-eabi/lib/libsysbase.a(fstat.o)
 .data          0x0201b260        0x0 /home/markholland/devkitPro/devkitARM/bin/../lib/gcc/arm-none-eabi/4.9.2/../../../../arm-none-eabi/lib/libsysbase.a(isatty.o)
 .data          0x0201b260        0x0 /home/markholland/devkitPro/devkitARM/bin/../lib/gcc/arm-none-eabi/4.9.2/../../../../arm-none-eabi/lib/libsysbase.a(lseek.o)
 .data          0x0201b260        0x0 /home/markholland/devkitPro/devkitARM/bin/../lib/gcc/arm-none-eabi/4.9.2/../../../../arm-none-eabi/lib/libsysbase.a(read.o)
 .data          0x0201b260        0x0 /home/markholland/devkitPro/devkitARM/bin/../lib/gcc/arm-none-eabi/4.9.2/../../../../arm-none-eabi/lib/libsysbase.a(sbrk.o)
 .data          0x0201b260        0x0 /home/markholland/devkitPro/devkitARM/bin/../lib/gcc/arm-none-eabi/4.9.2/../../../../arm-none-eabi/lib/libsysbase.a(times.o)
 .data          0x0201b260        0x0 /home/markholland/devkitPro/devkitARM/bin/../lib/gcc/arm-none-eabi/4.9.2/../../../../arm-none-eabi/lib/libsysbase.a(write.o)
 .data          0x0201b260        0x0 /home/markholland/devkitPro/devkitARM/bin/../lib/gcc/arm-none-eabi/4.9.2/../../../../arm-none-eabi/lib/libsysbase.a(malloc_vars.o)
 .data          0x0201b260        0x0 /home/markholland/devkitPro/devkitARM/bin/../lib/gcc/arm-none-eabi/4.9.2/../../../../arm-none-eabi/lib/libsysbase.a(build_argv.o)
 .data          0x0201b260        0x0 /home/markholland/devkitPro/devkitARM/bin/../lib/gcc/arm-none-eabi/4.9.2/../../../../arm-none-eabi/lib/libsysbase.a(syscall_support.o)
 .data          0x0201b260        0x0 /home/markholland/devkitPro/devkitARM/bin/../lib/gcc/arm-none-eabi/4.9.2/../../../../arm-none-eabi/lib/libsysbase.a(handle_manager.o)
 .data          0x0201b260        0x0 /home/markholland/devkitPro/devkitARM/bin/../lib/gcc/arm-none-eabi/4.9.2/libgcc.a(_udivsi3.o)
 .data          0x0201b260        0x0 /home/markholland/devkitPro/devkitARM/bin/../lib/gcc/arm-none-eabi/4.9.2/libgcc.a(_aeabi_uldivmod.o)
 .data          0x0201b260        0x0 /home/markholland/devkitPro/devkitARM/bin/../lib/gcc/arm-none-eabi/4.9.2/libgcc.a(bpabi.o)
 .data          0x0201b260        0x0 /home/markholland/devkitPro/devkitARM/bin/../lib/gcc/arm-none-eabi/4.9.2/libgcc.a(_divdi3.o)
 .data          0x0201b260        0x0 /home/markholland/devkitPro/devkitARM/bin/../lib/gcc/arm-none-eabi/4.9.2/libgcc.a(_udivdi3.o)
 .data          0x0201b260        0x0 /home/markholland/devkitPro/devkitARM/bin/../lib/gcc/arm-none-eabi/4.9.2/libgcc.a(_clzdi2.o)
 .data          0x0201b260        0x0 /home/markholland/devkitPro/devkitARM/bin/../lib/gcc/arm-none-eabi/4.9.2/libgcc.a(_clzsi2.o)
 .data          0x0201b260        0x0 /home/markholland/devkitPro/devkitARM/bin/../lib/gcc/arm-none-eabi/4.9.2/../../../../arm-none-eabi/lib/libg.a(lib_a-errno.o)
 .data          0x0201b260        0x0 /home/markholland/devkitPro/devkitARM/bin/../lib/gcc/arm-none-eabi/4.9.2/crtend.o
 .data          0x0201b260        0x0 /home/markholland/devkitPro/devkitARM/bin/../lib/gcc/arm-none-eabi/4.9.2/crtn.o
 *(.data.*)
 *(.gnu.linkonce.d*)
                0x0201b260                . = ALIGN (0x4)
                0x0201b260                __data_end = ABSOLUTE (.)
                0x0201b260                __dtcm_lma = .
                0x0201b260                __bss_vma = .

.igot.plt       0x0201b260        0x0
 .igot.plt      0x00000000        0x0 /home/markholland/devkitPro/devkitARM/bin/../lib/gcc/arm-none-eabi/4.9.2/../../../../arm-none-eabi/lib/ds_arm9_crt0.o

.tm_clone_table
                0x0201b260        0x0
 .tm_clone_table
                0x0201b260        0x0 /home/markholland/devkitPro/devkitARM/bin/../lib/gcc/arm-none-eabi/4.9.2/crtbegin.o
 .tm_clone_table
                0x0201b260        0x0 /home/markholland/devkitPro/devkitARM/bin/../lib/gcc/arm-none-eabi/4.9.2/crtend.o

.dtcm           0x0b000000        0x0 load address 0x0201b260
 *(.dtcm)
 *(.dtcm.*)
                0x0b000000                . = ALIGN (0x4)
                0x0b000000                __dtcm_end = ABSOLUTE (.)
                0x0201b260                __itcm_lma = (__dtcm_lma + SIZEOF (.dtcm))

.itcm           0x01000100      0x194 load address 0x0201b260
 *(.itcm)
 .itcm          0x01000100       0xc8 /home/markholland/devkitPro/libnds/lib/libnds9.a(interrupts.o)
                0x01000100                irqTable
 .itcm          0x010001c8       0xcc /home/markholland/devkitPro/libnds/lib/libnds9.a(interruptDispatcher.o)
                0x010001c8                IntrMain
 *itcm.*(.text)
                0x01000294                . = ALIGN (0x4)
                0x01000294                __itcm_end = ABSOLUTE (.)
                0x0201b3f4                __vectors_lma = (__itcm_lma + SIZEOF (.itcm))

.vectors        0x01000000        0x0 load address 0x0201b3f4
 *(.vectors)
 *vectors.*(.text)
                0x01000000                . = ALIGN (0x4)
                0x01000000                __vectors_end = ABSOLUTE (.)

.sbss           0x0b000000        0x0
                0x0b000000                __sbss_start = ABSOLUTE (.)
                0x0b000000                __sbss_start__ = ABSOLUTE (.)
 *(.sbss)
                0x0b000000                . = ALIGN (0x4)
                0x0b000000                __sbss_end = ABSOLUTE (.)

.bss            0x0201b260     0x1f3c
                0x0201b260                __bss_start = ABSOLUTE (.)
                0x0201b260                __bss_start__ = ABSOLUTE (.)
 *(.dynbss)
 *(.gnu.linkonce.b*)
 *(.bss*)
 .bss           0x0201b260        0x0 /home/markholland/devkitPro/devkitARM/bin/../lib/gcc/arm-none-eabi/4.9.2/../../../../arm-none-eabi/lib/ds_arm9_crt0.o
 .bss           0x0201b260        0x0 /home/markholland/devkitPro/devkitARM/bin/../lib/gcc/arm-none-eabi/4.9.2/crti.o
 .bss           0x0201b260       0x1c /home/markholland/devkitPro/devkitARM/bin/../lib/gcc/arm-none-eabi/4.9.2/crtbegin.o
 .bss           0x0201b27c        0xc functions.o
                0x0201b27c                selected
                0x0201b280                type
                0x0201b284                channel
 .bss           0x0201b288        0x0 main.o
 .bss           0x0201b288        0x0 personalData.o
 .bss           0x0201b288        0x0 /home/markholland/devkitPro/libnds/lib/libnds9.a(console.o)
 .bss           0x0201b288        0x6 /home/markholland/devkitPro/libnds/lib/libnds9.a(keys.o)
 *fill*         0x0201b28e        0x2 
 .bss           0x0201b290        0x4 /home/markholland/devkitPro/libnds/lib/libnds9.a(sound.o)
                0x0201b290                micCallback
 .bss           0x0201b294        0x0 /home/markholland/devkitPro/libnds/lib/libnds9.a(initSystem.o)
 .bss           0x0201b294        0x8 /home/markholland/devkitPro/libnds/lib/libnds9.a(fifosystem.o)
                0x0201b298                processing
 .bss           0x0201b29c        0x0 /home/markholland/devkitPro/libnds/lib/libnds9.a(interrupts.o)
 .bss           0x0201b29c        0x0 /home/markholland/devkitPro/libnds/lib/libnds9.a(libnds_exit.arm.o)
 .bss           0x0201b29c        0xc /home/markholland/devkitPro/libnds/lib/libnds9.a(timers.o)
                0x0201b29c                elapsed
 .bss           0x0201b2a8        0x0 /home/markholland/devkitPro/libnds/lib/libnds9.a(mpu_setup.o)
 .bss           0x0201b2a8        0x0 /home/markholland/devkitPro/libnds/lib/libnds9.a(biosCalls.o)
 .bss           0x0201b2a8        0x0 /home/markholland/devkitPro/libnds/lib/libnds9.a(debugprint.o)
 .bss           0x0201b2a8        0x0 /home/markholland/devkitPro/libnds/lib/libnds9.a(interruptDispatcher.o)
 .bss           0x0201b2a8        0x0 /home/markholland/devkitPro/libnds/lib/libnds9.a(swiSoftReset.o)
 .bss           0x0201b2a8        0x0 /home/markholland/devkitPro/libnds/lib/libnds9.a(default_font.bin.o)
 .bss           0x0201b2a8        0x0 /home/markholland/devkitPro/libnds/lib/libnds9.a(background.o)
 .bss           0x0201b2a8        0x4 /home/markholland/devkitPro/libnds/lib/libnds9.a(system.o)
 .bss           0x0201b2ac        0x0 /home/markholland/devkitPro/libnds/lib/libnds9.a(trig.o)
 .bss           0x0201b2ac        0x0 /home/markholland/devkitPro/libnds/lib/libnds9.a(video.o)
 .bss           0x0201b2ac        0x0 /home/markholland/devkitPro/devkitARM/bin/../lib/gcc/arm-none-eabi/4.9.2/libgcc.a(_divsi3.o)
 .bss           0x0201b2ac        0x0 /home/markholland/devkitPro/devkitARM/bin/../lib/gcc/arm-none-eabi/4.9.2/libgcc.a(_dvmd_tls.o)
 .bss           0x0201b2ac        0x0 /home/markholland/devkitPro/devkitARM/bin/../lib/gcc/arm-none-eabi/4.9.2/../../../../arm-none-eabi/lib/libg.a(lib_a-bsearch.o)
 .bss           0x0201b2ac        0x0 /home/markholland/devkitPro/devkitARM/bin/../lib/gcc/arm-none-eabi/4.9.2/../../../../arm-none-eabi/lib/libg.a(lib_a-impure.o)
 .bss           0x0201b2ac        0x0 /home/markholland/devkitPro/devkitARM/bin/../lib/gcc/arm-none-eabi/4.9.2/../../../../arm-none-eabi/lib/libg.a(lib_a-init.o)
 .bss           0x0201b2ac        0x0 /home/markholland/devkitPro/devkitARM/bin/../lib/gcc/arm-none-eabi/4.9.2/../../../../arm-none-eabi/lib/libg.a(lib_a-iprintf.o)
 .bss           0x0201b2ac        0x0 /home/markholland/devkitPro/devkitARM/bin/../lib/gcc/arm-none-eabi/4.9.2/../../../../arm-none-eabi/lib/libg.a(lib_a-memcpy-stub.o)
 .bss           0x0201b2ac        0x0 /home/markholland/devkitPro/devkitARM/bin/../lib/gcc/arm-none-eabi/4.9.2/../../../../arm-none-eabi/lib/libg.a(lib_a-setvbuf.o)
 .bss           0x0201b2ac        0x0 /home/markholland/devkitPro/devkitARM/bin/../lib/gcc/arm-none-eabi/4.9.2/../../../../arm-none-eabi/lib/libg.a(lib_a-siscanf.o)
 .bss           0x0201b2ac        0x0 /home/markholland/devkitPro/devkitARM/bin/../lib/gcc/arm-none-eabi/4.9.2/../../../../arm-none-eabi/lib/libg.a(lib_a-stdio.o)
 .bss           0x0201b2ac        0x0 /home/markholland/devkitPro/devkitARM/bin/../lib/gcc/arm-none-eabi/4.9.2/../../../../arm-none-eabi/lib/libg.a(lib_a-strlen.o)
 .bss           0x0201b2ac        0x0 /home/markholland/devkitPro/devkitARM/bin/../lib/gcc/arm-none-eabi/4.9.2/../../../../arm-none-eabi/lib/libg.a(lib_a-svfiscanf.o)
 .bss           0x0201b2ac        0x0 /home/markholland/devkitPro/devkitARM/bin/../lib/gcc/arm-none-eabi/4.9.2/../../../../arm-none-eabi/lib/libg.a(lib_a-ungetc.o)
 .bss           0x0201b2ac        0x0 /home/markholland/devkitPro/devkitARM/bin/../lib/gcc/arm-none-eabi/4.9.2/../../../../arm-none-eabi/lib/libg.a(lib_a-vfiprintf.o)
 .bss           0x0201b2ac        0x0 /home/markholland/devkitPro/devkitARM/bin/../lib/gcc/arm-none-eabi/4.9.2/../../../../arm-none-eabi/lib/libg.a(lib_a-wcrtomb.o)
 .bss           0x0201b2ac        0x0 /home/markholland/devkitPro/devkitARM/bin/../lib/gcc/arm-none-eabi/4.9.2/../../../../arm-none-eabi/lib/libg.a(lib_a-wcsrtombs.o)
 .bss           0x0201b2ac        0x0 /home/markholland/devkitPro/devkitARM/bin/../lib/gcc/arm-none-eabi/4.9.2/../../../../arm-none-eabi/lib/libg.a(lib_a-wctomb_r.o)
 .bss           0x0201b2ac        0x0 /home/markholland/devkitPro/devkitARM/bin/../lib/gcc/arm-none-eabi/4.9.2/../../../../arm-none-eabi/lib/libg.a(lib_a-wsetup.o)
 .bss           0x0201b2ac        0x0 /home/markholland/devkitPro/devkitARM/bin/../lib/gcc/arm-none-eabi/4.9.2/../../../../arm-none-eabi/lib/libg.a(lib_a-ctype_.o)
 .bss           0x0201b2ac        0x0 /home/markholland/devkitPro/devkitARM/bin/../lib/gcc/arm-none-eabi/4.9.2/../../../../arm-none-eabi/lib/libg.a(lib_a-fflush.o)
 .bss           0x0201b2ac        0x0 /home/markholland/devkitPro/devkitARM/bin/../lib/gcc/arm-none-eabi/4.9.2/../../../../arm-none-eabi/lib/libg.a(lib_a-findfp.o)
 .bss           0x0201b2ac        0x0 /home/markholland/devkitPro/devkitARM/bin/../lib/gcc/arm-none-eabi/4.9.2/../../../../arm-none-eabi/lib/libg.a(lib_a-fputwc.o)
 .bss           0x0201b2ac        0x0 /home/markholland/devkitPro/devkitARM/bin/../lib/gcc/arm-none-eabi/4.9.2/../../../../arm-none-eabi/lib/libg.a(lib_a-freer.o)
 .bss           0x0201b2ac        0x0 /home/markholland/devkitPro/devkitARM/bin/../lib/gcc/arm-none-eabi/4.9.2/../../../../arm-none-eabi/lib/libg.a(lib_a-fvwrite.o)
 .bss           0x0201b2ac        0x0 /home/markholland/devkitPro/devkitARM/bin/../lib/gcc/arm-none-eabi/4.9.2/../../../../arm-none-eabi/lib/libg.a(lib_a-fwalk.o)
 .bss           0x0201b2ac        0x0 /home/markholland/devkitPro/devkitARM/bin/../lib/gcc/arm-none-eabi/4.9.2/../../../../arm-none-eabi/lib/libg.a(lib_a-iswspace.o)
 .bss           0x0201b2ac        0x0 /home/markholland/devkitPro/devkitARM/bin/../lib/gcc/arm-none-eabi/4.9.2/../../../../arm-none-eabi/lib/libg.a(lib_a-jp2uc.o)
 .bss           0x0201b2ac      0x2b8 /home/markholland/devkitPro/devkitARM/bin/../lib/gcc/arm-none-eabi/4.9.2/../../../../arm-none-eabi/lib/libg.a(lib_a-locale.o)
                0x0201b558                _PathLocale
                0x0201b55c                __mlocale_changed
                0x0201b560                __nlocale_changed
 .bss           0x0201b564        0x0 /home/markholland/devkitPro/devkitARM/bin/../lib/gcc/arm-none-eabi/4.9.2/../../../../arm-none-eabi/lib/libg.a(lib_a-makebuf.o)
 .bss           0x0201b564        0x0 /home/markholland/devkitPro/devkitARM/bin/../lib/gcc/arm-none-eabi/4.9.2/../../../../arm-none-eabi/lib/libg.a(lib_a-malloc.o)
 .bss           0x0201b564       0x34 /home/markholland/devkitPro/devkitARM/bin/../lib/gcc/arm-none-eabi/4.9.2/../../../../arm-none-eabi/lib/libg.a(lib_a-mallocr.o)
                0x0201b564                __malloc_top_pad
                0x0201b568                __malloc_current_mallinfo
                0x0201b590                __malloc_max_sbrked_mem
                0x0201b594                __malloc_max_total_mem
 .bss           0x0201b598        0x0 /home/markholland/devkitPro/devkitARM/bin/../lib/gcc/arm-none-eabi/4.9.2/../../../../arm-none-eabi/lib/libg.a(lib_a-mbrtowc.o)
 .bss           0x0201b598        0x0 /home/markholland/devkitPro/devkitARM/bin/../lib/gcc/arm-none-eabi/4.9.2/../../../../arm-none-eabi/lib/libg.a(lib_a-mbtowc_r.o)
 .bss           0x0201b598        0x0 /home/markholland/devkitPro/devkitARM/bin/../lib/gcc/arm-none-eabi/4.9.2/../../../../arm-none-eabi/lib/libg.a(lib_a-memchr-stub.o)
 .bss           0x0201b598        0x0 /home/markholland/devkitPro/devkitARM/bin/../lib/gcc/arm-none-eabi/4.9.2/../../../../arm-none-eabi/lib/libg.a(lib_a-memmove.o)
 .bss           0x0201b598        0x0 /home/markholland/devkitPro/devkitARM/bin/../lib/gcc/arm-none-eabi/4.9.2/../../../../arm-none-eabi/lib/libg.a(lib_a-memset.o)
 .bss           0x0201b598        0x0 /home/markholland/devkitPro/devkitARM/bin/../lib/gcc/arm-none-eabi/4.9.2/../../../../arm-none-eabi/lib/libg.a(lib_a-mlock.o)
 .bss           0x0201b598        0x0 /home/markholland/devkitPro/devkitARM/bin/../lib/gcc/arm-none-eabi/4.9.2/../../../../arm-none-eabi/lib/libg.a(lib_a-reallocr.o)
 .bss           0x0201b598        0x0 /home/markholland/devkitPro/devkitARM/bin/../lib/gcc/arm-none-eabi/4.9.2/../../../../arm-none-eabi/lib/libg.a(lib_a-sccl.o)
 .bss           0x0201b598        0x0 /home/markholland/devkitPro/devkitARM/bin/../lib/gcc/arm-none-eabi/4.9.2/../../../../arm-none-eabi/lib/libg.a(lib_a-strcasecmp.o)
 .bss           0x0201b598        0x0 /home/markholland/devkitPro/devkitARM/bin/../lib/gcc/arm-none-eabi/4.9.2/../../../../arm-none-eabi/lib/libg.a(lib_a-strcat.o)
 .bss           0x0201b598        0x0 /home/markholland/devkitPro/devkitARM/bin/../lib/gcc/arm-none-eabi/4.9.2/../../../../arm-none-eabi/lib/libg.a(lib_a-strchr.o)
 .bss           0x0201b598        0x0 /home/markholland/devkitPro/devkitARM/bin/../lib/gcc/arm-none-eabi/4.9.2/../../../../arm-none-eabi/lib/libg.a(lib_a-strcmp.o)
 .bss           0x0201b598        0x0 /home/markholland/devkitPro/devkitARM/bin/../lib/gcc/arm-none-eabi/4.9.2/../../../../arm-none-eabi/lib/libg.a(lib_a-strcpy.o)
 .bss           0x0201b598        0x0 /home/markholland/devkitPro/devkitARM/bin/../lib/gcc/arm-none-eabi/4.9.2/../../../../arm-none-eabi/lib/libg.a(lib_a-strlcpy.o)
 .bss           0x0201b598        0x0 /home/markholland/devkitPro/devkitARM/bin/../lib/gcc/arm-none-eabi/4.9.2/../../../../arm-none-eabi/lib/libg.a(lib_a-strncasecmp.o)
 .bss           0x0201b598        0x0 /home/markholland/devkitPro/devkitARM/bin/../lib/gcc/arm-none-eabi/4.9.2/../../../../arm-none-eabi/lib/libg.a(lib_a-strncmp.o)
 .bss           0x0201b598        0x0 /home/markholland/devkitPro/devkitARM/bin/../lib/gcc/arm-none-eabi/4.9.2/../../../../arm-none-eabi/lib/libg.a(lib_a-strncpy.o)
 .bss           0x0201b598        0x0 /home/markholland/devkitPro/devkitARM/bin/../lib/gcc/arm-none-eabi/4.9.2/../../../../arm-none-eabi/lib/libg.a(lib_a-strtoll_r.o)
 .bss           0x0201b598        0x0 /home/markholland/devkitPro/devkitARM/bin/../lib/gcc/arm-none-eabi/4.9.2/../../../../arm-none-eabi/lib/libg.a(lib_a-strtol.o)
 .bss           0x0201b598        0x0 /home/markholland/devkitPro/devkitARM/bin/../lib/gcc/arm-none-eabi/4.9.2/../../../../arm-none-eabi/lib/libg.a(lib_a-strtoull_r.o)
 .bss           0x0201b598        0x0 /home/markholland/devkitPro/devkitARM/bin/../lib/gcc/arm-none-eabi/4.9.2/../../../../arm-none-eabi/lib/libg.a(lib_a-strtoul.o)
 .bss           0x0201b598        0x0 /home/markholland/devkitPro/devkitARM/bin/../lib/gcc/arm-none-eabi/4.9.2/../../../../arm-none-eabi/lib/libg.a(lib_a-svfiprintf.o)
 .bss           0x0201b598        0x0 /home/markholland/devkitPro/devkitARM/bin/../lib/gcc/arm-none-eabi/4.9.2/../../../../arm-none-eabi/lib/libg.a(lib_a-wbuf.o)
 .bss           0x0201b598        0x0 /home/markholland/devkitPro/devkitARM/bin/../lib/gcc/arm-none-eabi/4.9.2/../../../../arm-none-eabi/lib/libg.a(lib_a-wcsnrtombs.o)
 .bss           0x0201b598        0x0 /home/markholland/devkitPro/devkitARM/bin/../lib/gcc/arm-none-eabi/4.9.2/../../../../arm-none-eabi/lib/libg.a(lib_a-fclose.o)
 .bss           0x0201b598        0x0 /home/markholland/devkitPro/devkitARM/bin/../lib/gcc/arm-none-eabi/4.9.2/../../../../arm-none-eabi/lib/libg.a(lib_a-getenv_r.o)
 .bss           0x0201b598        0x4 /home/markholland/devkitPro/devkitARM/bin/../lib/gcc/arm-none-eabi/4.9.2/../../../../arm-none-eabi/lib/libg.a(lib_a-environ.o)
 .bss           0x0201b59c        0x0 /home/markholland/devkitPro/devkitARM/bin/../lib/gcc/arm-none-eabi/4.9.2/../../../../arm-none-eabi/lib/libg.a(lib_a-envlock.o)
 .bss           0x0201b59c        0x0 /home/markholland/devkitPro/devkitARM/bin/../lib/gcc/arm-none-eabi/4.9.2/../../../../arm-none-eabi/lib/libsysbase.a(iosupport.o)
 .bss           0x0201b59c        0x0 /home/markholland/devkitPro/devkitARM/bin/../lib/gcc/arm-none-eabi/4.9.2/../../../../arm-none-eabi/lib/libsysbase.a(close.o)
 .bss           0x0201b59c        0x0 /home/markholland/devkitPro/devkitARM/bin/../lib/gcc/arm-none-eabi/4.9.2/../../../../arm-none-eabi/lib/libsysbase.a(fstat.o)
 .bss           0x0201b59c        0x0 /home/markholland/devkitPro/devkitARM/bin/../lib/gcc/arm-none-eabi/4.9.2/../../../../arm-none-eabi/lib/libsysbase.a(isatty.o)
 .bss           0x0201b59c        0x0 /home/markholland/devkitPro/devkitARM/bin/../lib/gcc/arm-none-eabi/4.9.2/../../../../arm-none-eabi/lib/libsysbase.a(lseek.o)
 .bss           0x0201b59c        0x0 /home/markholland/devkitPro/devkitARM/bin/../lib/gcc/arm-none-eabi/4.9.2/../../../../arm-none-eabi/lib/libsysbase.a(read.o)
 .bss           0x0201b59c        0x4 /home/markholland/devkitPro/devkitARM/bin/../lib/gcc/arm-none-eabi/4.9.2/../../../../arm-none-eabi/lib/libsysbase.a(sbrk.o)
 .bss           0x0201b5a0        0x0 /home/markholland/devkitPro/devkitARM/bin/../lib/gcc/arm-none-eabi/4.9.2/../../../../arm-none-eabi/lib/libsysbase.a(times.o)
 .bss           0x0201b5a0        0x0 /home/markholland/devkitPro/devkitARM/bin/../lib/gcc/arm-none-eabi/4.9.2/../../../../arm-none-eabi/lib/libsysbase.a(write.o)
 .bss           0x0201b5a0        0x8 /home/markholland/devkitPro/devkitARM/bin/../lib/gcc/arm-none-eabi/4.9.2/../../../../arm-none-eabi/lib/libsysbase.a(malloc_vars.o)
                0x0201b5a0                fake_heap_start
                0x0201b5a4                fake_heap_end
 .bss           0x0201b5a8        0x0 /home/markholland/devkitPro/devkitARM/bin/../lib/gcc/arm-none-eabi/4.9.2/../../../../arm-none-eabi/lib/libsysbase.a(build_argv.o)
 .bss           0x0201b5a8        0x8 /home/markholland/devkitPro/devkitARM/bin/../lib/gcc/arm-none-eabi/4.9.2/../../../../arm-none-eabi/lib/libsysbase.a(syscall_support.o)
                0x0201b5a8                __syscalls
 .bss           0x0201b5b0     0x1000 /home/markholland/devkitPro/devkitARM/bin/../lib/gcc/arm-none-eabi/4.9.2/../../../../arm-none-eabi/lib/libsysbase.a(handle_manager.o)
 .bss           0x0201c5b0        0x0 /home/markholland/devkitPro/devkitARM/bin/../lib/gcc/arm-none-eabi/4.9.2/libgcc.a(_udivsi3.o)
 .bss           0x0201c5b0        0x0 /home/markholland/devkitPro/devkitARM/bin/../lib/gcc/arm-none-eabi/4.9.2/libgcc.a(_aeabi_uldivmod.o)
 .bss           0x0201c5b0        0x0 /home/markholland/devkitPro/devkitARM/bin/../lib/gcc/arm-none-eabi/4.9.2/libgcc.a(bpabi.o)
 .bss           0x0201c5b0        0x0 /home/markholland/devkitPro/devkitARM/bin/../lib/gcc/arm-none-eabi/4.9.2/libgcc.a(_divdi3.o)
 .bss           0x0201c5b0        0x0 /home/markholland/devkitPro/devkitARM/bin/../lib/gcc/arm-none-eabi/4.9.2/libgcc.a(_udivdi3.o)
 .bss           0x0201c5b0        0x0 /home/markholland/devkitPro/devkitARM/bin/../lib/gcc/arm-none-eabi/4.9.2/libgcc.a(_clzdi2.o)
 .bss           0x0201c5b0        0x0 /home/markholland/devkitPro/devkitARM/bin/../lib/gcc/arm-none-eabi/4.9.2/libgcc.a(_clzsi2.o)
 .bss           0x0201c5b0        0x0 /home/markholland/devkitPro/devkitARM/bin/../lib/gcc/arm-none-eabi/4.9.2/../../../../arm-none-eabi/lib/libg.a(lib_a-errno.o)
 .bss           0x0201c5b0        0x0 /home/markholland/devkitPro/devkitARM/bin/../lib/gcc/arm-none-eabi/4.9.2/crtend.o
 .bss           0x0201c5b0        0x0 /home/markholland/devkitPro/devkitARM/bin/../lib/gcc/arm-none-eabi/4.9.2/crtn.o
 *(COMMON)
 COMMON         0x0201c5b0       0x5c /home/markholland/devkitPro/libnds/lib/libnds9.a(console.o)
                0x0201c5b0                currentCopy
 COMMON         0x0201c60c        0x1 /home/markholland/devkitPro/libnds/lib/libnds9.a(initSystem.o)
                0x0201c60c                __dsimode
 *fill*         0x0201c60d        0x3 
 COMMON         0x0201c610      0xa40 /home/markholland/devkitPro/libnds/lib/libnds9.a(fifosystem.o)
                0x0201c610                fifo_datamsg_data
                0x0201c650                fifo_buffer
                0x0201ce50                fifo_value32_func
                0x0201ce90                fifo_address_func
                0x0201ced0                fifo_value32_data
                0x0201cf10                fifo_value32_queue
                0x0201cf50                fifo_data_queue
                0x0201cf90                fifo_address_data
                0x0201cfd0                fifo_datamsg_func
                0x0201d010                fifo_address_queue
 COMMON         0x0201d050      0x148 /home/markholland/devkitPro/libnds/lib/libnds9.a(background.o)
                0x0201d050                bgState
                0x0201d190                bgIsTextLut
 COMMON         0x0201d198        0x4 /home/markholland/devkitPro/devkitARM/bin/../lib/gcc/arm-none-eabi/4.9.2/../../../../arm-none-eabi/lib/libsysbase.a(times.o)
                0x0201d198                punixTime
                0x0201d19c                . = ALIGN (0x4)
                0x0201d19c                __bss_end__ = ABSOLUTE (.)
                0x0201d19c                __end__ = ABSOLUTE (.)

.stab
 *(.stab)

.stabstr
 *(.stabstr)

.stab.excl
 *(.stab.excl)

.stab.exclstr
 *(.stab.exclstr)

.stab.index
 *(.stab.index)

.stab.indexstr
 *(.stab.indexstr)

.comment        0x00000000       0x44
 *(.comment)
 .comment       0x00000000       0x22 /home/markholland/devkitPro/devkitARM/bin/../lib/gcc/arm-none-eabi/4.9.2/crtbegin.o
                                 0x23 (size before relaxing)
 .comment       0x00000000       0x23 functions.o
 .comment       0x00000000       0x23 main.o
 .comment       0x00000000       0x23 personalData.o
 .comment       0x00000022       0x22 /home/markholland/devkitPro/libnds/lib/libnds9.a(console.o)
                                 0x23 (size before relaxing)
 .comment       0x00000000       0x23 /home/markholland/devkitPro/libnds/lib/libnds9.a(keys.o)
 .comment       0x00000000       0x23 /home/markholland/devkitPro/libnds/lib/libnds9.a(sound.o)
 .comment       0x00000000       0x23 /home/markholland/devkitPro/libnds/lib/libnds9.a(initSystem.o)
 .comment       0x00000000       0x23 /home/markholland/devkitPro/libnds/lib/libnds9.a(fifosystem.o)
 .comment       0x00000000       0x23 /home/markholland/devkitPro/libnds/lib/libnds9.a(interrupts.o)
 .comment       0x00000000       0x23 /home/markholland/devkitPro/libnds/lib/libnds9.a(libnds_exit.arm.o)
 .comment       0x00000000       0x23 /home/markholland/devkitPro/libnds/lib/libnds9.a(timers.o)
 .comment       0x00000000       0x23 /home/markholland/devkitPro/libnds/lib/libnds9.a(background.o)
 .comment       0x00000000       0x23 /home/markholland/devkitPro/libnds/lib/libnds9.a(system.o)
 .comment       0x00000000       0x23 /home/markholland/devkitPro/libnds/lib/libnds9.a(trig.o)
 .comment       0x00000000       0x23 /home/markholland/devkitPro/libnds/lib/libnds9.a(video.o)
 .comment       0x00000000       0x23 /home/markholland/devkitPro/devkitARM/bin/../lib/gcc/arm-none-eabi/4.9.2/../../../../arm-none-eabi/lib/libg.a(lib_a-bsearch.o)
 .comment       0x00000000       0x23 /home/markholland/devkitPro/devkitARM/bin/../lib/gcc/arm-none-eabi/4.9.2/../../../../arm-none-eabi/lib/libg.a(lib_a-impure.o)
 .comment       0x00000000       0x23 /home/markholland/devkitPro/devkitARM/bin/../lib/gcc/arm-none-eabi/4.9.2/../../../../arm-none-eabi/lib/libg.a(lib_a-init.o)
 .comment       0x00000000       0x23 /home/markholland/devkitPro/devkitARM/bin/../lib/gcc/arm-none-eabi/4.9.2/../../../../arm-none-eabi/lib/libg.a(lib_a-iprintf.o)
 .comment       0x00000000       0x23 /home/markholland/devkitPro/devkitARM/bin/../lib/gcc/arm-none-eabi/4.9.2/../../../../arm-none-eabi/lib/libg.a(lib_a-memcpy-stub.o)
 .comment       0x00000000       0x23 /home/markholland/devkitPro/devkitARM/bin/../lib/gcc/arm-none-eabi/4.9.2/../../../../arm-none-eabi/lib/libg.a(lib_a-setvbuf.o)
 .comment       0x00000000       0x23 /home/markholland/devkitPro/devkitARM/bin/../lib/gcc/arm-none-eabi/4.9.2/../../../../arm-none-eabi/lib/libg.a(lib_a-siscanf.o)
 .comment       0x00000000       0x23 /home/markholland/devkitPro/devkitARM/bin/../lib/gcc/arm-none-eabi/4.9.2/../../../../arm-none-eabi/lib/libg.a(lib_a-stdio.o)
 .comment       0x00000000       0x23 /home/markholland/devkitPro/devkitARM/bin/../lib/gcc/arm-none-eabi/4.9.2/../../../../arm-none-eabi/lib/libg.a(lib_a-strlen.o)
 .comment       0x00000000       0x23 /home/markholland/devkitPro/devkitARM/bin/../lib/gcc/arm-none-eabi/4.9.2/../../../../arm-none-eabi/lib/libg.a(lib_a-svfiscanf.o)
 .comment       0x00000000       0x23 /home/markholland/devkitPro/devkitARM/bin/../lib/gcc/arm-none-eabi/4.9.2/../../../../arm-none-eabi/lib/libg.a(lib_a-ungetc.o)
 .comment       0x00000000       0x23 /home/markholland/devkitPro/devkitARM/bin/../lib/gcc/arm-none-eabi/4.9.2/../../../../arm-none-eabi/lib/libg.a(lib_a-vfiprintf.o)
 .comment       0x00000000       0x23 /home/markholland/devkitPro/devkitARM/bin/../lib/gcc/arm-none-eabi/4.9.2/../../../../arm-none-eabi/lib/libg.a(lib_a-wcrtomb.o)
 .comment       0x00000000       0x23 /home/markholland/devkitPro/devkitARM/bin/../lib/gcc/arm-none-eabi/4.9.2/../../../../arm-none-eabi/lib/libg.a(lib_a-wcsrtombs.o)
 .comment       0x00000000       0x23 /home/markholland/devkitPro/devkitARM/bin/../lib/gcc/arm-none-eabi/4.9.2/../../../../arm-none-eabi/lib/libg.a(lib_a-wctomb_r.o)
 .comment       0x00000000       0x23 /home/markholland/devkitPro/devkitARM/bin/../lib/gcc/arm-none-eabi/4.9.2/../../../../arm-none-eabi/lib/libg.a(lib_a-wsetup.o)
 .comment       0x00000000       0x23 /home/markholland/devkitPro/devkitARM/bin/../lib/gcc/arm-none-eabi/4.9.2/../../../../arm-none-eabi/lib/libg.a(lib_a-ctype_.o)
 .comment       0x00000000       0x23 /home/markholland/devkitPro/devkitARM/bin/../lib/gcc/arm-none-eabi/4.9.2/../../../../arm-none-eabi/lib/libg.a(lib_a-fflush.o)
 .comment       0x00000000       0x23 /home/markholland/devkitPro/devkitARM/bin/../lib/gcc/arm-none-eabi/4.9.2/../../../../arm-none-eabi/lib/libg.a(lib_a-findfp.o)
 .comment       0x00000000       0x23 /home/markholland/devkitPro/devkitARM/bin/../lib/gcc/arm-none-eabi/4.9.2/../../../../arm-none-eabi/lib/libg.a(lib_a-fputwc.o)
 .comment       0x00000000       0x23 /home/markholland/devkitPro/devkitARM/bin/../lib/gcc/arm-none-eabi/4.9.2/../../../../arm-none-eabi/lib/libg.a(lib_a-freer.o)
 .comment       0x00000000       0x23 /home/markholland/devkitPro/devkitARM/bin/../lib/gcc/arm-none-eabi/4.9.2/../../../../arm-none-eabi/lib/libg.a(lib_a-fvwrite.o)
 .comment       0x00000000       0x23 /home/markholland/devkitPro/devkitARM/bin/../lib/gcc/arm-none-eabi/4.9.2/../../../../arm-none-eabi/lib/libg.a(lib_a-fwalk.o)
 .comment       0x00000000       0x23 /home/markholland/devkitPro/devkitARM/bin/../lib/gcc/arm-none-eabi/4.9.2/../../../../arm-none-eabi/lib/libg.a(lib_a-iswspace.o)
 .comment       0x00000000       0x23 /home/markholland/devkitPro/devkitARM/bin/../lib/gcc/arm-none-eabi/4.9.2/../../../../arm-none-eabi/lib/libg.a(lib_a-jp2uc.o)
 .comment       0x00000000       0x23 /home/markholland/devkitPro/devkitARM/bin/../lib/gcc/arm-none-eabi/4.9.2/../../../../arm-none-eabi/lib/libg.a(lib_a-locale.o)
 .comment       0x00000000       0x23 /home/markholland/devkitPro/devkitARM/bin/../lib/gcc/arm-none-eabi/4.9.2/../../../../arm-none-eabi/lib/libg.a(lib_a-makebuf.o)
 .comment       0x00000000       0x23 /home/markholland/devkitPro/devkitARM/bin/../lib/gcc/arm-none-eabi/4.9.2/../../../../arm-none-eabi/lib/libg.a(lib_a-malloc.o)
 .comment       0x00000000       0x23 /home/markholland/devkitPro/devkitARM/bin/../lib/gcc/arm-none-eabi/4.9.2/../../../../arm-none-eabi/lib/libg.a(lib_a-mallocr.o)
 .comment       0x00000000       0x23 /home/markholland/devkitPro/devkitARM/bin/../lib/gcc/arm-none-eabi/4.9.2/../../../../arm-none-eabi/lib/libg.a(lib_a-mbrtowc.o)
 .comment       0x00000000       0x23 /home/markholland/devkitPro/devkitARM/bin/../lib/gcc/arm-none-eabi/4.9.2/../../../../arm-none-eabi/lib/libg.a(lib_a-mbtowc_r.o)
 .comment       0x00000000       0x23 /home/markholland/devkitPro/devkitARM/bin/../lib/gcc/arm-none-eabi/4.9.2/../../../../arm-none-eabi/lib/libg.a(lib_a-memchr-stub.o)
 .comment       0x00000000       0x23 /home/markholland/devkitPro/devkitARM/bin/../lib/gcc/arm-none-eabi/4.9.2/../../../../arm-none-eabi/lib/libg.a(lib_a-memmove.o)
 .comment       0x00000000       0x23 /home/markholland/devkitPro/devkitARM/bin/../lib/gcc/arm-none-eabi/4.9.2/../../../../arm-none-eabi/lib/libg.a(lib_a-memset.o)
 .comment       0x00000000       0x23 /home/markholland/devkitPro/devkitARM/bin/../lib/gcc/arm-none-eabi/4.9.2/../../../../arm-none-eabi/lib/libg.a(lib_a-mlock.o)
 .comment       0x00000000       0x23 /home/markholland/devkitPro/devkitARM/bin/../lib/gcc/arm-none-eabi/4.9.2/../../../../arm-none-eabi/lib/libg.a(lib_a-reallocr.o)
 .comment       0x00000000       0x23 /home/markholland/devkitPro/devkitARM/bin/../lib/gcc/arm-none-eabi/4.9.2/../../../../arm-none-eabi/lib/libg.a(lib_a-sccl.o)
 .comment       0x00000000       0x23 /home/markholland/devkitPro/devkitARM/bin/../lib/gcc/arm-none-eabi/4.9.2/../../../../arm-none-eabi/lib/libg.a(lib_a-strcasecmp.o)
 .comment       0x00000000       0x23 /home/markholland/devkitPro/devkitARM/bin/../lib/gcc/arm-none-eabi/4.9.2/../../../../arm-none-eabi/lib/libg.a(lib_a-strcat.o)
 .comment       0x00000000       0x23 /home/markholland/devkitPro/devkitARM/bin/../lib/gcc/arm-none-eabi/4.9.2/../../../../arm-none-eabi/lib/libg.a(lib_a-strchr.o)
 .comment       0x00000000       0x23 /home/markholland/devkitPro/devkitARM/bin/../lib/gcc/arm-none-eabi/4.9.2/../../../../arm-none-eabi/lib/libg.a(lib_a-strcpy.o)
 .comment       0x00000000       0x23 /home/markholland/devkitPro/devkitARM/bin/../lib/gcc/arm-none-eabi/4.9.2/../../../../arm-none-eabi/lib/libg.a(lib_a-strlcpy.o)
 .comment       0x00000000       0x23 /home/markholland/devkitPro/devkitARM/bin/../lib/gcc/arm-none-eabi/4.9.2/../../../../arm-none-eabi/lib/libg.a(lib_a-strncasecmp.o)
 .comment       0x00000000       0x23 /home/markholland/devkitPro/devkitARM/bin/../lib/gcc/arm-none-eabi/4.9.2/../../../../arm-none-eabi/lib/libg.a(lib_a-strncmp.o)
 .comment       0x00000000       0x23 /home/markholland/devkitPro/devkitARM/bin/../lib/gcc/arm-none-eabi/4.9.2/../../../../arm-none-eabi/lib/libg.a(lib_a-strncpy.o)
 .comment       0x00000000       0x23 /home/markholland/devkitPro/devkitARM/bin/../lib/gcc/arm-none-eabi/4.9.2/../../../../arm-none-eabi/lib/libg.a(lib_a-strtoll_r.o)
 .comment       0x00000000       0x23 /home/markholland/devkitPro/devkitARM/bin/../lib/gcc/arm-none-eabi/4.9.2/../../../../arm-none-eabi/lib/libg.a(lib_a-strtol.o)
 .comment       0x00000000       0x23 /home/markholland/devkitPro/devkitARM/bin/../lib/gcc/arm-none-eabi/4.9.2/../../../../arm-none-eabi/lib/libg.a(lib_a-strtoull_r.o)
 .comment       0x00000000       0x23 /home/markholland/devkitPro/devkitARM/bin/../lib/gcc/arm-none-eabi/4.9.2/../../../../arm-none-eabi/lib/libg.a(lib_a-strtoul.o)
 .comment       0x00000000       0x23 /home/markholland/devkitPro/devkitARM/bin/../lib/gcc/arm-none-eabi/4.9.2/../../../../arm-none-eabi/lib/libg.a(lib_a-svfiprintf.o)
 .comment       0x00000000       0x23 /home/markholland/devkitPro/devkitARM/bin/../lib/gcc/arm-none-eabi/4.9.2/../../../../arm-none-eabi/lib/libg.a(lib_a-wbuf.o)
 .comment       0x00000000       0x23 /home/markholland/devkitPro/devkitARM/bin/../lib/gcc/arm-none-eabi/4.9.2/../../../../arm-none-eabi/lib/libg.a(lib_a-wcsnrtombs.o)
 .comment       0x00000000       0x23 /home/markholland/devkitPro/devkitARM/bin/../lib/gcc/arm-none-eabi/4.9.2/../../../../arm-none-eabi/lib/libg.a(lib_a-fclose.o)
 .comment       0x00000000       0x23 /home/markholland/devkitPro/devkitARM/bin/../lib/gcc/arm-none-eabi/4.9.2/../../../../arm-none-eabi/lib/libg.a(lib_a-getenv_r.o)
 .comment       0x00000000       0x23 /home/markholland/devkitPro/devkitARM/bin/../lib/gcc/arm-none-eabi/4.9.2/../../../../arm-none-eabi/lib/libg.a(lib_a-environ.o)
 .comment       0x00000000       0x23 /home/markholland/devkitPro/devkitARM/bin/../lib/gcc/arm-none-eabi/4.9.2/../../../../arm-none-eabi/lib/libg.a(lib_a-envlock.o)
 .comment       0x00000000       0x23 /home/markholland/devkitPro/devkitARM/bin/../lib/gcc/arm-none-eabi/4.9.2/../../../../arm-none-eabi/lib/libsysbase.a(iosupport.o)
 .comment       0x00000000       0x23 /home/markholland/devkitPro/devkitARM/bin/../lib/gcc/arm-none-eabi/4.9.2/../../../../arm-none-eabi/lib/libsysbase.a(close.o)
 .comment       0x00000000       0x23 /home/markholland/devkitPro/devkitARM/bin/../lib/gcc/arm-none-eabi/4.9.2/../../../../arm-none-eabi/lib/libsysbase.a(fstat.o)
 .comment       0x00000000       0x23 /home/markholland/devkitPro/devkitARM/bin/../lib/gcc/arm-none-eabi/4.9.2/../../../../arm-none-eabi/lib/libsysbase.a(isatty.o)
 .comment       0x00000000       0x23 /home/markholland/devkitPro/devkitARM/bin/../lib/gcc/arm-none-eabi/4.9.2/../../../../arm-none-eabi/lib/libsysbase.a(lseek.o)
 .comment       0x00000000       0x23 /home/markholland/devkitPro/devkitARM/bin/../lib/gcc/arm-none-eabi/4.9.2/../../../../arm-none-eabi/lib/libsysbase.a(read.o)
 .comment       0x00000000       0x23 /home/markholland/devkitPro/devkitARM/bin/../lib/gcc/arm-none-eabi/4.9.2/../../../../arm-none-eabi/lib/libsysbase.a(sbrk.o)
 .comment       0x00000000       0x23 /home/markholland/devkitPro/devkitARM/bin/../lib/gcc/arm-none-eabi/4.9.2/../../../../arm-none-eabi/lib/libsysbase.a(times.o)
 .comment       0x00000000       0x23 /home/markholland/devkitPro/devkitARM/bin/../lib/gcc/arm-none-eabi/4.9.2/../../../../arm-none-eabi/lib/libsysbase.a(write.o)
 .comment       0x00000000       0x23 /home/markholland/devkitPro/devkitARM/bin/../lib/gcc/arm-none-eabi/4.9.2/../../../../arm-none-eabi/lib/libsysbase.a(malloc_vars.o)
 .comment       0x00000000       0x23 /home/markholland/devkitPro/devkitARM/bin/../lib/gcc/arm-none-eabi/4.9.2/../../../../arm-none-eabi/lib/libsysbase.a(build_argv.o)
 .comment       0x00000000       0x23 /home/markholland/devkitPro/devkitARM/bin/../lib/gcc/arm-none-eabi/4.9.2/../../../../arm-none-eabi/lib/libsysbase.a(syscall_support.o)
 .comment       0x00000000       0x23 /home/markholland/devkitPro/devkitARM/bin/../lib/gcc/arm-none-eabi/4.9.2/../../../../arm-none-eabi/lib/libsysbase.a(handle_manager.o)
 .comment       0x00000000       0x23 /home/markholland/devkitPro/devkitARM/bin/../lib/gcc/arm-none-eabi/4.9.2/libgcc.a(bpabi.o)
 .comment       0x00000000       0x23 /home/markholland/devkitPro/devkitARM/bin/../lib/gcc/arm-none-eabi/4.9.2/libgcc.a(_divdi3.o)
 .comment       0x00000000       0x23 /home/markholland/devkitPro/devkitARM/bin/../lib/gcc/arm-none-eabi/4.9.2/libgcc.a(_udivdi3.o)
 .comment       0x00000000       0x23 /home/markholland/devkitPro/devkitARM/bin/../lib/gcc/arm-none-eabi/4.9.2/../../../../arm-none-eabi/lib/libg.a(lib_a-errno.o)
 .comment       0x00000000       0x23 /home/markholland/devkitPro/devkitARM/bin/../lib/gcc/arm-none-eabi/4.9.2/crtend.o

.ARM.attributes
                0x00000000       0x2d
 .ARM.attributes
                0x00000000       0x21 /home/markholland/devkitPro/devkitARM/bin/../lib/gcc/arm-none-eabi/4.9.2/../../../../arm-none-eabi/lib/ds_arm9_crt0.o
 .ARM.attributes
                0x00000021       0x16 /home/markholland/devkitPro/devkitARM/bin/../lib/gcc/arm-none-eabi/4.9.2/crti.o
 .ARM.attributes
                0x00000037       0x30 /home/markholland/devkitPro/devkitARM/bin/../lib/gcc/arm-none-eabi/4.9.2/crtbegin.o
 .ARM.attributes
                0x00000067       0x2b functions.o
 .ARM.attributes
                0x00000092       0x2b main.o
 .ARM.attributes
                0x000000bd       0x2b personalData.o
 .ARM.attributes
                0x000000e8       0x27 /home/markholland/devkitPro/libnds/lib/libnds9.a(console.o)
 .ARM.attributes
                0x0000010f       0x27 /home/markholland/devkitPro/libnds/lib/libnds9.a(keys.o)
 .ARM.attributes
                0x00000136       0x27 /home/markholland/devkitPro/libnds/lib/libnds9.a(sound.o)
 .ARM.attributes
                0x0000015d       0x27 /home/markholland/devkitPro/libnds/lib/libnds9.a(initSystem.o)
 .ARM.attributes
                0x00000184       0x27 /home/markholland/devkitPro/libnds/lib/libnds9.a(fifosystem.o)
 .ARM.attributes
                0x000001ab       0x27 /home/markholland/devkitPro/libnds/lib/libnds9.a(interrupts.o)
 .ARM.attributes
                0x000001d2       0x27 /home/markholland/devkitPro/libnds/lib/libnds9.a(libnds_exit.arm.o)
 .ARM.attributes
                0x000001f9       0x27 /home/markholland/devkitPro/libnds/lib/libnds9.a(timers.o)
 .ARM.attributes
                0x00000220       0x21 /home/markholland/devkitPro/libnds/lib/libnds9.a(mpu_setup.o)
 .ARM.attributes
                0x00000241       0x1b /home/markholland/devkitPro/libnds/lib/libnds9.a(biosCalls.o)
 .ARM.attributes
                0x0000025c       0x1b /home/markholland/devkitPro/libnds/lib/libnds9.a(debugprint.o)
 .ARM.attributes