Archive member included because of file (symbol)

/home/markholland/devkitPro/libnds/lib/libfat.a(libfat.o)
                              micrecord.o (fatInitDefault)
/home/markholland/devkitPro/libnds/lib/libfat.a(partition.o)
                              /home/markholland/devkitPro/libnds/lib/libfat.a(libfat.o) (_FAT_partition_constructor)
/home/markholland/devkitPro/libnds/lib/libfat.a(cache.o)
                              /home/markholland/devkitPro/libnds/lib/libfat.a(partition.o) (_FAT_cache_constructor)
/home/markholland/devkitPro/libnds/lib/libfat.a(directory.o)
                              /home/markholland/devkitPro/libnds/lib/libfat.a(libfat.o) (_FAT_directory_getVolumeLabel)
/home/markholland/devkitPro/libnds/lib/libfat.a(disc.o)
                              /home/markholland/devkitPro/libnds/lib/libfat.a(libfat.o) (_FAT_disc_interfaces)
/home/markholland/devkitPro/libnds/lib/libfat.a(fatdir.o)
                              /home/markholland/devkitPro/libnds/lib/libfat.a(libfat.o) (_FAT_stat_r)
/home/markholland/devkitPro/libnds/lib/libfat.a(fatfile.o)
                              /home/markholland/devkitPro/libnds/lib/libfat.a(libfat.o) (_FAT_open_r)
/home/markholland/devkitPro/libnds/lib/libfat.a(file_allocation_table.o)
                              /home/markholland/devkitPro/libnds/lib/libfat.a(directory.o) (_FAT_fat_nextCluster)
/home/markholland/devkitPro/libnds/lib/libfat.a(filetime.o)
                              /home/markholland/devkitPro/libnds/lib/libfat.a(fatdir.o) (_FAT_filetime_getTimeFromRTC)
/home/markholland/devkitPro/libnds/lib/libfat.a(lock.o)
                              /home/markholland/devkitPro/libnds/lib/libfat.a(partition.o) (_FAT_lock_init)
/home/markholland/devkitPro/libnds/lib/libnds9.a(console.o)
                              micrecord.o (consoleDemoInit)
/home/markholland/devkitPro/libnds/lib/libnds9.a(keys.o)
                              micrecord.o (scanKeys)
/home/markholland/devkitPro/libnds/lib/libnds9.a(sound.o)
                              micrecord.o (soundEnable)
/home/markholland/devkitPro/libnds/lib/libnds9.a(dldi.o)
                              /home/markholland/devkitPro/libnds/lib/libfat.a(disc.o) (dldiGetInternal)
/home/markholland/devkitPro/libnds/lib/libnds9.a(dsi_sd.o)
                              /home/markholland/devkitPro/libnds/lib/libfat.a(disc.o) (__io_dsisd)
/home/markholland/devkitPro/libnds/lib/libnds9.a(initSystem.o)
                              /home/markholland/devkitPro/devkitARM/bin/../lib/gcc/arm-none-eabi/4.9.2/../../../../arm-none-eabi/lib/thumb/ds_arm9_crt0.o (initSystem)
/home/markholland/devkitPro/libnds/lib/libnds9.a(fifosystem.o)
                              /home/markholland/devkitPro/libnds/lib/libnds9.a(initSystem.o) (fifoSetValue32Handler)
/home/markholland/devkitPro/libnds/lib/libnds9.a(interrupts.o)
                              /home/markholland/devkitPro/libnds/lib/libnds9.a(fifosystem.o) (irqSet)
/home/markholland/devkitPro/libnds/lib/libnds9.a(libnds_exit.arm.o)
                              /home/markholland/devkitPro/devkitARM/bin/../lib/gcc/arm-none-eabi/4.9.2/../../../../arm-none-eabi/lib/thumb/ds_arm9_crt0.o (__libnds_exit)
/home/markholland/devkitPro/libnds/lib/libnds9.a(dcache.o)
                              /home/markholland/devkitPro/libnds/lib/libnds9.a(dsi_sd.o) (DC_FlushRange)
/home/markholland/devkitPro/libnds/lib/libnds9.a(dldi_stub.o)
                              /home/markholland/devkitPro/libnds/lib/libnds9.a(dldi.o) (_io_dldi_stub)
/home/markholland/devkitPro/libnds/lib/libnds9.a(mpu_setup.o)
                              /home/markholland/devkitPro/devkitARM/bin/../lib/gcc/arm-none-eabi/4.9.2/../../../../arm-none-eabi/lib/thumb/ds_arm9_crt0.o (__libnds_mpu_setup)
/home/markholland/devkitPro/libnds/lib/libnds9.a(biosCalls.o)
                              /home/markholland/devkitPro/libnds/lib/libnds9.a(fifosystem.o) (swiIntrWait)
/home/markholland/devkitPro/libnds/lib/libnds9.a(debugprint.o)
                              /home/markholland/devkitPro/libnds/lib/libnds9.a(console.o) (nocashWrite)
/home/markholland/devkitPro/libnds/lib/libnds9.a(interruptDispatcher.o)
                              /home/markholland/devkitPro/libnds/lib/libnds9.a(interrupts.o) (IntrMain)
/home/markholland/devkitPro/libnds/lib/libnds9.a(swiSoftReset.o)
                              /home/markholland/devkitPro/libnds/lib/libnds9.a(fifosystem.o) (swiSoftReset)
/home/markholland/devkitPro/libnds/lib/libnds9.a(default_font.bin.o)
                              /home/markholland/devkitPro/libnds/lib/libnds9.a(console.o) (default_font_bin)
/home/markholland/devkitPro/libnds/lib/libnds9.a(background.o)
                              /home/markholland/devkitPro/libnds/lib/libnds9.a(console.o) (bgState)
/home/markholland/devkitPro/libnds/lib/libnds9.a(system.o)
                              /home/markholland/devkitPro/libnds/lib/libnds9.a(initSystem.o) (systemValueHandler)
[...]
Memory Configuration

Name             Origin             Length             Attributes
rom              0x08000000         0x02000000
ewram            0x02000000         0x003ff000
dtcm             0x0b000000         0x00004000
vectors          0x01000000         0x00000100
itcm             0x01000100         0x00007f00
*default*        0x00000000         0xffffffff

Linker script and memory map

                0x01000000                __vectors_start = ORIGIN (vectors)
                0x01000100                __itcm_start = ORIGIN (itcm)
                0x023ff000                __ewram_end = (ORIGIN (ewram) + 0x3ff000)
                0x023ff000                __eheap_end = (ORIGIN (ewram) + 0x3ff000)
                0x0b000000                __dtcm_start = ORIGIN (dtcm)
                0x0b004000                __dtcm_top = (ORIGIN (dtcm) + 0x4000)
                0x0b003ff8                __irq_flags = (__dtcm_top - 0x8)
                0x0b003ffc                __irq_vector = (__dtcm_top - 0x4)
                0x0b003f00                __sp_svc = (__dtcm_top - 0x100)
                0x0b003e00                __sp_irq = (__sp_svc - 0x100)
                0x0b003d00                __sp_usr = (__sp_irq - 0x100)

.init           0x02000000      0x23c
                0x02000000                __text_start = .
 *(.init)
 .init          0x02000000      0x230 /home/markholland/devkitPro/devkitARM/bin/../lib/gcc/arm-none-eabi/4.9.2/../../../../arm-none-eabi/lib/thumb/ds_arm9_crt0.o
                0x02000000                _start
 .init          0x02000230        0x4 /home/markholland/devkitPro/devkitARM/bin/../lib/gcc/arm-none-eabi/4.9.2/thumb/crti.o
                0x02000230                _init
 .init          0x02000234        0x8 /home/markholland/devkitPro/devkitARM/bin/../lib/gcc/arm-none-eabi/4.9.2/thumb/crtn.o
                0x0200023c                . = ALIGN (0x4)

.plt
 *(.plt)

.text           0x02000240    0x1d7b0
 *(EXCLUDE_FILE(*.itcm*) .text)
 .text          0x02000240        0x0 /home/markholland/devkitPro/devkitARM/bin/../lib/gcc/arm-none-eabi/4.9.2/../../../../arm-none-eabi/lib/thumb/ds_arm9_crt0.o
 .text          0x02000240        0x0 /home/markholland/devkitPro/devkitARM/bin/../lib/gcc/arm-none-eabi/4.9.2/thumb/crti.o
 .text          0x02000240       0xd4 /home/markholland/devkitPro/devkitARM/bin/../lib/gcc/arm-none-eabi/4.9.2/thumb/crtbegin.o
 .text          0x02000314      0x124 micrecord.o
                0x02000314                micHandler
                0x0200037c                record
                0x020003a8                play
                0x020003e4                save
 .text          0x02000438      0x338 /home/markholland/devkitPro/libnds/lib/libfat.a(libfat.o)
                0x02000438                fatMount
                0x020004f8                fatMountSimple
                0x0200050c                fatUnmount
                0x02000544                fatInit
                0x02000688                fatInitDefault
                0x02000694                fatGetVolumeLabel
 .text          0x02000770      0x768 /home/markholland/devkitPro/libnds/lib/libfat.a(partition.o)
                0x0200097c                FindFirstValidPartition_buf
                0x02000b00                FindFirstValidPartition
                0x02000b28                _FAT_partition_constructor_buf
                0x02000de8                _FAT_partition_constructor
                0x02000e28                _FAT_partition_destructor
                0x02000e70                _FAT_partition_getPartitionFromPath
                0x02000e84                _FAT_partition_createFSinfo
                0x02000e9c                _FAT_partition_readFSinfo
                0x02000eac                _FAT_partition_writeFSinfo
                0x02000ebc                _FAT_getCwdClusterPtr
 .text          0x02000ed8      0x528 /home/markholland/devkitPro/libnds/lib/libfat.a(cache.o)
                0x02001014                _FAT_cache_constructor
                0x020010b4                _FAT_cache_readSectors
                0x02001120                _FAT_cache_readPartialSector
                0x02001160                _FAT_cache_readLittleEndianValue
                0x020011ec                _FAT_cache_writePartialSector
                0x0200120c                _FAT_cache_writeLittleEndianValue
                0x02001260                _FAT_cache_eraseWritePartialSector
                0x020012cc                _FAT_cache_writeSectors
                0x02001344                _FAT_cache_flush
                0x0200139c                _FAT_cache_destructor
                0x020013d0                _FAT_cache_invalidate
 .text          0x02001400     0x14ec /home/markholland/devkitPro/libnds/lib/libfat.a(directory.o)
                0x020016a4                _FAT_directory_entryGetCluster
                0x020016c0                _FAT_directory_getNextEntry
                0x02001944                _FAT_directory_getFirstEntry
                0x02001964                _FAT_directory_getRootEntry
                0x020019c0                _FAT_directory_getVolumeLabel
                0x02001a84                _FAT_directory_entryFromPosition
                0x02001bbc                _FAT_directory_entryFromPath
                0x02001e30                _FAT_directory_removeEntry
                0x02001ef8                _FAT_directory_addEntry
                0x020027c8                _FAT_directory_chdir
                0x02002814                _FAT_directory_entryStat
 .text          0x020028ec        0x8 /home/markholland/devkitPro/libnds/lib/libfat.a(disc.o)
 .text          0x020028f4      0x91c /home/markholland/devkitPro/libnds/lib/libfat.a(fatdir.o)
                0x020028f4                _FAT_stat_r
                0x02002990                _FAT_link_r
                0x0200299c                _FAT_unlink_r
                0x02002b24                _FAT_chdir_r
                0x02002b94                _FAT_rename_r
                0x02002d60                _FAT_mkdir_r
                0x02002fd8                _FAT_statvfs_r
                0x02003060                _FAT_diropen_r
                0x02003120                _FAT_dirreset_r
                0x0200316c                _FAT_dirnext_r
                0x020031f0                _FAT_dirclose_r
 .text          0x02003210     0x13b4 /home/markholland/devkitPro/libnds/lib/libfat.a(fatfile.o)
                0x02003560                _FAT_findEntry
                0x0200359c                FAT_getAttr
                0x020035c4                FAT_setAttr
                0x02003608                _FAT_open_r
                0x0200392c                _FAT_syncToDisc
                0x0200394c                _FAT_close_r
                0x020039c4                _FAT_read_r
                0x02003d20                _FAT_write_r
                0x02004220                _FAT_seek_r
                0x02004384                _FAT_fstat_r
                0x02004418                _FAT_ftruncate_r
                0x0200457c                _FAT_fsync_r
 .text          0x020045c4      0x4bc /home/markholland/devkitPro/libnds/lib/libfat.a(file_allocation_table.o)
                0x02004710                _FAT_fat_nextCluster
                0x0200482c                _FAT_fat_linkFreeCluster
                0x020048c0                _FAT_fat_linkFreeClusterCleared
                0x02004930                _FAT_fat_clearLinks
                0x02004994                _FAT_fat_trimChain
                0x02004a20                _FAT_fat_lastCluster
                0x02004a54                _FAT_fat_freeClusterCount
 .text          0x02004a80       0xb8 /home/markholland/devkitPro/libnds/lib/libfat.a(filetime.o)
                0x02004a80                _FAT_filetime_getTimeFromRTC
                0x02004ac0                _FAT_filetime_getDateFromRTC
                0x02004b00                _FAT_filetime_to_time_t
 .text          0x02004b38       0x10 /home/markholland/devkitPro/libnds/lib/libfat.a(lock.o)
                0x02004b38                _FAT_lock_init
                0x02004b3c                _FAT_lock_deinit
                0x02004b40                _FAT_lock
                0x02004b44                _FAT_unlock
 .text          0x02004b48     0x116c /home/markholland/devkitPro/libnds/lib/libnds9.a(console.o)
                0x02004db4                nocash_write
                0x02004e2c                con_write
                0x02005360                consoleGetDefault
                0x0200536c                consoleLoadFont
                0x020056d4                consoleInit
                0x02005900                consoleSelect
                0x02005910                consoleSetFont
                0x02005930                consoleDebugInit
                0x02005984                consoleDemoInit
                0x02005b8c                consolePrintChar
                0x02005c84                consoleClear
                0x02005c94                consoleSetWindow
 .text          0x02005cb4       0xf4 /home/markholland/devkitPro/libnds/lib/libnds9.a(keys.o)
                0x02005cb4                scanKeys
                0x02005d20                keysHeld
                0x02005d2c                keysDown
                0x02005d3c                keysDownRepeat
                0x02005d4c                keysSetRepeat
                0x02005d64                keysUp
                0x02005d74                keysCurrent
 .text          0x02005da8      0x208 /home/markholland/devkitPro/libnds/lib/libnds9.a(sound.o)
                0x02005da8                micBufferHandler
                0x02005ddc                soundEnable
                0x02005dec                soundDisable
                0x02005dfc                soundPlayPSG
                0x02005e30                soundPlayNoise
                0x02005e64                soundPlaySample
                0x02005ecc                soundPause
                0x02005ee0                soundKill
                0x02005ef4                soundResume
                0x02005f08                soundSetVolume
                0x02005f1c                soundSetPan
                0x02005f2c                soundSetFreq
                0x02005f40                soundSetWaveDuty
                0x02005f54                soundMicRecord
                0x02005fa0                soundMicOff
 .text          0x02005fb0      0x250 /home/markholland/devkitPro/libnds/lib/libnds9.a(dldi.o)
                0x02005fb0                dldiGetInternal
                0x02005fe4                dldiIsValid
                0x0200602c                dldiFixDriverAddresses
                0x02006104                dldiLoadFromFile
                0x020061f4                dldiFree
 .text          0x02006200      0x148 /home/markholland/devkitPro/libnds/lib/libnds9.a(dsi_sd.o)
                0x02006200                sdio_ClearStatus
                0x02006210                sdio_Shutdown
                0x02006220                sdio_Startup
                0x0200626c                sdio_IsInserted
                0x020062a0                sdio_ReadSectors
                0x020062f4                sdio_WriteSectors
 .text          0x02006348      0x19c /home/markholland/devkitPro/libnds/lib/libnds9.a(initSystem.o)
                0x02006348                initSystem
 .text          0x020064e4      0xcb8 /home/markholland/devkitPro/libnds/lib/libnds9.a(fifosystem.o)
                0x020067a8                fifoSetValue32Handler
                0x0200681c                fifoSendAddress
                0x02006848                fifoSendValue32
                0x02006884                fifoSendDatamsg
                0x020068f8                fifoGetAddress
                0x02006964                fifoSetAddressHandler
                0x020069d8                fifoGetValue32
                0x020069ec                fifoGetDatamsg
                0x02006ea0                fifoSetDatamsgHandler
                0x02006f34                fifoCheckAddress
                0x02006f58                fifoCheckDatamsg
                0x02006f7c                fifoCheckDatamsgLength
                0x02006fac                fifoCheckValue32
                0x02006fd0                fifoInit
 .text          0x0200719c      0x244 /home/markholland/devkitPro/libnds/lib/libnds9.a(interrupts.o)
                0x0200719c                irqDummy
                0x020071a0                irqSet
                0x0200720c                irqInit
                0x02007258                irqInitHandler
                0x02007288                irqEnable
                0x020072ec                irqDisable
                0x02007350                irqClear
 .text          0x020073e0       0x5c /home/markholland/devkitPro/libnds/lib/libnds9.a(libnds_exit.arm.o)
                0x020073e0                systemErrorExit
                0x020073e4                __libnds_exit
 .text          0x0200743c       0x88 /home/markholland/devkitPro/libnds/lib/libnds9.a(dcache.o)
                0x0200743c                DC_FlushAll
                0x02007468                DC_FlushRange
                0x0200748c                DC_InvalidateAll
                0x02007498                DC_InvalidateRange
 *fill*         0x020074c4       0x3c ff
 .text          0x02007500     0x8000 /home/markholland/devkitPro/libnds/lib/libnds9.a(dldi_stub.o)
                0x02007500                _io_dldi_stub
 .text          0x0200f500      0x1b4 /home/markholland/devkitPro/libnds/lib/libnds9.a(mpu_setup.o)
                0x0200f500                __libnds_mpu_setup
                0x0200f640                memCached
                0x0200f658                memUncached
 *fill*         0x0200f6b4        0xc ff
 .text          0x0200f6c0       0x70 /home/markholland/devkitPro/libnds/lib/libnds9.a(biosCalls.o)
                0x0200f6c0                swiDelay
                0x0200f6c4                swiIntrWait
                0x0200f6c8                swiWaitForVBlank
                0x0200f6cc                swiSleep
                0x0200f6d0                swiChangeSoundBias
                0x0200f6d4                swiDivide
                0x0200f6d8                swiRemainder
                0x0200f6de                swiDivMod
                0x0200f6ea                swiCopy
                0x0200f6ee                swiFastCopy
                0x0200f6f2                swiSqrt
                0x0200f6f6                swiCRC16
                0x0200f6fa                swiIsDebugger
                0x0200f6fe                swiUnpackBits
                0x0200f702                swiDecompressLZSSWram
                0x0200f706                swiDecompressLZSSVramNTR
                0x0200f70a                swiDecompressLZSSVramTWL
                0x0200f70e                swiDecompressHuffman
                0x0200f712                swiDecompressRLEWram
                0x0200f716                swiDecompressRLEVram
                0x0200f71a                swiWaitForIRQ
                0x0200f71e                swiDecodeDelta8
                0x0200f722                swiDecodeDelta16
                0x0200f726                swiSetHaltCR
 .text          0x0200f730       0xa4 /home/markholland/devkitPro/libnds/lib/libnds9.a(debugprint.o)
                0x0200f730                nocashWrite
                0x0200f732                nocashMessage
 .text          0x0200f7d4        0x0 /home/markholland/devkitPro/libnds/lib/libnds9.a(interruptDispatcher.o)
 *fill*         0x0200f7d4        0xc ff
 .text          0x0200f7e0       0x30 /home/markholland/devkitPro/libnds/lib/libnds9.a(swiSoftReset.o)
                0x0200f7e0                swiSoftReset
 .text          0x0200f810        0x0 /home/markholland/devkitPro/libnds/lib/libnds9.a(default_font.bin.o)
 .text          0x0200f810      0x3bc /home/markholland/devkitPro/libnds/lib/libnds9.a(background.o)
                0x0200f810                bgIsText
                0x0200f81c                checkIfText
                0x0200f874                bgUpdate
                0x0200f968                bgInit_call
                0x0200fa90                bgInitSub_call
 .text          0x0200fbcc      0x140 /home/markholland/devkitPro/libnds/lib/libnds9.a(system.o)
                0x0200fbcc                setSDcallback
                0x0200fbd8                systemValueHandler
                0x0200fc20                systemMsgHandler
                0x0200fc70                systemSleep
                0x0200fc88                powerOn
                0x0200fcb4                powerOff
                0x0200fcdc                ledBlink
                0x0200fcec                getBatteryLevel
 .text          0x0200fd0c      0x3a8 /home/markholland/devkitPro/libnds/lib/libnds9.a(trig.o)
                0x0200fd0c                asinComp
                0x0200fd30                sinLutLookup
                0x0200fd68                sinLerp
                0x0200fdf8                cosLerp
                0x0200feb4                tanLutLookup
                0x0200feec                tanLerp
                0x0200ff94                asinLerp
                0x02010010                acosLerp
                0x0201008c                atanComp
 .text          0x020100b4      0x1f8 /home/markholland/devkitPro/libnds/lib/libnds9.a(video.o)
                0x020100b4                vramSetPrimaryBanks
                0x020100f8                vramSetMainBanks
                0x0201013c                vramSetBanks_EFG
                0x02010174                vramRestorePrimaryBanks
                0x02010180                vramRestoreMainBanks
                0x0201018c                vramRestoreBanks_EFG
                0x02010198                setBrightness
                0x020101d8                vramDefault
 .text          0x020102ac      0x11c /home/markholland/devkitPro/devkitARM/bin/../lib/gcc/arm-none-eabi/4.9.2/thumb/libgcc.a(_udivsi3.o)
                0x020102ac                __udivsi3
                0x020102ac                __aeabi_uidiv
                0x020103a8                __aeabi_uidivmod
 .text          0x020103c8      0x150 /home/markholland/devkitPro/devkitARM/bin/../lib/gcc/arm-none-eabi/4.9.2/thumb/libgcc.a(_divsi3.o)
                0x020103c8                __aeabi_idiv
                0x020103c8                __divsi3
                0x020104f8                __aeabi_idivmod
 .text          0x02010518        0x4 /home/markholland/devkitPro/devkitARM/bin/../lib/gcc/arm-none-eabi/4.9.2/thumb/libgcc.a(_dvmd_tls.o)
                0x02010518                __aeabi_ldiv0
                0x02010518                __aeabi_idiv0
 .text          0x0201051c       0x60 /home/markholland/devkitPro/devkitARM/bin/../lib/gcc/arm-none-eabi/4.9.2/thumb/libgcc.a(_muldi3.o)
                0x0201051c                __aeabi_lmul
                0x0201051c                __muldi3
 .text          0x0201057c       0x64 /home/markholland/devkitPro/devkitARM/bin/../lib/gcc/arm-none-eabi/4.9.2/../../../../arm-none-eabi/lib/thumb/libg.a(lib_a-bsearch.o)
                0x0201057c                bsearch
 .text          0x020105e0       0x10 /home/markholland/devkitPro/devkitARM/bin/../lib/gcc/arm-none-eabi/4.9.2/../../../../arm-none-eabi/lib/thumb/libg.a(lib_a-ctype_.o)
                0x020105e0                __set_ctype
 .text          0x020105f0       0xb0 /home/markholland/devkitPro/devkitARM/bin/../lib/gcc/arm-none-eabi/4.9.2/../../../../arm-none-eabi/lib/thumb/libg.a(lib_a-fclose.o)
                0x020105f0                _fclose_r
                0x02010684                fclose
 .text          0x020106a0      0x1c4 /home/markholland/devkitPro/devkitARM/bin/../lib/gcc/arm-none-eabi/4.9.2/../../../../arm-none-eabi/lib/thumb/libg.a(lib_a-fflush.o)
                0x020106a0                __sflush_r
                0x02010804                _fflush_r
                0x02010834                fflush
 .text          0x02010864      0x258 /home/markholland/devkitPro/devkitARM/bin/../lib/gcc/arm-none-eabi/4.9.2/../../../../arm-none-eabi/lib/thumb/libg.a(lib_a-findfp.o)
                0x0201086c                _cleanup_r
                0x0201097c                __sfmoreglue
                0x020109b0                __sfp
                0x02010a44                _cleanup
                0x02010a60                __sinit
                0x02010a74                __sfp_lock_acquire
                0x02010a78                __sfp_lock_release
                0x02010a7c                __sinit_lock_acquire
                0x02010a80                __sinit_lock_release
                0x02010a84                __fp_lock_all
                0x02010aa0                __fp_unlock_all
 .text          0x02010abc       0xa8 /home/markholland/devkitPro/devkitARM/bin/../lib/gcc/arm-none-eabi/4.9.2/../../../../arm-none-eabi/lib/thumb/libg.a(lib_a-fopen.o)
                0x02010abc                _fopen_r
                0x02010b48                fopen
 .text          0x02010b64      0x254 /home/markholland/devkitPro/devkitARM/bin/../lib/gcc/arm-none-eabi/4.9.2/../../../../arm-none-eabi/lib/thumb/libg.a(lib_a-freer.o)
                0x02010b64                _malloc_trim_r
                0x02010c08                _free_r
 .text          0x02010db8       0x2c /home/markholland/devkitPro/devkitARM/bin/../lib/gcc/arm-none-eabi/4.9.2/../../../../arm-none-eabi/lib/thumb/libg.a(lib_a-fseek.o)
                0x02010db8                _fseek_r
                0x02010dc4                fseek
 .text          0x02010de4      0x300 /home/markholland/devkitPro/devkitARM/bin/../lib/gcc/arm-none-eabi/4.9.2/../../../../arm-none-eabi/lib/thumb/libg.a(lib_a-fseeko.o)
                0x02010de4                _fseeko_r
                0x020110c0                fseeko
 .text          0x020110e4       0xac /home/markholland/devkitPro/devkitARM/bin/../lib/gcc/arm-none-eabi/4.9.2/../../../../arm-none-eabi/lib/thumb/libg.a(lib_a-fwalk.o)
                0x020110e4                _fwalk
                0x02011134                _fwalk_reent
 .text          0x02011190       0x9c /home/markholland/devkitPro/devkitARM/bin/../lib/gcc/arm-none-eabi/4.9.2/../../../../arm-none-eabi/lib/thumb/libg.a(lib_a-fwrite.o)
                0x02011190                _fwrite_r
                0x02011204                fwrite
 .text          0x0201122c        0x0 /home/markholland/devkitPro/devkitARM/bin/../lib/gcc/arm-none-eabi/4.9.2/../../../../arm-none-eabi/lib/thumb/libg.a(lib_a-impure.o)
 .text          0x0201122c       0x58 /home/markholland/devkitPro/devkitARM/bin/../lib/gcc/arm-none-eabi/4.9.2/../../../../arm-none-eabi/lib/thumb/libg.a(lib_a-init.o)
                0x0201122c                __libc_init_array
 .text          0x02011284       0x40 /home/markholland/devkitPro/devkitARM/bin/../lib/gcc/arm-none-eabi/4.9.2/../../../../arm-none-eabi/lib/thumb/libg.a(lib_a-iprintf.o)
                0x02011284                iprintf
                0x020112a8                _iprintf_r
 .text          0x020112c4       0x10 /home/markholland/devkitPro/devkitARM/bin/../lib/gcc/arm-none-eabi/4.9.2/../../../../arm-none-eabi/lib/thumb/libg.a(lib_a-lcltime_r.o)
                0x020112c4                localtime_r
 .text          0x020112d4      0x96c /home/markholland/devkitPro/devkitARM/bin/../lib/gcc/arm-none-eabi/4.9.2/../../../../arm-none-eabi/lib/thumb/libg.a(lib_a-locale.o)
                0x020119b8                _setlocale_r
                0x02011be0                __locale_charset
                0x02011be8                __locale_mb_cur_max
                0x02011bf4                __locale_msgcharset
                0x02011c00                __locale_cjk_lang
                0x02011c0c                _localeconv_r
                0x02011c18                setlocale
                0x02011c34                localeconv
 .text          0x02011c40      0x100 /home/markholland/devkitPro/devkitARM/bin/../lib/gcc/arm-none-eabi/4.9.2/../../../../arm-none-eabi/lib/thumb/libg.a(lib_a-makebuf.o)
                0x02011c40                __smakebuf_r
 .text          0x02011d40       0x30 /home/markholland/devkitPro/devkitARM/bin/../lib/gcc/arm-none-eabi/4.9.2/../../../../arm-none-eabi/lib/thumb/libg.a(lib_a-malloc.o)
                0x02011d40                malloc
                0x02011d58                free
 .text          0x02011d70      0x540 /home/markholland/devkitPro/devkitARM/bin/../lib/gcc/arm-none-eabi/4.9.2/../../../../arm-none-eabi/lib/thumb/libg.a(lib_a-mallocr.o)
                0x02011d70                _malloc_r
 .text          0x020122b0       0xf8 /home/markholland/devkitPro/devkitARM/bin/../lib/gcc/arm-none-eabi/4.9.2/../../../../arm-none-eabi/lib/thumb/libg.a(lib_a-mbrtowc.o)
                0x020122b0                _mbrtowc_r
                0x02012328                mbrtowc
 .text          0x020123a8       0x40 /home/markholland/devkitPro/devkitARM/bin/../lib/gcc/arm-none-eabi/4.9.2/../../../../arm-none-eabi/lib/thumb/libg.a(lib_a-mbsrtowcs.o)
                0x020123a8                _mbsrtowcs_r
                0x020123c0                mbsrtowcs
 .text          0x020123e8      0x5f0 /home/markholland/devkitPro/devkitARM/bin/../lib/gcc/arm-none-eabi/4.9.2/../../../../arm-none-eabi/lib/thumb/libg.a(lib_a-mbtowc_r.o)
                0x020123e8                __utf8_mbtowc
                0x020126a4                _mbtowc_r
                0x020126e0                __ascii_mbtowc
                0x0201270c                __sjis_mbtowc
                0x020127c0                __eucjp_mbtowc
                0x02012890                __jis_mbtowc
 .text          0x020129d8       0x54 /home/markholland/devkitPro/devkitARM/bin/../lib/gcc/arm-none-eabi/4.9.2/../../../../arm-none-eabi/lib/thumb/libg.a(lib_a-memcmp.o)
                0x020129d8                memcmp
 .text          0x02012a2c       0x84 /home/markholland/devkitPro/devkitARM/bin/../lib/gcc/arm-none-eabi/4.9.2/../../../../arm-none-eabi/lib/thumb/libg.a(lib_a-memcpy-stub.o)
                0x02012a2c                memcpy
 .text          0x02012ab0       0x9c /home/markholland/devkitPro/devkitARM/bin/../lib/gcc/arm-none-eabi/4.9.2/../../../../arm-none-eabi/lib/thumb/libg.a(lib_a-memmove.o)
                0x02012ab0                memmove
 .text          0x02012b4c       0x98 /home/markholland/devkitPro/devkitARM/bin/../lib/gcc/arm-none-eabi/4.9.2/../../../../arm-none-eabi/lib/thumb/libg.a(lib_a-memset.o)
                0x02012b4c                memset
 .text          0x02012be4      0x578 /home/markholland/devkitPro/devkitARM/bin/../lib/gcc/arm-none-eabi/4.9.2/../../../../arm-none-eabi/lib/thumb/libg.a(lib_a-mktime.o)
                0x02012de8                mktime
 .text          0x0201315c      0x4a8 /home/markholland/devkitPro/devkitARM/bin/../lib/gcc/arm-none-eabi/4.9.2/../../../../arm-none-eabi/lib/thumb/libg.a(lib_a-mktm_r.o)
                0x0201315c                __tzcalc_limits
                0x02013300                _mktm_r
 .text          0x02013604        0x8 /home/markholland/devkitPro/devkitARM/bin/../lib/gcc/arm-none-eabi/4.9.2/../../../../arm-none-eabi/lib/thumb/libg.a(lib_a-mlock.o)
                0x02013604                __malloc_lock
                0x02013608                __malloc_unlock
 .text          0x0201360c      0x14c /home/markholland/devkitPro/devkitARM/bin/../lib/gcc/arm-none-eabi/4.9.2/../../../../arm-none-eabi/lib/thumb/libg.a(lib_a-refill.o)
                0x0201362c                __srefill_r
 .text          0x02013758      0x10c /home/markholland/devkitPro/devkitARM/bin/../lib/gcc/arm-none-eabi/4.9.2/../../../../arm-none-eabi/lib/thumb/libg.a(lib_a-setvbuf.o)
                0x02013758                setvbuf
 .text          0x02013864       0xa0 /home/markholland/devkitPro/devkitARM/bin/../lib/gcc/arm-none-eabi/4.9.2/../../../../arm-none-eabi/lib/thumb/libg.a(lib_a-siscanf.o)
                0x02013864                siscanf
                0x020138b4                _siscanf_r
 .text          0x02013904       0xb4 /home/markholland/devkitPro/devkitARM/bin/../lib/gcc/arm-none-eabi/4.9.2/../../../../arm-none-eabi/lib/thumb/libg.a(lib_a-stdio.o)
                0x02013904                __sread
                0x02013930                __seofread
                0x02013934                __swrite
                0x02013978                __sseek
                0x020139a8                __sclose
 .text          0x020139b8       0x4c /home/markholland/devkitPro/devkitARM/bin/../lib/gcc/arm-none-eabi/4.9.2/../../../../arm-none-eabi/lib/thumb/libg.a(lib_a-stpcpy.o)
                0x020139b8                stpcpy
 .text          0x02013a04       0x58 /home/markholland/devkitPro/devkitARM/bin/../lib/gcc/arm-none-eabi/4.9.2/../../../../arm-none-eabi/lib/thumb/libg.a(lib_a-strcasecmp.o)
                0x02013a04                strcasecmp
 .text          0x02013a5c       0x54 /home/markholland/devkitPro/devkitARM/bin/../lib/gcc/arm-none-eabi/4.9.2/../../../../arm-none-eabi/lib/thumb/libg.a(lib_a-strcat.o)
                0x02013a5c                strcat
 .text          0x02013ab0       0xdc /home/markholland/devkitPro/devkitARM/bin/../lib/gcc/arm-none-eabi/4.9.2/../../../../arm-none-eabi/lib/thumb/libg.a(lib_a-strchr.o)
                0x02013ab0                strchr
 .text          0x02013b8c       0x14 /home/markholland/devkitPro/devkitARM/bin/../lib/gcc/arm-none-eabi/4.9.2/../../../../arm-none-eabi/lib/thumb/libg.a(lib_a-strcmp.o)
                0x02013b8c                strcmp
 .text          0x02013ba0       0x10 /home/markholland/devkitPro/devkitARM/bin/../lib/gcc/arm-none-eabi/4.9.2/../../../../arm-none-eabi/lib/thumb/libg.a(lib_a-strcpy.o)
                0x02013ba0                strcpy
 .text          0x02013bb0       0x4c /home/markholland/devkitPro/devkitARM/bin/../lib/gcc/arm-none-eabi/4.9.2/../../../../arm-none-eabi/lib/thumb/libg.a(lib_a-strlcpy.o)
                0x02013bb0                strlcpy
 .text          0x02013bfc       0x10 /home/markholland/devkitPro/devkitARM/bin/../lib/gcc/arm-none-eabi/4.9.2/../../../../arm-none-eabi/lib/thumb/libg.a(lib_a-strlen.o)
                0x02013bfc                strlen
 .text          0x02013c0c       0x5c /home/markholland/devkitPro/devkitARM/bin/../lib/gcc/arm-none-eabi/4.9.2/../../../../arm-none-eabi/lib/thumb/libg.a(lib_a-strncasecmp.o)
                0x02013c0c                strncasecmp
 .text          0x02013c68       0x98 /home/markholland/devkitPro/devkitARM/bin/../lib/gcc/arm-none-eabi/4.9.2/../../../../arm-none-eabi/lib/thumb/libg.a(lib_a-strncmp.o)
                0x02013c68                strncmp
 .text          0x02013d00       0x7c /home/markholland/devkitPro/devkitARM/bin/../lib/gcc/arm-none-eabi/4.9.2/../../../../arm-none-eabi/lib/thumb/libg.a(lib_a-strncpy.o)
                0x02013d00                strncpy
 .text          0x02013d7c       0x34 /home/markholland/devkitPro/devkitARM/bin/../lib/gcc/arm-none-eabi/4.9.2/../../../../arm-none-eabi/lib/thumb/libg.a(lib_a-strnlen.o)
                0x02013d7c                strnlen
 .text          0x02013db0       0x50 /home/markholland/devkitPro/devkitARM/bin/../lib/gcc/arm-none-eabi/4.9.2/../../../../arm-none-eabi/lib/thumb/libg.a(lib_a-strpbrk.o)
                0x02013db0                strpbrk
 .text          0x02013e00       0x2c /home/markholland/devkitPro/devkitARM/bin/../lib/gcc/arm-none-eabi/4.9.2/../../../../arm-none-eabi/lib/thumb/libg.a(lib_a-strrchr.o)
                0x02013e00                strrchr
 .text          0x02013e2c      0x17c /home/markholland/devkitPro/devkitARM/bin/../lib/gcc/arm-none-eabi/4.9.2/../../../../arm-none-eabi/lib/thumb/libg.a(lib_a-strtol.o)
                0x02013e2c                _strtol_r
                0x02013f88                strtol
 .text          0x02013fa8     0x1608 /home/markholland/devkitPro/devkitARM/bin/../lib/gcc/arm-none-eabi/4.9.2/../../../../arm-none-eabi/lib/thumb/libg.a(lib_a-svfiscanf.o)
                0x02013fa8                _sungetc_r
                0x02014030                __ssrefill_r
                0x02014074                _sfread_r
                0x02014100                __ssvfiscanf_r
 .text          0x020155b0       0x18 /home/markholland/devkitPro/devkitARM/bin/../lib/gcc/arm-none-eabi/4.9.2/../../../../arm-none-eabi/lib/thumb/libg.a(lib_a-sysclose.o)
                0x020155b0                close
 .text          0x020155c8       0x20 /home/markholland/devkitPro/devkitARM/bin/../lib/gcc/arm-none-eabi/4.9.2/../../../../arm-none-eabi/lib/thumb/libg.a(lib_a-syslseek.o)
                0x020155c8                lseek
 .text          0x020155e8       0x24 /home/markholland/devkitPro/devkitARM/bin/../lib/gcc/arm-none-eabi/4.9.2/../../../../arm-none-eabi/lib/thumb/libg.a(lib_a-sysopen.o)
                0x020155e8                open
 .text          0x0201560c       0x20 /home/markholland/devkitPro/devkitARM/bin/../lib/gcc/arm-none-eabi/4.9.2/../../../../arm-none-eabi/lib/thumb/libg.a(lib_a-sysread.o)
                0x0201560c                read
 .text          0x0201562c       0x30 /home/markholland/devkitPro/devkitARM/bin/../lib/gcc/arm-none-eabi/4.9.2/../../../../arm-none-eabi/lib/thumb/libg.a(lib_a-time.o)
                0x0201562c                time
 .text          0x0201565c      0x7e0 /home/markholland/devkitPro/devkitARM/bin/../lib/gcc/arm-none-eabi/4.9.2/../../../../arm-none-eabi/lib/thumb/libg.a(lib_a-towlower.o)
                0x0201565c                towlower
 .text          0x02015e3c      0x9a8 /home/markholland/devkitPro/devkitARM/bin/../lib/gcc/arm-none-eabi/4.9.2/../../../../arm-none-eabi/lib/thumb/libg.a(lib_a-towupper.o)
                0x02015e3c                towupper
 .text          0x020167e4        0x8 /home/markholland/devkitPro/devkitARM/bin/../lib/gcc/arm-none-eabi/4.9.2/../../../../arm-none-eabi/lib/thumb/libg.a(lib_a-tzlock.o)
                0x020167e4                __tz_lock
                0x020167e8                __tz_unlock
 .text          0x020167ec        0x0 /home/markholland/devkitPro/devkitARM/bin/../lib/gcc/arm-none-eabi/4.9.2/../../../../arm-none-eabi/lib/thumb/libg.a(lib_a-tzvars.o)
 .text          0x020167ec      0x180 /home/markholland/devkitPro/devkitARM/bin/../lib/gcc/arm-none-eabi/4.9.2/../../../../arm-none-eabi/lib/thumb/libg.a(lib_a-ungetc.o)
                0x020167ec                __submore
                0x02016874                _ungetc_r
                0x02016950                ungetc
 .text          0x0201696c     0x2558 /home/markholland/devkitPro/devkitARM/bin/../lib/gcc/arm-none-eabi/4.9.2/../../../../arm-none-eabi/lib/thumb/libg.a(lib_a-vfiprintf.o)
                0x02016e90                __sprint_r
                0x02016ea8                _vfiprintf_r
                0x02018e28                vfiprintf
 .text          0x02018ec4       0xdc /home/markholland/devkitPro/devkitARM/bin/../lib/gcc/arm-none-eabi/4.9.2/../../../../arm-none-eabi/lib/thumb/libg.a(lib_a-wcrtomb.o)
                0x02018ec4                _wcrtomb_r
                0x02018f2c                wcrtomb
 .text          0x02018fa0       0x40 /home/markholland/devkitPro/devkitARM/bin/../lib/gcc/arm-none-eabi/4.9.2/../../../../arm-none-eabi/lib/thumb/libg.a(lib_a-wcsrtombs.o)
                0x02018fa0                _wcsrtombs_r
                0x02018fb8                wcsrtombs
 .text          0x02018fe0       0x54 /home/markholland/devkitPro/devkitARM/bin/../lib/gcc/arm-none-eabi/4.9.2/../../../../arm-none-eabi/lib/thumb/libg.a(lib_a-wctob.o)
                0x02018fe0                wctob
 .text          0x02019034      0x29c /home/markholland/devkitPro/devkitARM/bin/../lib/gcc/arm-none-eabi/4.9.2/../../../../arm-none-eabi/lib/thumb/libg.a(lib_a-wctomb_r.o)
                0x02019034                __utf8_wctomb
                0x020190f4                _wctomb_r
                0x0201912c                __ascii_wctomb
                0x02019148                __sjis_wctomb
                0x020191c8                __eucjp_wctomb
                0x02019250                __jis_wctomb
 .text          0x020192d0       0xd4 /home/markholland/devkitPro/devkitARM/bin/../lib/gcc/arm-none-eabi/4.9.2/../../../../arm-none-eabi/lib/thumb/libg.a(lib_a-wsetup.o)
                0x020192d0                __swsetup_r
 .text          0x020193a4       0x40 /home/markholland/devkitPro/devkitARM/bin/../lib/gcc/arm-none-eabi/4.9.2/../../../../arm-none-eabi/lib/thumb/libg.a(lib_a-div.o)
                0x020193a4                div
 .text          0x020193e4       0x9c /home/markholland/devkitPro/devkitARM/bin/../lib/gcc/arm-none-eabi/4.9.2/../../../../arm-none-eabi/lib/thumb/libg.a(lib_a-flags.o)
                0x020193e4                __sflags
 .text          0x02019480      0x104 /home/markholland/devkitPro/devkitARM/bin/../lib/gcc/arm-none-eabi/4.9.2/../../../../arm-none-eabi/lib/thumb/libg.a(lib_a-fputwc.o)
                0x02019480                _fputwc_r
                0x02019554                fputwc
 .text          0x02019584      0x340 /home/markholland/devkitPro/devkitARM/bin/../lib/gcc/arm-none-eabi/4.9.2/../../../../arm-none-eabi/lib/thumb/libg.a(lib_a-fvwrite.o)
                0x02019584                __sfvwrite_r
 .text          0x020198c4       0xa8 /home/markholland/devkitPro/devkitARM/bin/../lib/gcc/arm-none-eabi/4.9.2/../../../../arm-none-eabi/lib/thumb/libg.a(lib_a-getenv_r.o)
                0x020198c4                _findenv_r
                0x0201995c                _getenv_r
 .text          0x0201996c        0x8 /home/markholland/devkitPro/devkitARM/bin/../lib/gcc/arm-none-eabi/4.9.2/../../../../arm-none-eabi/lib/thumb/libg.a(lib_a-gettzinfo.o)
                0x0201996c                __gettzinfo
 .text          0x02019974       0x78 /home/markholland/devkitPro/devkitARM/bin/../lib/gcc/arm-none-eabi/4.9.2/../../../../arm-none-eabi/lib/thumb/libg.a(lib_a-iswspace.o)
                0x02019974                iswspace
 .text          0x020199ec      0x204 /home/markholland/devkitPro/devkitARM/bin/../lib/gcc/arm-none-eabi/4.9.2/../../../../arm-none-eabi/lib/thumb/libg.a(lib_a-jp2uc.o)
                0x02019b8c                _jp2uc
 .text          0x02019bf0       0xec /home/markholland/devkitPro/devkitARM/bin/../lib/gcc/arm-none-eabi/4.9.2/../../../../arm-none-eabi/lib/thumb/libg.a(lib_a-mbsnrtowcs.o)
                0x02019bf0                _mbsnrtowcs_r
                0x02019cb0                mbsnrtowcs
 .text          0x02019cdc       0x8c /home/markholland/devkitPro/devkitARM/bin/../lib/gcc/arm-none-eabi/4.9.2/../../../../arm-none-eabi/lib/thumb/libg.a(lib_a-memchr-stub.o)
                0x02019cdc                memchr
 .text          0x02019d68      0x3dc /home/markholland/devkitPro/devkitARM/bin/../lib/gcc/arm-none-eabi/4.9.2/../../../../arm-none-eabi/lib/thumb/libg.a(lib_a-reallocr.o)
                0x02019d68                _realloc_r
 .text          0x0201a144       0x7c /home/markholland/devkitPro/devkitARM/bin/../lib/gcc/arm-none-eabi/4.9.2/../../../../arm-none-eabi/lib/thumb/libg.a(lib_a-sccl.o)
                0x0201a144                __sccl
 .text          0x0201a1c0      0x228 /home/markholland/devkitPro/devkitARM/bin/../lib/gcc/arm-none-eabi/4.9.2/../../../../arm-none-eabi/lib/thumb/libg.a(lib_a-strtoll_r.o)
                0x0201a1c0                _strtoll_r
 .text          0x0201a3e8      0x20c /home/markholland/devkitPro/devkitARM/bin/../lib/gcc/arm-none-eabi/4.9.2/../../../../arm-none-eabi/lib/thumb/libg.a(lib_a-strtoull_r.o)
                0x0201a3e8                _strtoull_r
 .text          0x0201a5f4      0x198 /home/markholland/devkitPro/devkitARM/bin/../lib/gcc/arm-none-eabi/4.9.2/../../../../arm-none-eabi/lib/thumb/libg.a(lib_a-strtoul.o)
                0x0201a5f4                _strtoul_r
                0x0201a76c                strtoul
 .text          0x0201a78c     0x2368 /home/markholland/devkitPro/devkitARM/bin/../lib/gcc/arm-none-eabi/4.9.2/../../../../arm-none-eabi/lib/thumb/libg.a(lib_a-svfiprintf.o)
                0x0201ac3c                __ssprint_r
                0x0201ad70                _svfiprintf_r
 .text          0x0201caf4       0xd4 /home/markholland/devkitPro/devkitARM/bin/../lib/gcc/arm-none-eabi/4.9.2/../../../../arm-none-eabi/lib/thumb/libg.a(lib_a-wbuf.o)
                0x0201caf4                __swbuf_r
                0x0201cbac                __swbuf
 .text          0x0201cbc8      0x13c /home/markholland/devkitPro/devkitARM/bin/../lib/gcc/arm-none-eabi/4.9.2/../../../../arm-none-eabi/lib/thumb/libg.a(lib_a-wcsnrtombs.o)
                0x0201cbc8                _wcsnrtombs_r
                0x0201ccd4                wcsnrtombs
 .text          0x0201cd04        0x0 /home/markholland/devkitPro/devkitARM/bin/../lib/gcc/arm-none-eabi/4.9.2/../../../../arm-none-eabi/lib/thumb/libg.a(lib_a-environ.o)
 .text          0x0201cd04        0x8 /home/markholland/devkitPro/devkitARM/bin/../lib/gcc/arm-none-eabi/4.9.2/../../../../arm-none-eabi/lib/thumb/libg.a(lib_a-envlock.o)
                0x0201cd04                __env_lock
                0x0201cd08                __env_unlock
 .text          0x0201cd0c      0x140 /home/markholland/devkitPro/devkitARM/bin/../lib/gcc/arm-none-eabi/4.9.2/../../../../arm-none-eabi/lib/thumb/libsysbase.a(iosupport.o)
                0x0201cd0c                setDefaultDevice
                0x0201cd1c                FindDevice
                0x0201cd8c                RemoveDevice
                0x0201cdb0                AddDevice
                0x0201ce2c                GetDeviceOpTab
 .text          0x0201ce4c       0x50 /home/markholland/devkitPro/devkitARM/bin/../lib/gcc/arm-none-eabi/4.9.2/../../../../arm-none-eabi/lib/thumb/libsysbase.a(close.o)
                0x0201ce4c                _close_r
 .text          0x0201ce9c       0x50 /home/markholland/devkitPro/devkitARM/bin/../lib/gcc/arm-none-eabi/4.9.2/../../../../arm-none-eabi/lib/thumb/libsysbase.a(fstat.o)
                0x0201ce9c                _fstat_r
 .text          0x0201ceec        0x4 /home/markholland/devkitPro/devkitARM/bin/../lib/gcc/arm-none-eabi/4.9.2/../../../../arm-none-eabi/lib/thumb/libsysbase.a(isatty.o)
                0x0201ceec                _isatty_r
 .text          0x0201cef0       0x50 /home/markholland/devkitPro/devkitARM/bin/../lib/gcc/arm-none-eabi/4.9.2/../../../../arm-none-eabi/lib/thumb/libsysbase.a(lseek.o)
                0x0201cef0                _lseek_r
 .text          0x0201cf40       0xa0 /home/markholland/devkitPro/devkitARM/bin/../lib/gcc/arm-none-eabi/4.9.2/../../../../arm-none-eabi/lib/thumb/libsysbase.a(open.o)
                0x0201cf40                _open_r
 .text          0x0201cfe0       0x50 /home/markholland/devkitPro/devkitARM/bin/../lib/gcc/arm-none-eabi/4.9.2/../../../../arm-none-eabi/lib/thumb/libsysbase.a(read.o)
                0x0201cfe0                _read_r
 .text          0x0201d030       0x54 /home/markholland/devkitPro/devkitARM/bin/../lib/gcc/arm-none-eabi/4.9.2/../../../../arm-none-eabi/lib/thumb/libsysbase.a(sbrk.o)
                0x0201d030                _sbrk_r
 .text          0x0201d084       0x40 /home/markholland/devkitPro/devkitARM/bin/../lib/gcc/arm-none-eabi/4.9.2/../../../../arm-none-eabi/lib/thumb/libsysbase.a(times.o)
                0x0201d084                _times
                0x0201d098                _times_r
                0x0201d0a0                _gettimeofday_r
 .text          0x0201d0c4       0x58 /home/markholland/devkitPro/devkitARM/bin/../lib/gcc/arm-none-eabi/4.9.2/../../../../arm-none-eabi/lib/thumb/libsysbase.a(write.o)
                0x0201d0c4                _write_r
 .text          0x0201d11c        0x0 /home/markholland/devkitPro/devkitARM/bin/../lib/gcc/arm-none-eabi/4.9.2/../../../../arm-none-eabi/lib/thumb/libsysbase.a(malloc_vars.o)
 .text          0x0201d11c      0x270 /home/markholland/devkitPro/devkitARM/bin/../lib/gcc/arm-none-eabi/4.9.2/../../../../arm-none-eabi/lib/thumb/libsysbase.a(chdir.o)
                0x0201d11c                _concatenate_path
                0x0201d258                chdir
                0x0201d33c                getcwd
 .text          0x0201d38c       0x50 /home/markholland/devkitPro/devkitARM/bin/../lib/gcc/arm-none-eabi/4.9.2/../../../../arm-none-eabi/lib/thumb/libsysbase.a(build_argv.o)
                0x0201d38c                build_argv
 .text          0x0201d3dc        0x0 /home/markholland/devkitPro/devkitARM/bin/../lib/gcc/arm-none-eabi/4.9.2/../../../../arm-none-eabi/lib/thumb/libsysbase.a(syscall_support.o)
 .text          0x0201d3dc       0x84 /home/markholland/devkitPro/devkitARM/bin/../lib/gcc/arm-none-eabi/4.9.2/../../../../arm-none-eabi/lib/thumb/libsysbase.a(handle_manager.o)
                0x0201d3dc                __release_handle
                0x0201d408                __alloc_handle
                0x0201d444                __get_handle
 .text          0x0201d460       0x3c /home/markholland/devkitPro/devkitARM/bin/../lib/gcc/arm-none-eabi/4.9.2/thumb/libgcc.a(_aeabi_uldivmod.o)
                0x0201d460                __aeabi_uldivmod
 .text          0x0201d49c       0x74 /home/markholland/devkitPro/devkitARM/bin/../lib/gcc/arm-none-eabi/4.9.2/thumb/libgcc.a(bpabi.o)
                0x0201d49c                __gnu_ldivmod_helper
                0x0201d4d8                __gnu_uldivmod_helper
 .text          0x0201d510      0x1f4 /home/markholland/devkitPro/devkitARM/bin/../lib/gcc/arm-none-eabi/4.9.2/thumb/libgcc.a(_divdi3.o)
                0x0201d510                __divdi3
 .text          0x0201d704      0x15c /home/markholland/devkitPro/devkitARM/bin/../lib/gcc/arm-none-eabi/4.9.2/thumb/libgcc.a(_udivdi3.o)
                0x0201d704                __udivdi3
 .text          0x0201d860       0x28 /home/markholland/devkitPro/devkitARM/bin/../lib/gcc/arm-none-eabi/4.9.2/thumb/libgcc.a(_clzdi2.o)
                0x0201d860                __clzdi2
 .text          0x0201d888       0x48 /home/markholland/devkitPro/devkitARM/bin/../lib/gcc/arm-none-eabi/4.9.2/thumb/libgcc.a(_clzsi2.o)
                0x0201d888                __clzsi2
 .text          0x0201d8d0        0xc /home/markholland/devkitPro/devkitARM/bin/../lib/gcc/arm-none-eabi/4.9.2/../../../../arm-none-eabi/lib/thumb/libg.a(lib_a-errno.o)
                0x0201d8d0                __errno
 .text          0x0201d8dc        0x0 /home/markholland/devkitPro/devkitARM/bin/../lib/gcc/arm-none-eabi/4.9.2/thumb/crtend.o
 .text          0x0201d8dc        0x0 /home/markholland/devkitPro/devkitARM/bin/../lib/gcc/arm-none-eabi/4.9.2/thumb/crtn.o
 *(.text.*)
 .text.startup  0x0201d8dc       0x80 micrecord.o
                0x0201d8dc                main
 *fill*         0x0201d95c        0x4 ff
 .text.startup.__stub
                0x0201d960       0x80 linker stubs
 *(.stub)
 *(.gnu.warning)
 *(.gnu.linkonce.t*)
 *(.glue_7)
 .glue_7        0x00000000        0x0 linker stubs
 *(.glue_7t)
 .glue_7t       0x00000000        0x0 linker stubs
                0x0201d9e0                . = ALIGN (0x4)

.vfp11_veneer   0x0201d9f0        0x0
 .vfp11_veneer  0x00000000        0x0 linker stubs

.v4_bx          0x0201d9f0        0x0
 .v4_bx         0x00000000        0x0 linker stubs

.iplt           0x0201d9f0        0x0
 .iplt          0x00000000        0x0 /home/markholland/devkitPro/devkitARM/bin/../lib/gcc/arm-none-eabi/4.9.2/../../../../arm-none-eabi/lib/thumb/ds_arm9_crt0.o

.fini           0x0201d9f0        0xc
 *(.fini)
 .fini          0x0201d9f0        0x4 /home/markholland/devkitPro/devkitARM/bin/../lib/gcc/arm-none-eabi/4.9.2/thumb/crti.o
                0x0201d9f0                _fini
 .fini          0x0201d9f4        0x8 /home/markholland/devkitPro/devkitARM/bin/../lib/gcc/arm-none-eabi/4.9.2/thumb/crtn.o
                0x0201d9fc                __text_end = .

.rodata         0x0201d9fc     0x77c8
 *(.rodata)
 .rodata        0x0201d9fc       0x64 /home/markholland/devkitPro/libnds/lib/libfat.a(libfat.o)
 .rodata        0x0201da60        0xc /home/markholland/devkitPro/libnds/lib/libfat.a(partition.o)
 .rodata        0x0201da6c       0x54 /home/markholland/devkitPro/libnds/lib/libfat.a(directory.o)
 .rodata        0x0201dac0       0x18 /home/markholland/devkitPro/libnds/lib/libfat.a(disc.o)
                0x0201dac0                _FAT_disc_interfaces
 .rodata        0x0201dad8      0x200 /home/markholland/devkitPro/libnds/lib/libnds9.a(console.o)
 .rodata        0x0201dcd8        0xc /home/markholland/devkitPro/libnds/lib/libnds9.a(dldi.o)
                0x0201dcd8                DLDI_MAGIC_STRING_BACKWARDS
                0x0201dce0                DLDI_MAGIC_NUMBER
 .rodata        0x0201dce4       0x20 /home/markholland/devkitPro/libnds/lib/libnds9.a(dsi_sd.o)
                0x0201dce4                __io_dsisd
 .rodata        0x0201dd04     0x2004 /home/markholland/devkitPro/libnds/lib/libnds9.a(default_font.bin.o)
                0x0201dd04                default_font_bin
                0x0201fd04                default_font_bin_end
                0x0201fd04                default_font_bin_size
 .rodata        0x0201fd08      0x308 /home/markholland/devkitPro/libnds/lib/libnds9.a(trig.o)
                0x0201fd08                SIN_LUT
                0x0201fe0c                TAN_LUT
 .rodata        0x02020010      0x104 /home/markholland/devkitPro/devkitARM/bin/../lib/gcc/arm-none-eabi/4.9.2/../../../../arm-none-eabi/lib/thumb/libg.a(lib_a-ctype_.o)
                0x02020010                _ctype_
 .rodata        0x02020114        0x4 /home/markholland/devkitPro/devkitARM/bin/../lib/gcc/arm-none-eabi/4.9.2/../../../../arm-none-eabi/lib/thumb/libg.a(lib_a-impure.o)
                0x02020114                _global_impure_ptr
 .rodata        0x02020118       0xf0 /home/markholland/devkitPro/devkitARM/bin/../lib/gcc/arm-none-eabi/4.9.2/../../../../arm-none-eabi/lib/thumb/libg.a(lib_a-locale.o)
 .rodata        0x02020208       0xa8 /home/markholland/devkitPro/devkitARM/bin/../lib/gcc/arm-none-eabi/4.9.2/../../../../arm-none-eabi/lib/thumb/libg.a(lib_a-mbtowc_r.o)
 .rodata        0x020202b0       0x60 /home/markholland/devkitPro/devkitARM/bin/../lib/gcc/arm-none-eabi/4.9.2/../../../../arm-none-eabi/lib/thumb/libg.a(lib_a-mktime.o)
 .rodata        0x02020310       0x68 /home/markholland/devkitPro/devkitARM/bin/../lib/gcc/arm-none-eabi/4.9.2/../../../../arm-none-eabi/lib/thumb/libg.a(lib_a-mktm_r.o)
 .rodata        0x02020378      0x348 /home/markholland/devkitPro/devkitARM/bin/../lib/gcc/arm-none-eabi/4.9.2/../../../../arm-none-eabi/lib/thumb/libg.a(lib_a-svfiscanf.o)
 .rodata        0x020206c0      0x674 /home/markholland/devkitPro/devkitARM/bin/../lib/gcc/arm-none-eabi/4.9.2/../../../../arm-none-eabi/lib/thumb/libg.a(lib_a-towlower.o)
 .rodata        0x02020d34      0x3e4 /home/markholland/devkitPro/devkitARM/bin/../lib/gcc/arm-none-eabi/4.9.2/../../../../arm-none-eabi/lib/thumb/libg.a(lib_a-towupper.o)
 .rodata        0x02021118      0x384 /home/markholland/devkitPro/devkitARM/bin/../lib/gcc/arm-none-eabi/4.9.2/../../../../arm-none-eabi/lib/thumb/libg.a(lib_a-vfiprintf.o)
 .rodata        0x0202149c     0x34f0 /home/markholland/devkitPro/devkitARM/bin/../lib/gcc/arm-none-eabi/4.9.2/../../../../arm-none-eabi/lib/thumb/libg.a(lib_a-jp2uc.o)
 .rodata        0x0202498c      0x55c /home/markholland/devkitPro/devkitARM/bin/../lib/gcc/arm-none-eabi/4.9.2/../../../../arm-none-eabi/lib/thumb/libg.a(lib_a-svfiprintf.o)
                0x02024cf0                __chclass
                0x02024df0                __state_table
                0x02024e5c                __action_table
 .rodata        0x02024ee8       0x64 /home/markholland/devkitPro/devkitARM/bin/../lib/gcc/arm-none-eabi/4.9.2/../../../../arm-none-eabi/lib/thumb/libsysbase.a(iosupport.o)
                0x02024ee8                dotab_stdnull
 .rodata        0x02024f4c        0xc /home/markholland/devkitPro/devkitARM/bin/../lib/gcc/arm-none-eabi/4.9.2/../../../../arm-none-eabi/lib/thumb/libsysbase.a(chdir.o)
                0x02024f4c                DIRECTORY_PARENT
                0x02024f50                DIRECTORY_THIS
                0x02024f54                DIRECTORY_SEPARATOR
 *all.rodata*(*)
 *(.roda)
 *(.rodata.*)
 .rodata.str1.4
                0x02024f58       0x96 micrecord.o
                                 0x9c (size before relaxing)
 *fill*         0x02024fee        0x2 ff
 .rodata.str1.4
                0x02024ff0       0x14 /home/markholland/devkitPro/libnds/lib/libfat.a(libfat.o)
 .rodata.str1.4
                0x02025004        0x3 /home/markholland/devkitPro/libnds/lib/libfat.a(directory.o)
                                  0x8 (size before relaxing)
 *fill*         0x02025007        0x1 ff
 .rodata.str1.4
                0x02025008        0x3 /home/markholland/devkitPro/libnds/lib/libfat.a(disc.o)
                                  0x8 (size before relaxing)
 *fill*         0x0202500b        0x1 ff
 .rodata.str1.4
                0x0202500c        0x5 /home/markholland/devkitPro/libnds/lib/libfat.a(fatdir.o)
                                  0x8 (size before relaxing)
 *fill*         0x02025011        0x3 ff
 .rodata.str1.4
                0x02025014       0x4c /home/markholland/devkitPro/libnds/lib/libnds9.a(console.o)
 .rodata.str1.4
                0x02025060        0x2 /home/markholland/devkitPro/devkitARM/bin/../lib/gcc/arm-none-eabi/4.9.2/../../../../arm-none-eabi/lib/thumb/libg.a(lib_a-impure.o)
                                  0x4 (size before relaxing)
 *fill*         0x02025062        0x2 ff
 .rodata.str1.4
                0x02025064      0x124 /home/markholland/devkitPro/devkitARM/bin/../lib/gcc/arm-none-eabi/4.9.2/../../../../arm-none-eabi/lib/thumb/libg.a(lib_a-locale.o)
                                0x130 (size before relaxing)
 .rodata.str1.4
                0x00000000        0x4 /home/markholland/devkitPro/devkitARM/bin/../lib/gcc/arm-none-eabi/4.9.2/../../../../arm-none-eabi/lib/thumb/libg.a(lib_a-mbrtowc.o)
 .rodata.str1.4
                0x02025188        0x4 /home/markholland/devkitPro/devkitARM/bin/../lib/gcc/arm-none-eabi/4.9.2/../../../../arm-none-eabi/lib/thumb/libg.a(lib_a-tzvars.o)
 .rodata.str1.4
                0x0202518c       0x2f /home/markholland/devkitPro/devkitARM/bin/../lib/gcc/arm-none-eabi/4.9.2/../../../../arm-none-eabi/lib/thumb/libg.a(lib_a-vfiprintf.o)
                                 0x30 (size before relaxing)
 .rodata.str1.4
                0x00000000       0x14 /home/markholland/devkitPro/devkitARM/bin/../lib/gcc/arm-none-eabi/4.9.2/../../../../arm-none-eabi/lib/thumb/libg.a(lib_a-jp2uc.o)
 .rodata.str1.4
                0x00000000       0x30 /home/markholland/devkitPro/devkitARM/bin/../lib/gcc/arm-none-eabi/4.9.2/../../../../arm-none-eabi/lib/thumb/libg.a(lib_a-svfiprintf.o)
 *fill*         0x020251bb        0x1 ff
 .rodata.str1.4
                0x020251bc        0x8 /home/markholland/devkitPro/devkitARM/bin/../lib/gcc/arm-none-eabi/4.9.2/../../../../arm-none-eabi/lib/thumb/libsysbase.a(iosupport.o)
 *(.gnu.linkonce.r*)
                0x020251c4                . = ALIGN (0x4)

.rel.dyn        0x020251c4        0x0
 .rel.iplt      0x00000000        0x0 /home/markholland/devkitPro/devkitARM/bin/../lib/gcc/arm-none-eabi/4.9.2/../../../../arm-none-eabi/lib/thumb/ds_arm9_crt0.o

.ARM.extab
 *(.ARM.extab* .gnu.linkonce.armextab.*)
                0x020251c4                __exidx_start = .

ARM.exidx
 *(.ARM.exidx* .gnu.linkonce.armexidx.*)
                0x020251c4                __exidx_end = .
                0x020251c4                . = ALIGN (0x4)
                0x020251c4                PROVIDE (__preinit_array_start, .)

.preinit_array
 *(.preinit_array)
                0x020251c4                PROVIDE (__preinit_array_end, .)
                0x020251c4                PROVIDE (__init_array_start, .)

.init_array     0x020251c4        0x4
 *(SORT(.init_array.*))
 *(.init_array)
 .init_array    0x020251c4        0x4 /home/markholland/devkitPro/devkitARM/bin/../lib/gcc/arm-none-eabi/4.9.2/thumb/crtbegin.o
                0x020251c8                PROVIDE (__init_array_end, .)
                0x020251c8                PROVIDE (__fini_array_start, .)

.fini_array     0x020251c8        0x4
 *(.fini_array)
 .fini_array    0x020251c8        0x4 /home/markholland/devkitPro/devkitARM/bin/../lib/gcc/arm-none-eabi/4.9.2/thumb/crtbegin.o
 *(SORT(.fini_array.*))
                0x020251cc                PROVIDE (__fini_array_end, .)

.ctors          0x020251cc        0x0
 *crtbegin.o(.ctors)
 *(EXCLUDE_FILE(*crtend.o) .ctors)
 *(SORT(.ctors.*))
 *(.ctors)
                0x020251cc                . = ALIGN (0x4)

.dtors          0x020251cc        0x0
 *crtbegin.o(.dtors)
 *(EXCLUDE_FILE(*crtend.o) .dtors)
 *(SORT(.dtors.*))
 *(.dtors)
                0x020251cc                . = ALIGN (0x4)

.eh_frame       0x020251cc        0x4
 *(.eh_frame)
 .eh_frame      0x020251cc        0x0 /home/markholland/devkitPro/devkitARM/bin/../lib/gcc/arm-none-eabi/4.9.2/thumb/crtbegin.o
 .eh_frame      0x020251cc        0x4 /home/markholland/devkitPro/devkitARM/bin/../lib/gcc/arm-none-eabi/4.9.2/thumb/crtend.o
                0x020251d0                . = ALIGN (0x4)

.gcc_except_table
                0x020251d0        0x0
 *(.gcc_except_table)
                0x020251d0                . = ALIGN (0x4)

.jcr            0x020251d0        0x4
 *(.jcr)
 .jcr           0x020251d0        0x0 /home/markholland/devkitPro/devkitARM/bin/../lib/gcc/arm-none-eabi/4.9.2/thumb/crtbegin.o
 .jcr           0x020251d0        0x4 /home/markholland/devkitPro/devkitARM/bin/../lib/gcc/arm-none-eabi/4.9.2/thumb/crtend.o

.got
 *(.got.plt)
 *(.got)
 *(.rel.got)

.ewram          0x020251d4        0x0
                0x020251d4                __ewram_start = ABSOLUTE (.)
 *(.ewram)
 *ewram.*(.text)
                0x020251d4                . = ALIGN (0x4)

.data           0x020251d4      0xf40
                0x020251d4                __data_start = ABSOLUTE (.)
 *(.data)
 .data          0x020251d4        0x0 /home/markholland/devkitPro/devkitARM/bin/../lib/gcc/arm-none-eabi/4.9.2/../../../../arm-none-eabi/lib/thumb/ds_arm9_crt0.o
 .data          0x020251d4        0x0 /home/markholland/devkitPro/devkitARM/bin/../lib/gcc/arm-none-eabi/4.9.2/thumb/crti.o
 .data          0x020251d4        0x4 /home/markholland/devkitPro/devkitARM/bin/../lib/gcc/arm-none-eabi/4.9.2/thumb/crtbegin.o
                0x020251d4                __dso_handle
 .data          0x020251d8        0x8 micrecord.o
                0x020251d8                sound_buffer_size
                0x020251dc                mic_buffer_size
 .data          0x020251e0        0x0 /home/markholland/devkitPro/libnds/lib/libfat.a(libfat.o)
 .data          0x020251e0        0x0 /home/markholland/devkitPro/libnds/lib/libfat.a(partition.o)
 .data          0x020251e0        0x0 /home/markholland/devkitPro/libnds/lib/libfat.a(cache.o)
 .data          0x020251e0        0x0 /home/markholland/devkitPro/libnds/lib/libfat.a(directory.o)
 .data          0x020251e0        0x0 /home/markholland/devkitPro/libnds/lib/libfat.a(disc.o)
 .data          0x020251e0        0x0 /home/markholland/devkitPro/libnds/lib/libfat.a(fatdir.o)
 .data          0x020251e0        0x0 /home/markholland/devkitPro/libnds/lib/libfat.a(fatfile.o)
 .data          0x020251e0        0x0 /home/markholland/devkitPro/libnds/lib/libfat.a(file_allocation_table.o)
 .data          0x020251e0        0x0 /home/markholland/devkitPro/libnds/lib/libfat.a(filetime.o)
 .data          0x020251e0        0x0 /home/markholland/devkitPro/libnds/lib/libfat.a(lock.o)
 .data          0x020251e0       0x64 /home/markholland/devkitPro/libnds/lib/libnds9.a(console.o)
                0x020251e0                currentConsole
                0x020251e4                defaultConsole
 .data          0x02025244        0x3 /home/markholland/devkitPro/libnds/lib/libnds9.a(keys.o)
 .data          0x02025247        0x0 /home/markholland/devkitPro/libnds/lib/libnds9.a(sound.o)
 *fill*         0x02025247        0x1 ff
 .data          0x02025248        0x4 /home/markholland/devkitPro/libnds/lib/libnds9.a(dldi.o)
                0x02025248                io_dldi_data
 .data          0x0202524c        0x0 /home/markholland/devkitPro/libnds/lib/libnds9.a(dsi_sd.o)
 .data          0x0202524c        0x0 /home/markholland/devkitPro/libnds/lib/libnds9.a(initSystem.o)
 .data          0x0202524c       0x10 /home/markholland/devkitPro/libnds/lib/libnds9.a(fifosystem.o)
                0x0202524c                fifo_buffer_free
                0x02025250                fifo_freewords
                0x02025254                fifo_send_queue
                0x02025258                fifo_receive_queue
 .data          0x0202525c        0x0 /home/markholland/devkitPro/libnds/lib/libnds9.a(interrupts.o)
 .data          0x0202525c        0x0 /home/markholland/devkitPro/libnds/lib/libnds9.a(libnds_exit.arm.o)
 .data          0x0202525c        0x0 /home/markholland/devkitPro/libnds/lib/libnds9.a(dcache.o)
 .data          0x0202525c        0x0 /home/markholland/devkitPro/libnds/lib/libnds9.a(dldi_stub.o)
 .data          0x0202525c        0x0 /home/markholland/devkitPro/libnds/lib/libnds9.a(mpu_setup.o)
 .data          0x0202525c        0x0 /home/markholland/devkitPro/libnds/lib/libnds9.a(biosCalls.o)
 .data          0x0202525c        0x0 /home/markholland/devkitPro/libnds/lib/libnds9.a(debugprint.o)
 .data          0x0202525c        0x0 /home/markholland/devkitPro/libnds/lib/libnds9.a(interruptDispatcher.o)
 .data          0x0202525c        0x0 /home/markholland/devkitPro/libnds/lib/libnds9.a(swiSoftReset.o)
 .data          0x0202525c        0x0 /home/markholland/devkitPro/libnds/lib/libnds9.a(default_font.bin.o)
 .data          0x0202525c       0x60 /home/markholland/devkitPro/libnds/lib/libnds9.a(background.o)
                0x0202525c                bgScrollTable
                0x0202527c                bgTransform
                0x0202529c                bgControl
 .data          0x020252bc        0x0 /home/markholland/devkitPro/libnds/lib/libnds9.a(system.o)
 .data          0x020252bc        0x0 /home/markholland/devkitPro/libnds/lib/libnds9.a(trig.o)
 .data          0x020252bc        0x0 /home/markholland/devkitPro/libnds/lib/libnds9.a(video.o)
 .data          0x020252bc        0x0 /home/markholland/devkitPro/devkitARM/bin/../lib/gcc/arm-none-eabi/4.9.2/thumb/libgcc.a(_udivsi3.o)
 .data          0x020252bc        0x0 /home/markholland/devkitPro/devkitARM/bin/../lib/gcc/arm-none-eabi/4.9.2/thumb/libgcc.a(_divsi3.o)
 .data          0x020252bc        0x0 /home/markholland/devkitPro/devkitARM/bin/../lib/gcc/arm-none-eabi/4.9.2/thumb/libgcc.a(_dvmd_tls.o)
 .data          0x020252bc        0x0 /home/markholland/devkitPro/devkitARM/bin/../lib/gcc/arm-none-eabi/4.9.2/thumb/libgcc.a(_muldi3.o)
 .data          0x020252bc        0x0 /home/markholland/devkitPro/devkitARM/bin/../lib/gcc/arm-none-eabi/4.9.2/../../../../arm-none-eabi/lib/thumb/libg.a(lib_a-bsearch.o)
 .data          0x020252bc        0x4 /home/markholland/devkitPro/devkitARM/bin/../lib/gcc/arm-none-eabi/4.9.2/../../../../arm-none-eabi/lib/thumb/libg.a(lib_a-ctype_.o)
                0x020252bc                __ctype_ptr__
 .data          0x020252c0        0x0 /home/markholland/devkitPro/devkitARM/bin/../lib/gcc/arm-none-eabi/4.9.2/../../../../arm-none-eabi/lib/thumb/libg.a(lib_a-fclose.o)
 .data          0x020252c0        0x0 /home/markholland/devkitPro/devkitARM/bin/../lib/gcc/arm-none-eabi/4.9.2/../../../../arm-none-eabi/lib/thumb/libg.a(lib_a-fflush.o)
 .data          0x020252c0        0x0 /home/markholland/devkitPro/devkitARM/bin/../lib/gcc/arm-none-eabi/4.9.2/../../../../arm-none-eabi/lib/thumb/libg.a(lib_a-findfp.o)
 .data          0x020252c0        0x0 /home/markholland/devkitPro/devkitARM/bin/../lib/gcc/arm-none-eabi/4.9.2/../../../../arm-none-eabi/lib/thumb/libg.a(lib_a-fopen.o)
 .data          0x020252c0        0x0 /home/markholland/devkitPro/devkitARM/bin/../lib/gcc/arm-none-eabi/4.9.2/../../../../arm-none-eabi/lib/thumb/libg.a(lib_a-freer.o)
 .data          0x020252c0        0x0 /home/markholland/devkitPro/devkitARM/bin/../lib/gcc/arm-none-eabi/4.9.2/../../../../arm-none-eabi/lib/thumb/libg.a(lib_a-fseek.o)
 .data          0x020252c0        0x0 /home/markholland/devkitPro/devkitARM/bin/../lib/gcc/arm-none-eabi/4.9.2/../../../../arm-none-eabi/lib/thumb/libg.a(lib_a-fseeko.o)
 .data          0x020252c0        0x0 /home/markholland/devkitPro/devkitARM/bin/../lib/gcc/arm-none-eabi/4.9.2/../../../../arm-none-eabi/lib/thumb/libg.a(lib_a-fwalk.o)
 .data          0x020252c0        0x0 /home/markholland/devkitPro/devkitARM/bin/../lib/gcc/arm-none-eabi/4.9.2/../../../../arm-none-eabi/lib/thumb/libg.a(lib_a-fwrite.o)
 *fill*         0x020252c0        0x0 ff
 .data          0x020252c0      0x430 /home/markholland/devkitPro/devkitARM/bin/../lib/gcc/arm-none-eabi/4.9.2/../../../../arm-none-eabi/lib/thumb/libg.a(lib_a-impure.o)
                0x020252c0                _impure_ptr
 .data          0x020256f0        0x0 /home/markholland/devkitPro/devkitARM/bin/../lib/gcc/arm-none-eabi/4.9.2/../../../../arm-none-eabi/lib/thumb/libg.a(lib_a-init.o)
 .data          0x020256f0        0x0 /home/markholland/devkitPro/devkitARM/bin/../lib/gcc/arm-none-eabi/4.9.2/../../../../arm-none-eabi/lib/thumb/libg.a(lib_a-iprintf.o)
 .data          0x020256f0        0x0 /home/markholland/devkitPro/devkitARM/bin/../lib/gcc/arm-none-eabi/4.9.2/../../../../arm-none-eabi/lib/thumb/libg.a(lib_a-lcltime_r.o)
 .data          0x020256f0      0x17c /home/markholland/devkitPro/devkitARM/bin/../lib/gcc/arm-none-eabi/4.9.2/../../../../arm-none-eabi/lib/thumb/libg.a(lib_a-locale.o)
                0x020256f0                __default_locale
                0x02025810                __mb_cur_max
 .data          0x0202586c        0x0 /home/markholland/devkitPro/devkitARM/bin/../lib/gcc/arm-none-eabi/4.9.2/../../../../arm-none-eabi/lib/thumb/libg.a(lib_a-makebuf.o)
 .data          0x0202586c        0x0 /home/markholland/devkitPro/devkitARM/bin/../lib/gcc/arm-none-eabi/4.9.2/../../../../arm-none-eabi/lib/thumb/libg.a(lib_a-malloc.o)
 .data          0x0202586c      0x410 /home/markholland/devkitPro/devkitARM/bin/../lib/gcc/arm-none-eabi/4.9.2/../../../../arm-none-eabi/lib/thumb/libg.a(lib_a-mallocr.o)
                0x0202586c                __malloc_av_
                0x02025c74                __malloc_sbrk_base
                0x02025c78                __malloc_trim_threshold
 .data          0x02025c7c        0x0 /home/markholland/devkitPro/devkitARM/bin/../lib/gcc/arm-none-eabi/4.9.2/../../../../arm-none-eabi/lib/thumb/libg.a(lib_a-mbrtowc.o)
 .data          0x02025c7c        0x0 /home/markholland/devkitPro/devkitARM/bin/../lib/gcc/arm-none-eabi/4.9.2/../../../../arm-none-eabi/lib/thumb/libg.a(lib_a-mbsrtowcs.o)
 .data          0x02025c7c        0x4 /home/markholland/devkitPro/devkitARM/bin/../lib/gcc/arm-none-eabi/4.9.2/../../../../arm-none-eabi/lib/thumb/libg.a(lib_a-mbtowc_r.o)
                0x02025c7c                __mbtowc
 .data          0x02025c80        0x0 /home/markholland/devkitPro/devkitARM/bin/../lib/gcc/arm-none-eabi/4.9.2/../../../../arm-none-eabi/lib/thumb/libg.a(lib_a-memcmp.o)
 .data          0x02025c80        0x0 /home/markholland/devkitPro/devkitARM/bin/../lib/gcc/arm-none-eabi/4.9.2/../../../../arm-none-eabi/lib/thumb/libg.a(lib_a-memcpy-stub.o)
 .data          0x02025c80        0x0 /home/markholland/devkitPro/devkitARM/bin/../lib/gcc/arm-none-eabi/4.9.2/../../../../arm-none-eabi/lib/thumb/libg.a(lib_a-memmove.o)
 .data          0x02025c80        0x0 /home/markholland/devkitPro/devkitARM/bin/../lib/gcc/arm-none-eabi/4.9.2/../../../../arm-none-eabi/lib/thumb/libg.a(lib_a-memset.o)
 .data          0x02025c80        0x0 /home/markholland/devkitPro/devkitARM/bin/../lib/gcc/arm-none-eabi/4.9.2/../../../../arm-none-eabi/lib/thumb/libg.a(lib_a-mktime.o)
 .data          0x02025c80        0x0 /home/markholland/devkitPro/devkitARM/bin/../lib/gcc/arm-none-eabi/4.9.2/../../../../arm-none-eabi/lib/thumb/libg.a(lib_a-mktm_r.o)
 .data          0x02025c80        0x0 /home/markholland/devkitPro/devkitARM/bin/../lib/gcc/arm-none-eabi/4.9.2/../../../../arm-none-eabi/lib/thumb/libg.a(lib_a-mlock.o)
 .data          0x02025c80        0x0 /home/markholland/devkitPro/devkitARM/bin/../lib/gcc/arm-none-eabi/4.9.2/../../../../arm-none-eabi/lib/thumb/libg.a(lib_a-refill.o)
 .data          0x02025c80        0x0 /home/markholland/devkitPro/devkitARM/bin/../lib/gcc/arm-none-eabi/4.9.2/../../../../arm-none-eabi/lib/thumb/libg.a(lib_a-setvbuf.o)
 .data          0x02025c80        0x0 /home/markholland/devkitPro/devkitARM/bin/../lib/gcc/arm-none-eabi/4.9.2/../../../../arm-none-eabi/lib/thumb/libg.a(lib_a-siscanf.o)
 .data          0x02025c80        0x0 /home/markholland/devkitPro/devkitARM/bin/../lib/gcc/arm-none-eabi/4.9.2/../../../../arm-none-eabi/lib/thumb/libg.a(lib_a-stdio.o)
 .data          0x02025c80        0x0 /home/markholland/devkitPro/devkitARM/bin/../lib/gcc/arm-none-eabi/4.9.2/../../../../arm-none-eabi/lib/thumb/libg.a(lib_a-stpcpy.o)
 .data          0x02025c80        0x0 /home/markholland/devkitPro/devkitARM/bin/../lib/gcc/arm-none-eabi/4.9.2/../../../../arm-none-eabi/lib/thumb/libg.a(lib_a-strcasecmp.o)
 .data          0x02025c80        0x0 /home/markholland/devkitPro/devkitARM/bin/../lib/gcc/arm-none-eabi/4.9.2/../../../../arm-none-eabi/lib/thumb/libg.a(lib_a-strcat.o)
 .data          0x02025c80        0x0 /home/markholland/devkitPro/devkitARM/bin/../lib/gcc/arm-none-eabi/4.9.2/../../../../arm-none-eabi/lib/thumb/libg.a(lib_a-strchr.o)
 .data          0x02025c80        0x0 /home/markholland/devkitPro/devkitARM/bin/../lib/gcc/arm-none-eabi/4.9.2/../../../../arm-none-eabi/lib/thumb/libg.a(lib_a-strcmp.o)
 .data          0x02025c80        0x0 /home/markholland/devkitPro/devkitARM/bin/../lib/gcc/arm-none-eabi/4.9.2/../../../../arm-none-eabi/lib/thumb/libg.a(lib_a-strcpy.o)
 .data          0x02025c80        0x0 /home/markholland/devkitPro/devkitARM/bin/../lib/gcc/arm-none-eabi/4.9.2/../../../../arm-none-eabi/lib/thumb/libg.a(lib_a-strlcpy.o)
 .data          0x02025c80        0x0 /home/markholland/devkitPro/devkitARM/bin/../lib/gcc/arm-none-eabi/4.9.2/../../../../arm-none-eabi/lib/thumb/libg.a(lib_a-strlen.o)
 .data          0x02025c80        0x0 /home/markholland/devkitPro/devkitARM/bin/../lib/gcc/arm-none-eabi/4.9.2/../../../../arm-none-eabi/lib/thumb/libg.a(lib_a-strncasecmp.o)
 .data          0x02025c80        0x0 /home/markholland/devkitPro/devkitARM/bin/../lib/gcc/arm-none-eabi/4.9.2/../../../../arm-none-eabi/lib/thumb/libg.a(lib_a-strncmp.o)
 .data          0x02025c80        0x0 /home/markholland/devkitPro/devkitARM/bin/../lib/gcc/arm-none-eabi/4.9.2/../../../../arm-none-eabi/lib/thumb/libg.a(lib_a-strncpy.o)
 .data          0x02025c80        0x0 /home/markholland/devkitPro/devkitARM/bin/../lib/gcc/arm-none-eabi/4.9.2/../../../../arm-none-eabi/lib/thumb/libg.a(lib_a-strnlen.o)
 .data          0x02025c80        0x0 /home/markholland/devkitPro/devkitARM/bin/../lib/gcc/arm-none-eabi/4.9.2/../../../../arm-none-eabi/lib/thumb/libg.a(lib_a-strpbrk.o)
 .data          0x02025c80        0x0 /home/markholland/devkitPro/devkitARM/bin/../lib/gcc/arm-none-eabi/4.9.2/../../../../arm-none-eabi/lib/thumb/libg.a(lib_a-strrchr.o)
 .data          0x02025c80        0x0 /home/markholland/devkitPro/devkitARM/bin/../lib/gcc/arm-none-eabi/4.9.2/../../../../arm-none-eabi/lib/thumb/libg.a(lib_a-strtol.o)
 .data          0x02025c80        0x0 /home/markholland/devkitPro/devkitARM/bin/../lib/gcc/arm-none-eabi/4.9.2/../../../../arm-none-eabi/lib/thumb/libg.a(lib_a-svfiscanf.o)
 .data          0x02025c80        0x0 /home/markholland/devkitPro/devkitARM/bin/../lib/gcc/arm-none-eabi/4.9.2/../../../../arm-none-eabi/lib/thumb/libg.a(lib_a-sysclose.o)
 .data          0x02025c80        0x0 /home/markholland/devkitPro/devkitARM/bin/../lib/gcc/arm-none-eabi/4.9.2/../../../../arm-none-eabi/lib/thumb/libg.a(lib_a-syslseek.o)
 .data          0x02025c80        0x0 /home/markholland/devkitPro/devkitARM/bin/../lib/gcc/arm-none-eabi/4.9.2/../../../../arm-none-eabi/lib/thumb/libg.a(lib_a-sysopen.o)
 .data          0x02025c80        0x0 /home/markholland/devkitPro/devkitARM/bin/../lib/gcc/arm-none-eabi/4.9.2/../../../../arm-none-eabi/lib/thumb/libg.a(lib_a-sysread.o)
 .data          0x02025c80        0x0 /home/markholland/devkitPro/devkitARM/bin/../lib/gcc/arm-none-eabi/4.9.2/../../../../arm-none-eabi/lib/thumb/libg.a(lib_a-time.o)
 .data          0x02025c80        0x0 /home/markholland/devkitPro/devkitARM/bin/../lib/gcc/arm-none-eabi/4.9.2/../../../../arm-none-eabi/lib/thumb/libg.a(lib_a-towlower.o)
 .data          0x02025c80        0x0 /home/markholland/devkitPro/devkitARM/bin/../lib/gcc/arm-none-eabi/4.9.2/../../../../arm-none-eabi/lib/thumb/libg.a(lib_a-towupper.o)
 .data          0x02025c80        0x0 /home/markholland/devkitPro/devkitARM/bin/../lib/gcc/arm-none-eabi/4.9.2/../../../../arm-none-eabi/lib/thumb/libg.a(lib_a-tzlock.o)
 .data          0x02025c80        0x8 /home/markholland/devkitPro/devkitARM/bin/../lib/gcc/arm-none-eabi/4.9.2/../../../../arm-none-eabi/lib/thumb/libg.a(lib_a-tzvars.o)
                0x02025c80                _tzname
 .data          0x02025c88        0x0 /home/markholland/devkitPro/devkitARM/bin/../lib/gcc/arm-none-eabi/4.9.2/../../../../arm-none-eabi/lib/thumb/libg.a(lib_a-ungetc.o)
 .data          0x02025c88        0x0 /home/markholland/devkitPro/devkitARM/bin/../lib/gcc/arm-none-eabi/4.9.2/../../../../arm-none-eabi/lib/thumb/libg.a(lib_a-vfiprintf.o)
 .data          0x02025c88        0x0 /home/markholland/devkitPro/devkitARM/bin/../lib/gcc/arm-none-eabi/4.9.2/../../../../arm-none-eabi/lib/thumb/libg.a(lib_a-wcrtomb.o)
 .data          0x02025c88        0x0 /home/markholland/devkitPro/devkitARM/bin/../lib/gcc/arm-none-eabi/4.9.2/../../../../arm-none-eabi/lib/thumb/libg.a(lib_a-wcsrtombs.o)
 .data          0x02025c88        0x0 /home/markholland/devkitPro/devkitARM/bin/../lib/gcc/arm-none-eabi/4.9.2/../../../../arm-none-eabi/lib/thumb/libg.a(lib_a-wctob.o)
 .data          0x02025c88        0x4 /home/markholland/devkitPro/devkitARM/bin/../lib/gcc/arm-none-eabi/4.9.2/../../../../arm-none-eabi/lib/thumb/libg.a(lib_a-wctomb_r.o)
                0x02025c88                __wctomb
 .data          0x02025c8c        0x0 /home/markholland/devkitPro/devkitARM/bin/../lib/gcc/arm-none-eabi/4.9.2/../../../../arm-none-eabi/lib/thumb/libg.a(lib_a-wsetup.o)
 .data          0x02025c8c        0x0 /home/markholland/devkitPro/devkitARM/bin/../lib/gcc/arm-none-eabi/4.9.2/../../../../arm-none-eabi/lib/thumb/libg.a(lib_a-div.o)
 .data          0x02025c8c        0x0 /home/markholland/devkitPro/devkitARM/bin/../lib/gcc/arm-none-eabi/4.9.2/../../../../arm-none-eabi/lib/thumb/libg.a(lib_a-flags.o)
 .data          0x02025c8c        0x0 /home/markholland/devkitPro/devkitARM/bin/../lib/gcc/arm-none-eabi/4.9.2/../../../../arm-none-eabi/lib/thumb/libg.a(lib_a-fputwc.o)
 .data          0x02025c8c        0x0 /home/markholland/devkitPro/devkitARM/bin/../lib/gcc/arm-none-eabi/4.9.2/../../../../arm-none-eabi/lib/thumb/libg.a(lib_a-fvwrite.o)
 .data          0x02025c8c        0x0 /home/markholland/devkitPro/devkitARM/bin/../lib/gcc/arm-none-eabi/4.9.2/../../../../arm-none-eabi/lib/thumb/libg.a(lib_a-getenv_r.o)
 .data          0x02025c8c       0x40 /home/markholland/devkitPro/devkitARM/bin/../lib/gcc/arm-none-eabi/4.9.2/../../../../arm-none-eabi/lib/thumb/libg.a(lib_a-gettzinfo.o)
 .data          0x02025ccc        0x0 /home/markholland/devkitPro/devkitARM/bin/../lib/gcc/arm-none-eabi/4.9.2/../../../../arm-none-eabi/lib/thumb/libg.a(lib_a-iswspace.o)
 .data          0x02025ccc        0x0 /home/markholland/devkitPro/devkitARM/bin/../lib/gcc/arm-none-eabi/4.9.2/../../../../arm-none-eabi/lib/thumb/libg.a(lib_a-jp2uc.o)
 .data          0x02025ccc        0x0 /home/markholland/devkitPro/devkitARM/bin/../lib/gcc/arm-none-eabi/4.9.2/../../../../arm-none-eabi/lib/thumb/libg.a(lib_a-mbsnrtowcs.o)
 .data          0x02025ccc        0x0 /home/markholland/devkitPro/devkitARM/bin/../lib/gcc/arm-none-eabi/4.9.2/../../../../arm-none-eabi/lib/thumb/libg.a(lib_a-memchr-stub.o)
 .data          0x02025ccc        0x0 /home/markholland/devkitPro/devkitARM/bin/../lib/gcc/arm-none-eabi/4.9.2/../../../../arm-none-eabi/lib/thumb/libg.a(lib_a-reallocr.o)
 .data          0x02025ccc        0x0 /home/markholland/devkitPro/devkitARM/bin/../lib/gcc/arm-none-eabi/4.9.2/../../../../arm-none-eabi/lib/thumb/libg.a(lib_a-sccl.o)
 .data          0x02025ccc        0x0 /home/markholland/devkitPro/devkitARM/bin/../lib/gcc/arm-none-eabi/4.9.2/../../../../arm-none-eabi/lib/thumb/libg.a(lib_a-strtoll_r.o)
 .data          0x02025ccc        0x0 /home/markholland/devkitPro/devkitARM/bin/../lib/gcc/arm-none-eabi/4.9.2/../../../../arm-none-eabi/lib/thumb/libg.a(lib_a-strtoull_r.o)
 .data          0x02025ccc        0x0 /home/markholland/devkitPro/devkitARM/bin/../lib/gcc/arm-none-eabi/4.9.2/../../../../arm-none-eabi/lib/thumb/libg.a(lib_a-strtoul.o)
 .data          0x02025ccc        0x0 /home/markholland/devkitPro/devkitARM/bin/../lib/gcc/arm-none-eabi/4.9.2/../../../../arm-none-eabi/lib/thumb/libg.a(lib_a-svfiprintf.o)
 .data          0x02025ccc        0x0 /home/markholland/devkitPro/devkitARM/bin/../lib/gcc/arm-none-eabi/4.9.2/../../../../arm-none-eabi/lib/thumb/libg.a(lib_a-wbuf.o)
 .data          0x02025ccc        0x0 /home/markholland/devkitPro/devkitARM/bin/../lib/gcc/arm-none-eabi/4.9.2/../../../../arm-none-eabi/lib/thumb/libg.a(lib_a-wcsnrtombs.o)
 .data          0x02025ccc        0x4 /home/markholland/devkitPro/devkitARM/bin/../lib/gcc/arm-none-eabi/4.9.2/../../../../arm-none-eabi/lib/thumb/libg.a(lib_a-environ.o)
                0x02025ccc                environ
 .data          0x02025cd0        0x0 /home/markholland/devkitPro/devkitARM/bin/../lib/gcc/arm-none-eabi/4.9.2/../../../../arm-none-eabi/lib/thumb/libg.a(lib_a-envlock.o)
 .data          0x02025cd0       0x44 /home/markholland/devkitPro/devkitARM/bin/../lib/gcc/arm-none-eabi/4.9.2/../../../../arm-none-eabi/lib/thumb/libsysbase.a(iosupport.o)
                0x02025cd4                devoptab_list
 .data          0x02025d14        0x0 /home/markholland/devkitPro/devkitARM/bin/../lib/gcc/arm-none-eabi/4.9.2/../../../../arm-none-eabi/lib/thumb/libsysbase.a(close.o)
 .data          0x02025d14        0x0 /home/markholland/devkitPro/devkitARM/bin/../lib/gcc/arm-none-eabi/4.9.2/../../../../arm-none-eabi/lib/thumb/libsysbase.a(fstat.o)
 .data          0x02025d14        0x0 /home/markholland/devkitPro/devkitARM/bin/../lib/gcc/arm-none-eabi/4.9.2/../../../../arm-none-eabi/lib/thumb/libsysbase.a(isatty.o)
 .data          0x02025d14        0x0 /home/markholland/devkitPro/devkitARM/bin/../lib/gcc/arm-none-eabi/4.9.2/../../../../arm-none-eabi/lib/thumb/libsysbase.a(lseek.o)
 .data          0x02025d14        0x0 /home/markholland/devkitPro/devkitARM/bin/../lib/gcc/arm-none-eabi/4.9.2/../../../../arm-none-eabi/lib/thumb/libsysbase.a(open.o)
 .data          0x02025d14        0x0 /home/markholland/devkitPro/devkitARM/bin/../lib/gcc/arm-none-eabi/4.9.2/../../../../arm-none-eabi/lib/thumb/libsysbase.a(read.o)
 .data          0x02025d14        0x0 /home/markholland/devkitPro/devkitARM/bin/../lib/gcc/arm-none-eabi/4.9.2/../../../../arm-none-eabi/lib/thumb/libsysbase.a(sbrk.o)
 .data          0x02025d14        0x0 /home/markholland/devkitPro/devkitARM/bin/../lib/gcc/arm-none-eabi/4.9.2/../../../../arm-none-eabi/lib/thumb/libsysbase.a(times.o)
 .data          0x02025d14        0x0 /home/markholland/devkitPro/devkitARM/bin/../lib/gcc/arm-none-eabi/4.9.2/../../../../arm-none-eabi/lib/thumb/libsysbase.a(write.o)
 .data          0x02025d14        0x0 /home/markholland/devkitPro/devkitARM/bin/../lib/gcc/arm-none-eabi/4.9.2/../../../../arm-none-eabi/lib/thumb/libsysbase.a(malloc_vars.o)
 .data          0x02025d14      0x400 /home/markholland/devkitPro/devkitARM/bin/../lib/gcc/arm-none-eabi/4.9.2/../../../../arm-none-eabi/lib/thumb/libsysbase.a(chdir.o)
 .data          0x02026114        0x0 /home/markholland/devkitPro/devkitARM/bin/../lib/gcc/arm-none-eabi/4.9.2/../../../../arm-none-eabi/lib/thumb/libsysbase.a(build_argv.o)
 .data          0x02026114        0x0 /home/markholland/devkitPro/devkitARM/bin/../lib/gcc/arm-none-eabi/4.9.2/../../../../arm-none-eabi/lib/thumb/libsysbase.a(syscall_support.o)
 .data          0x02026114        0x0 /home/markholland/devkitPro/devkitARM/bin/../lib/gcc/arm-none-eabi/4.9.2/../../../../arm-none-eabi/lib/thumb/libsysbase.a(handle_manager.o)
 .data          0x02026114        0x0 /home/markholland/devkitPro/devkitARM/bin/../lib/gcc/arm-none-eabi/4.9.2/thumb/libgcc.a(_aeabi_uldivmod.o)
 .data          0x02026114        0x0 /home/markholland/devkitPro/devkitARM/bin/../lib/gcc/arm-none-eabi/4.9.2/thumb/libgcc.a(bpabi.o)
 .data          0x02026114        0x0 /home/markholland/devkitPro/devkitARM/bin/../lib/gcc/arm-none-eabi/4.9.2/thumb/libgcc.a(_divdi3.o)
 .data          0x02026114        0x0 /home/markholland/devkitPro/devkitARM/bin/../lib/gcc/arm-none-eabi/4.9.2/thumb/libgcc.a(_udivdi3.o)
 .data          0x02026114        0x0 /home/markholland/devkitPro/devkitARM/bin/../lib/gcc/arm-none-eabi/4.9.2/thumb/libgcc.a(_clzdi2.o)
 .data          0x02026114        0x0 /home/markholland/devkitPro/devkitARM/bin/../lib/gcc/arm-none-eabi/4.9.2/thumb/libgcc.a(_clzsi2.o)
 .data          0x02026114        0x0 /home/markholland/devkitPro/devkitARM/bin/../lib/gcc/arm-none-eabi/4.9.2/../../../../arm-none-eabi/lib/thumb/libg.a(lib_a-errno.o)
 .data          0x02026114        0x0 /home/markholland/devkitPro/devkitARM/bin/../lib/gcc/arm-none-eabi/4.9.2/thumb/crtend.o
 .data          0x02026114        0x0 /home/markholland/devkitPro/devkitARM/bin/../lib/gcc/arm-none-eabi/4.9.2/thumb/crtn.o
 *(.data.*)
 *(.gnu.linkonce.d*)
                0x02026114                . = ALIGN (0x4)
                0x02026114                __data_end = ABSOLUTE (.)
                0x02026114                __dtcm_lma = .
                0x02026114                __bss_vma = .

.igot.plt       0x02026114        0x0
 .igot.plt      0x00000000        0x0 /home/markholland/devkitPro/devkitARM/bin/../lib/gcc/arm-none-eabi/4.9.2/../../../../arm-none-eabi/lib/thumb/ds_arm9_crt0.o

.tm_clone_table
                0x02026114        0x0
 .tm_clone_table
                0x02026114        0x0 /home/markholland/devkitPro/devkitARM/bin/../lib/gcc/arm-none-eabi/4.9.2/thumb/crtbegin.o
 .tm_clone_table
                0x02026114        0x0 /home/markholland/devkitPro/devkitARM/bin/../lib/gcc/arm-none-eabi/4.9.2/thumb/crtend.o

.dtcm           0x0b000000        0x0 load address 0x02026114
 *(.dtcm)
 *(.dtcm.*)
                0x0b000000                . = ALIGN (0x4)
                0x0b000000                __dtcm_end = ABSOLUTE (.)
                0x02026114                __itcm_lma = (__dtcm_lma + SIZEOF (.dtcm))

.itcm           0x01000100      0x194 load address 0x02026114
 *(.itcm)
 .itcm          0x01000100       0xc8 /home/markholland/devkitPro/libnds/lib/libnds9.a(interrupts.o)
                0x01000100                irqTable
 .itcm          0x010001c8       0xcc /home/markholland/devkitPro/libnds/lib/libnds9.a(interruptDispatcher.o)
                0x010001c8                IntrMain
 *itcm.*(.text)
                0x01000294                . = ALIGN (0x4)
                0x01000294                __itcm_end = ABSOLUTE (.)
                0x020262a8                __vectors_lma = (__itcm_lma + SIZEOF (.itcm))

.vectors        0x01000000        0x0 load address 0x020262a8
 *(.vectors)
 *vectors.*(.text)
                0x01000000                . = ALIGN (0x4)
                0x01000000                __vectors_end = ABSOLUTE (.)

.sbss           0x0b000000        0x0
                0x0b000000                __sbss_start = ABSOLUTE (.)
                0x0b000000                __sbss_start__ = ABSOLUTE (.)
 *(.sbss)
                0x0b000000                . = ALIGN (0x4)
                0x0b000000                __sbss_end = ABSOLUTE (.)

.bss            0x02026114     0x1f3c
                0x02026114                __bss_start = ABSOLUTE (.)
                0x02026114                __bss_start__ = ABSOLUTE (.)
 *(.dynbss)
 *(.gnu.linkonce.b*)
 *(.bss*)
 .bss           0x02026114        0x0 /home/markholland/devkitPro/devkitARM/bin/../lib/gcc/arm-none-eabi/4.9.2/../../../../arm-none-eabi/lib/thumb/ds_arm9_crt0.o
 .bss           0x02026114        0x0 /home/markholland/devkitPro/devkitARM/bin/../lib/gcc/arm-none-eabi/4.9.2/thumb/crti.o
 .bss           0x02026114       0x1c /home/markholland/devkitPro/devkitARM/bin/../lib/gcc/arm-none-eabi/4.9.2/thumb/crtbegin.o
 .bss           0x02026130        0xc micrecord.o
                0x02026130                sound_buffer
                0x02026134                data_length
                0x02026138                mic_buffer
 .bss           0x0202613c        0x0 /home/markholland/devkitPro/libnds/lib/libfat.a(libfat.o)
 .bss           0x0202613c        0x0 /home/markholland/devkitPro/libnds/lib/libfat.a(partition.o)
 .bss           0x0202613c        0x4 /home/markholland/devkitPro/libnds/lib/libfat.a(cache.o)
 .bss           0x02026140        0x0 /home/markholland/devkitPro/libnds/lib/libfat.a(directory.o)
 .bss           0x02026140        0x0 /home/markholland/devkitPro/libnds/lib/libfat.a(disc.o)
 .bss           0x02026140        0x0 /home/markholland/devkitPro/libnds/lib/libfat.a(fatdir.o)
 .bss           0x02026140        0x0 /home/markholland/devkitPro/libnds/lib/libfat.a(fatfile.o)
 .bss           0x02026140        0x0 /home/markholland/devkitPro/libnds/lib/libfat.a(file_allocation_table.o)
 .bss           0x02026140        0x0 /home/markholland/devkitPro/libnds/lib/libfat.a(filetime.o)
 .bss           0x02026140        0x0 /home/markholland/devkitPro/libnds/lib/libfat.a(lock.o)
 .bss           0x02026140        0x0 /home/markholland/devkitPro/libnds/lib/libnds9.a(console.o)
 .bss           0x02026140        0x6 /home/markholland/devkitPro/libnds/lib/libnds9.a(keys.o)
 *fill*         0x02026146        0x2 
 .bss           0x02026148        0x4 /home/markholland/devkitPro/libnds/lib/libnds9.a(sound.o)
                0x02026148                micCallback
 .bss           0x0202614c        0x0 /home/markholland/devkitPro/libnds/lib/libnds9.a(dldi.o)
 .bss           0x0202614c        0x0 /home/markholland/devkitPro/libnds/lib/libnds9.a(dsi_sd.o)
 .bss           0x0202614c        0x0 /home/markholland/devkitPro/libnds/lib/libnds9.a(initSystem.o)
 .bss           0x0202614c        0x8 /home/markholland/devkitPro/libnds/lib/libnds9.a(fifosystem.o)
                0x02026150                processing
 .bss           0x02026154        0x0 /home/markholland/devkitPro/libnds/lib/libnds9.a(interrupts.o)
 .bss           0x02026154        0x0 /home/markholland/devkitPro/libnds/lib/libnds9.a(libnds_exit.arm.o)
 .bss           0x02026154        0x0 /home/markholland/devkitPro/libnds/lib/libnds9.a(dcache.o)
 .bss           0x02026154        0x0 /home/markholland/devkitPro/libnds/lib/libnds9.a(dldi_stub.o)
 .bss           0x02026154        0x0 /home/markholland/devkitPro/libnds/lib/libnds9.a(mpu_setup.o)
 .bss           0x02026154        0x0 /home/markholland/devkitPro/libnds/lib/libnds9.a(biosCalls.o)
 .bss           0x02026154        0x0 /home/markholland/devkitPro/libnds/lib/libnds9.a(debugprint.o)
 .bss           0x02026154        0x0 /home/markholland/devkitPro/libnds/lib/libnds9.a(interruptDispatcher.o)
 .bss           0x02026154        0x0 /home/markholland/devkitPro/libnds/lib/libnds9.a(swiSoftReset.o)
 .bss           0x02026154        0x0 /home/markholland/devkitPro/libnds/lib/libnds9.a(default_font.bin.o)
 .bss           0x02026154        0x0 /home/markholland/devkitPro/libnds/lib/libnds9.a(background.o)
 .bss           0x02026154        0x4 /home/markholland/devkitPro/libnds/lib/libnds9.a(system.o)
 .bss           0x02026158        0x0 /home/markholland/devkitPro/libnds/lib/libnds9.a(trig.o)
 .bss           0x02026158        0x0 /home/markholland/devkitPro/libnds/lib/libnds9.a(video.o)
 .bss           0x02026158        0x0 /home/markholland/devkitPro/devkitARM/bin/../lib/gcc/arm-none-eabi/4.9.2/thumb/libgcc.a(_udivsi3.o)
 .bss           0x02026158        0x0 /home/markholland/devkitPro/devkitARM/bin/../lib/gcc/arm-none-eabi/4.9.2/thumb/libgcc.a(_divsi3.o)
 .bss           0x02026158        0x0 /home/markholland/devkitPro/devkitARM/bin/../lib/gcc/arm-none-eabi/4.9.2/thumb/libgcc.a(_dvmd_tls.o)
 .bss           0x02026158        0x0 /home/markholland/devkitPro/devkitARM/bin/../lib/gcc/arm-none-eabi/4.9.2/thumb/libgcc.a(_muldi3.o)
 .bss           0x02026158        0x0 /home/markholland/devkitPro/devkitARM/bin/../lib/gcc/arm-none-eabi/4.9.2/../../../../arm-none-eabi/lib/thumb/libg.a(lib_a-bsearch.o)
 .bss           0x02026158        0x0 /home/markholland/devkitPro/devkitARM/bin/../lib/gcc/arm-none-eabi/4.9.2/../../../../arm-none-eabi/lib/thumb/libg.a(lib_a-ctype_.o)
 .bss           0x02026158        0x0 /home/markholland/devkitPro/devkitARM/bin/../lib/gcc/arm-none-eabi/4.9.2/../../../../arm-none-eabi/lib/thumb/libg.a(lib_a-fclose.o)
 .bss           0x02026158        0x0 /home/markholland/devkitPro/devkitARM/bin/../lib/gcc/arm-none-eabi/4.9.2/../../../../arm-none-eabi/lib/thumb/libg.a(lib_a-fflush.o)
 .bss           0x02026158        0x0 /home/markholland/devkitPro/devkitARM/bin/../lib/gcc/arm-none-eabi/4.9.2/../../../../arm-none-eabi/lib/thumb/libg.a(lib_a-findfp.o)
 .bss           0x02026158        0x0 /home/markholland/devkitPro/devkitARM/bin/../lib/gcc/arm-none-eabi/4.9.2/../../../../arm-none-eabi/lib/thumb/libg.a(lib_a-fopen.o)
 .bss           0x02026158        0x0 /home/markholland/devkitPro/devkitARM/bin/../lib/gcc/arm-none-eabi/4.9.2/../../../../arm-none-eabi/lib/thumb/libg.a(lib_a-freer.o)
 .bss           0x02026158        0x0 /home/markholland/devkitPro/devkitARM/bin/../lib/gcc/arm-none-eabi/4.9.2/../../../../arm-none-eabi/lib/thumb/libg.a(lib_a-fseek.o)
 .bss           0x02026158        0x0 /home/markholland/devkitPro/devkitARM/bin/../lib/gcc/arm-none-eabi/4.9.2/../../../../arm-none-eabi/lib/thumb/libg.a(lib_a-fseeko.o)
 .bss           0x02026158        0x0 /home/markholland/devkitPro/devkitARM/bin/../lib/gcc/arm-none-eabi/4.9.2/../../../../arm-none-eabi/lib/thumb/libg.a(lib_a-fwalk.o)
 .bss           0x02026158        0x0 /home/markholland/devkitPro/devkitARM/bin/../lib/gcc/arm-none-eabi/4.9.2/../../../../arm-none-eabi/lib/thumb/libg.a(lib_a-fwrite.o)
 .bss           0x02026158        0x0 /home/markholland/devkitPro/devkitARM/bin/../lib/gcc/arm-none-eabi/4.9.2/../../../../arm-none-eabi/lib/thumb/libg.a(lib_a-impure.o)
 .bss           0x02026158        0x0 /home/markholland/devkitPro/devkitARM/bin/../lib/gcc/arm-none-eabi/4.9.2/../../../../arm-none-eabi/lib/thumb/libg.a(lib_a-init.o)
 .bss           0x02026158        0x0 /home/markholland/devkitPro/devkitARM/bin/../lib/gcc/arm-none-eabi/4.9.2/../../../../arm-none-eabi/lib/thumb/libg.a(lib_a-iprintf.o)
 .bss           0x02026158        0x0 /home/markholland/devkitPro/devkitARM/bin/../lib/gcc/arm-none-eabi/4.9.2/../../../../arm-none-eabi/lib/thumb/libg.a(lib_a-lcltime_r.o)
 .bss           0x02026158      0x2b8 /home/markholland/devkitPro/devkitARM/bin/../lib/gcc/arm-none-eabi/4.9.2/../../../../arm-none-eabi/lib/thumb/libg.a(lib_a-locale.o)
                0x02026404                _PathLocale
                0x02026408                __mlocale_changed
                0x0202640c                __nlocale_changed
 .bss           0x02026410        0x0 /home/markholland/devkitPro/devkitARM/bin/../lib/gcc/arm-none-eabi/4.9.2/../../../../arm-none-eabi/lib/thumb/libg.a(lib_a-makebuf.o)
 .bss           0x02026410        0x0 /home/markholland/devkitPro/devkitARM/bin/../lib/gcc/arm-none-eabi/4.9.2/../../../../arm-none-eabi/lib/thumb/libg.a(lib_a-malloc.o)
 .bss           0x02026410       0x34 /home/markholland/devkitPro/devkitARM/bin/../lib/gcc/arm-none-eabi/4.9.2/../../../../arm-none-eabi/lib/thumb/libg.a(lib_a-mallocr.o)
                0x02026410                __malloc_top_pad
                0x02026414                __malloc_current_mallinfo
                0x0202643c                __malloc_max_sbrked_mem
                0x02026440                __malloc_max_total_mem
 .bss           0x02026444        0x0 /home/markholland/devkitPro/devkitARM/bin/../lib/gcc/arm-none-eabi/4.9.2/../../../../arm-none-eabi/lib/thumb/libg.a(lib_a-mbrtowc.o)
 .bss           0x02026444        0x0 /home/markholland/devkitPro/devkitARM/bin/../lib/gcc/arm-none-eabi/4.9.2/../../../../arm-none-eabi/lib/thumb/libg.a(lib_a-mbsrtowcs.o)
 .bss           0x02026444        0x0 /home/markholland/devkitPro/devkitARM/bin/../lib/gcc/arm-none-eabi/4.9.2/../../../../arm-none-eabi/lib/thumb/libg.a(lib_a-mbtowc_r.o)
 .bss           0x02026444        0x0 /home/markholland/devkitPro/devkitARM/bin/../lib/gcc/arm-none-eabi/4.9.2/../../../../arm-none-eabi/lib/thumb/libg.a(lib_a-memcmp.o)
 .bss           0x02026444        0x0 /home/markholland/devkitPro/devkitARM/bin/../lib/gcc/arm-none-eabi/4.9.2/../../../../arm-none-eabi/lib/thumb/libg.a(lib_a-memcpy-stub.o)
 .bss           0x02026444        0x0 /home/markholland/devkitPro/devkitARM/bin/../lib/gcc/arm-none-eabi/4.9.2/../../../../arm-none-eabi/lib/thumb/libg.a(lib_a-memmove.o)
 .bss           0x02026444        0x0 /home/markholland/devkitPro/devkitARM/bin/../lib/gcc/arm-none-eabi/4.9.2/../../../../arm-none-eabi/lib/thumb/libg.a(lib_a-memset.o)
 .bss           0x02026444        0x0 /home/markholland/devkitPro/devkitARM/bin/../lib/gcc/arm-none-eabi/4.9.2/../../../../arm-none-eabi/lib/thumb/libg.a(lib_a-mktime.o)
 .bss           0x02026444        0x0 /home/markholland/devkitPro/devkitARM/bin/../lib/gcc/arm-none-eabi/4.9.2/../../../../arm-none-eabi/lib/thumb/libg.a(lib_a-mktm_r.o)
 .bss           0x02026444        0x0 /home/markholland/devkitPro/devkitARM/bin/../lib/gcc/arm-none-eabi/4.9.2/../../../../arm-none-eabi/lib/thumb/libg.a(lib_a-mlock.o)
 .bss           0x02026444        0x0 /home/markholland/devkitPro/devkitARM/bin/../lib/gcc/arm-none-eabi/4.9.2/../../../../arm-none-eabi/lib/thumb/libg.a(lib_a-refill.o)
 .bss           0x02026444        0x0 /home/markholland/devkitPro/devkitARM/bin/../lib/gcc/arm-none-eabi/4.9.2/../../../../arm-none-eabi/lib/thumb/libg.a(lib_a-setvbuf.o)