Archive member included because of file (symbol)

/home/markholland/devkitPro/libnds/lib/libnds9.a(console.o)
                              personalData.o (consoleInit)
/home/markholland/devkitPro/libnds/lib/libnds9.a(keys.o)
                              main.o (scanKeys)
/home/markholland/devkitPro/libnds/lib/libnds9.a(system.o)
                              functions.o (systemSleep)
/home/markholland/devkitPro/libnds/lib/libnds9.a(initSystem.o)
                              /home/markholland/devkitPro/devkitARM/bin/../lib/gcc/arm-none-eabi/4.9.2/../../../../arm-none-eabi/lib/ds_arm9_crt0.o (initSystem)
/home/markholland/devkitPro/libnds/lib/libnds9.a(fifosystem.o)
                              /home/markholland/devkitPro/libnds/lib/libnds9.a(initSystem.o) (fifoSetValue32Handler)
/home/markholland/devkitPro/libnds/lib/libnds9.a(interrupts.o)
                              /home/markholland/devkitPro/libnds/lib/libnds9.a(fifosystem.o) (irqSet)
/home/markholland/devkitPro/libnds/lib/libnds9.a(libnds_exit.arm.o)
                              /home/markholland/devkitPro/devkitARM/bin/../lib/gcc/arm-none-eabi/4.9.2/../../../../arm-none-eabi/lib/ds_arm9_crt0.o (__libnds_exit)
/home/markholland/devkitPro/libnds/lib/libnds9.a(mpu_setup.o)
                              /home/markholland/devkitPro/devkitARM/bin/../lib/gcc/arm-none-eabi/4.9.2/../../../../arm-none-eabi/lib/ds_arm9_crt0.o (__libnds_mpu_setup)
/home/markholland/devkitPro/libnds/lib/libnds9.a(biosCalls.o)
                              /home/markholland/devkitPro/libnds/lib/libnds9.a(system.o) (swiDelay)
/home/markholland/devkitPro/libnds/lib/libnds9.a(debugprint.o)
                              /home/markholland/devkitPro/libnds/lib/libnds9.a(console.o) (nocashWrite)
/home/markholland/devkitPro/libnds/lib/libnds9.a(interruptDispatcher.o)
                              /home/markholland/devkitPro/libnds/lib/libnds9.a(interrupts.o) (IntrMain)
/home/markholland/devkitPro/libnds/lib/libnds9.a(swiSoftReset.o)
                              /home/markholland/devkitPro/libnds/lib/libnds9.a(fifosystem.o) (swiSoftReset)
/home/markholland/devkitPro/libnds/lib/libnds9.a(default_font.bin.o)
                              /home/markholland/devkitPro/libnds/lib/libnds9.a(console.o) (default_font_bin)
/home/markholland/devkitPro/libnds/lib/libnds9.a(background.o)
                              /home/markholland/devkitPro/libnds/lib/libnds9.a(console.o) (bgState)
/home/markholland/devkitPro/libnds/lib/libnds9.a(trig.o)
                              /home/markholland/devkitPro/libnds/lib/libnds9.a(background.o) (sinLerp)
/home/markholland/devkitPro/libnds/lib/libnds9.a(video.o)
                              /home/markholland/devkitPro/libnds/lib/libnds9.a(initSystem.o) (vramDefault)
/home/markholland/devkitPro/devkitARM/bin/../lib/gcc/arm-none-eabi/4.9.2/libgcc.a(_divsi3.o)
                              /home/markholland/devkitPro/libnds/lib/libnds9.a(console.o) (__aeabi_idivmod)
/home/markholland/devkitPro/devkitARM/bin/../lib/gcc/arm-none-eabi/4.9.2/libgcc.a(_dvmd_tls.o)
                              /home/markholland/devkitPro/devkitARM/bin/../lib/gcc/arm-none-eabi/4.9.2/libgcc.a(_divsi3.o) (__aeabi_idiv0)
/home/markholland/devkitPro/devkitARM/bin/../lib/gcc/arm-none-eabi/4.9.2/../../../../arm-none-eabi/lib/libg.a(lib_a-bsearch.o)
                              /home/markholland/devkitPro/libnds/lib/libnds9.a(trig.o) (bsearch)
/home/markholland/devkitPro/devkitARM/bin/../lib/gcc/arm-none-eabi/4.9.2/../../../../arm-none-eabi/lib/libg.a(lib_a-impure.o)
                              /home/markholland/devkitPro/libnds/lib/libnds9.a(console.o) (_impure_ptr)
/home/markholland/devkitPro/devkitARM/bin/../lib/gcc/arm-none-eabi/4.9.2/../../../../arm-none-eabi/lib/libg.a(lib_a-init.o)
                              /home/markholland/devkitPro/devkitARM/bin/../lib/gcc/arm-none-eabi/4.9.2/../../../../arm-none-eabi/lib/ds_arm9_crt0.o (__libc_init_array)
/home/markholland/devkitPro/devkitARM/bin/../lib/gcc/arm-none-eabi/4.9.2/../../../../arm-none-eabi/lib/libg.a(lib_a-iprintf.o)
                              main.o (iprintf)
/home/markholland/devkitPro/devkitARM/bin/../lib/gcc/arm-none-eabi/4.9.2/../../../../arm-none-eabi/lib/libg.a(lib_a-memcpy-stub.o)
                              /home/markholland/devkitPro/libnds/lib/libnds9.a(console.o) (memcpy)
/home/markholland/devkitPro/devkitARM/bin/../lib/gcc/arm-none-eabi/4.9.2/../../../../arm-none-eabi/lib/libg.a(lib_a-printf.o)
                              personalData.o (printf)
/home/markholland/devkitPro/devkitARM/bin/../lib/gcc/arm-none-eabi/4.9.2/../../../../arm-none-eabi/lib/libg.a(lib_a-putchar.o)
                              personalData.o (putchar)
/home/markholland/devkitPro/devkitARM/bin/../lib/gcc/arm-none-eabi/4.9.2/../../../../arm-none-eabi/lib/libg.a(lib_a-putc.o)
[...]
Memory Configuration

Name             Origin             Length             Attributes
rom              0x08000000         0x02000000
ewram            0x02000000         0x003ff000
dtcm             0x0b000000         0x00004000
vectors          0x01000000         0x00000100
itcm             0x01000100         0x00007f00
*default*        0x00000000         0xffffffff

Linker script and memory map

                0x01000000                __vectors_start = ORIGIN (vectors)
                0x01000100                __itcm_start = ORIGIN (itcm)
                0x023ff000                __ewram_end = (ORIGIN (ewram) + 0x3ff000)
                0x023ff000                __eheap_end = (ORIGIN (ewram) + 0x3ff000)
                0x0b000000                __dtcm_start = ORIGIN (dtcm)
                0x0b004000                __dtcm_top = (ORIGIN (dtcm) + 0x4000)
                0x0b003ff8                __irq_flags = (__dtcm_top - 0x8)
                0x0b003ffc                __irq_vector = (__dtcm_top - 0x4)
                0x0b003f00                __sp_svc = (__dtcm_top - 0x100)
                0x0b003e00                __sp_irq = (__sp_svc - 0x100)
                0x0b003d00                __sp_usr = (__sp_irq - 0x100)

.init           0x02000000      0x248
                0x02000000                __text_start = .
 *(.init)
 .init          0x02000000      0x230 /home/markholland/devkitPro/devkitARM/bin/../lib/gcc/arm-none-eabi/4.9.2/../../../../arm-none-eabi/lib/ds_arm9_crt0.o
                0x02000000                _start
 .init          0x02000230        0xc /home/markholland/devkitPro/devkitARM/bin/../lib/gcc/arm-none-eabi/4.9.2/crti.o
                0x02000230                _init
 .init          0x0200023c        0xc /home/markholland/devkitPro/devkitARM/bin/../lib/gcc/arm-none-eabi/4.9.2/crtn.o
                0x02000248                . = ALIGN (0x4)

.plt
 *(.plt)

.text           0x02000250    0x1c210
 *(EXCLUDE_FILE(*.itcm*) .text)
 .text          0x02000250        0x0 /home/markholland/devkitPro/devkitARM/bin/../lib/gcc/arm-none-eabi/4.9.2/../../../../arm-none-eabi/lib/ds_arm9_crt0.o
 .text          0x02000250        0x0 /home/markholland/devkitPro/devkitARM/bin/../lib/gcc/arm-none-eabi/4.9.2/crti.o
 .text          0x02000250      0x108 /home/markholland/devkitPro/devkitARM/bin/../lib/gcc/arm-none-eabi/4.9.2/crtbegin.o
 .text          0x02000358       0x60 functions.o
                0x02000358                LCDMainOnBottom()
                0x02000374                LCDMainOnTop()
                0x0200038c                LCDSwap()
                0x020003a4                LEDBlink()
                0x020003ac                SystemShutDown()
                0x020003b4                SystemSleep()
 .text          0x020003b8        0x0 main.o
 .text          0x020003b8      0x484 personalData.o
                0x020003b8                topScreenAndConsole()
                0x020003f8                dropCursorToCenter()
                0x02000404                UsersName()
                0x020004cc                AlarmHour()
                0x02000540                AlarmMinute()
                0x020005b4                BirthDay()
                0x02000628                BirthMonth()
                0x0200069c                RTCoffset()
                0x02000710                Theme()
                0x02000784                UsersMessage()
 .text          0x0200083c     0x116c /home/markholland/devkitPro/libnds/lib/libnds9.a(console.o)
                0x02000aa8                nocash_write
                0x02000b20                con_write
                0x02001054                consoleGetDefault
                0x02001060                consoleLoadFont
                0x020013c8                consoleInit
                0x020015f4                consoleSelect
                0x02001604                consoleSetFont
                0x02001624                consoleDebugInit
                0x02001678                consoleDemoInit
                0x02001880                consolePrintChar
                0x02001978                consoleClear
                0x02001988                consoleSetWindow
 .text          0x020019a8       0xf4 /home/markholland/devkitPro/libnds/lib/libnds9.a(keys.o)
                0x020019a8                scanKeys
                0x02001a14                keysHeld
                0x02001a20                keysDown
                0x02001a30                keysDownRepeat
                0x02001a40                keysSetRepeat
                0x02001a58                keysUp
                0x02001a68                keysCurrent
 .text          0x02001a9c      0x140 /home/markholland/devkitPro/libnds/lib/libnds9.a(system.o)
                0x02001a9c                setSDcallback
                0x02001aa8                systemValueHandler
                0x02001af0                systemMsgHandler
                0x02001b40                systemSleep
                0x02001b58                powerOn
                0x02001b84                powerOff
                0x02001bac                ledBlink
                0x02001bbc                getBatteryLevel
 .text          0x02001bdc      0x19c /home/markholland/devkitPro/libnds/lib/libnds9.a(initSystem.o)
                0x02001bdc                initSystem
 .text          0x02001d78      0xcb8 /home/markholland/devkitPro/libnds/lib/libnds9.a(fifosystem.o)
                0x0200203c                fifoSetValue32Handler
                0x020020b0                fifoSendAddress
                0x020020dc                fifoSendValue32
                0x02002118                fifoSendDatamsg
                0x0200218c                fifoGetAddress
                0x020021f8                fifoSetAddressHandler
                0x0200226c                fifoGetValue32
                0x02002280                fifoGetDatamsg
                0x02002734                fifoSetDatamsgHandler
                0x020027c8                fifoCheckAddress
                0x020027ec                fifoCheckDatamsg
                0x02002810                fifoCheckDatamsgLength
                0x02002840                fifoCheckValue32
                0x02002864                fifoInit
 .text          0x02002a30      0x244 /home/markholland/devkitPro/libnds/lib/libnds9.a(interrupts.o)
                0x02002a30                irqDummy
                0x02002a34                irqSet
                0x02002aa0                irqInit
                0x02002aec                irqInitHandler
                0x02002b1c                irqEnable
                0x02002b80                irqDisable
                0x02002be4                irqClear
 .text          0x02002c74       0x5c /home/markholland/devkitPro/libnds/lib/libnds9.a(libnds_exit.arm.o)
                0x02002c74                systemErrorExit
                0x02002c78                __libnds_exit
 .text          0x02002cd0      0x1b4 /home/markholland/devkitPro/libnds/lib/libnds9.a(mpu_setup.o)
                0x02002cd0                __libnds_mpu_setup
                0x02002e10                memCached
                0x02002e28                memUncached
 *fill*         0x02002e84        0xc ff
 .text          0x02002e90       0x70 /home/markholland/devkitPro/libnds/lib/libnds9.a(biosCalls.o)
                0x02002e90                swiDelay
                0x02002e94                swiIntrWait
                0x02002e98                swiWaitForVBlank
                0x02002e9c                swiSleep
                0x02002ea0                swiChangeSoundBias
                0x02002ea4                swiDivide
                0x02002ea8                swiRemainder
                0x02002eae                swiDivMod
                0x02002eba                swiCopy
                0x02002ebe                swiFastCopy
                0x02002ec2                swiSqrt
                0x02002ec6                swiCRC16
                0x02002eca                swiIsDebugger
                0x02002ece                swiUnpackBits
                0x02002ed2                swiDecompressLZSSWram
                0x02002ed6                swiDecompressLZSSVramNTR
                0x02002eda                swiDecompressLZSSVramTWL
                0x02002ede                swiDecompressHuffman
                0x02002ee2                swiDecompressRLEWram
                0x02002ee6                swiDecompressRLEVram
                0x02002eea                swiWaitForIRQ
                0x02002eee                swiDecodeDelta8
                0x02002ef2                swiDecodeDelta16
                0x02002ef6                swiSetHaltCR
 .text          0x02002f00       0xa4 /home/markholland/devkitPro/libnds/lib/libnds9.a(debugprint.o)
                0x02002f00                nocashWrite
                0x02002f02                nocashMessage
 .text          0x02002fa4        0x0 /home/markholland/devkitPro/libnds/lib/libnds9.a(interruptDispatcher.o)
 *fill*         0x02002fa4        0xc ff
 .text          0x02002fb0       0x30 /home/markholland/devkitPro/libnds/lib/libnds9.a(swiSoftReset.o)
                0x02002fb0                swiSoftReset
 .text          0x02002fe0        0x0 /home/markholland/devkitPro/libnds/lib/libnds9.a(default_font.bin.o)
 .text          0x02002fe0      0x3bc /home/markholland/devkitPro/libnds/lib/libnds9.a(background.o)
                0x02002fe0                bgIsText
                0x02002fec                checkIfText
                0x02003044                bgUpdate
                0x02003138                bgInit_call
                0x02003260                bgInitSub_call
 .text          0x0200339c      0x3a8 /home/markholland/devkitPro/libnds/lib/libnds9.a(trig.o)
                0x0200339c                asinComp
                0x020033c0                sinLutLookup
                0x020033f8                sinLerp
                0x02003488                cosLerp
                0x02003544                tanLutLookup
                0x0200357c                tanLerp
                0x02003624                asinLerp
                0x020036a0                acosLerp
                0x0200371c                atanComp
 .text          0x02003744      0x1f8 /home/markholland/devkitPro/libnds/lib/libnds9.a(video.o)
                0x02003744                vramSetPrimaryBanks
                0x02003788                vramSetMainBanks
                0x020037cc                vramSetBanks_EFG
                0x02003804                vramRestorePrimaryBanks
                0x02003810                vramRestoreMainBanks
                0x0200381c                vramRestoreBanks_EFG
                0x02003828                setBrightness
                0x02003868                vramDefault
 .text          0x0200393c      0x148 /home/markholland/devkitPro/devkitARM/bin/../lib/gcc/arm-none-eabi/4.9.2/libgcc.a(_divsi3.o)
                0x0200393c                __aeabi_idiv
                0x0200393c                __divsi3
                0x02003a64                __aeabi_idivmod
 .text          0x02003a84        0x4 /home/markholland/devkitPro/devkitARM/bin/../lib/gcc/arm-none-eabi/4.9.2/libgcc.a(_dvmd_tls.o)
                0x02003a84                __aeabi_ldiv0
                0x02003a84                __aeabi_idiv0
 .text          0x02003a88       0x84 /home/markholland/devkitPro/devkitARM/bin/../lib/gcc/arm-none-eabi/4.9.2/../../../../arm-none-eabi/lib/libg.a(lib_a-bsearch.o)
                0x02003a88                bsearch
 .text          0x02003b0c        0x0 /home/markholland/devkitPro/devkitARM/bin/../lib/gcc/arm-none-eabi/4.9.2/../../../../arm-none-eabi/lib/libg.a(lib_a-impure.o)
 .text          0x02003b0c       0x80 /home/markholland/devkitPro/devkitARM/bin/../lib/gcc/arm-none-eabi/4.9.2/../../../../arm-none-eabi/lib/libg.a(lib_a-init.o)
                0x02003b0c                __libc_init_array
 .text          0x02003b8c       0x74 /home/markholland/devkitPro/devkitARM/bin/../lib/gcc/arm-none-eabi/4.9.2/../../../../arm-none-eabi/lib/libg.a(lib_a-iprintf.o)
                0x02003b8c                iprintf
                0x02003bcc                _iprintf_r
 .text          0x02003c00       0xf0 /home/markholland/devkitPro/devkitARM/bin/../lib/gcc/arm-none-eabi/4.9.2/../../../../arm-none-eabi/lib/libg.a(lib_a-memcpy-stub.o)
                0x02003c00                memcpy
 .text          0x02003cf0       0x74 /home/markholland/devkitPro/devkitARM/bin/../lib/gcc/arm-none-eabi/4.9.2/../../../../arm-none-eabi/lib/libg.a(lib_a-printf.o)
                0x02003cf0                _printf_r
                0x02003d24                printf
 .text          0x02003d64       0x38 /home/markholland/devkitPro/devkitARM/bin/../lib/gcc/arm-none-eabi/4.9.2/../../../../arm-none-eabi/lib/libg.a(lib_a-putchar.o)
                0x02003d64                _putchar_r
                0x02003d78                putchar
 .text          0x02003d9c      0x158 /home/markholland/devkitPro/devkitARM/bin/../lib/gcc/arm-none-eabi/4.9.2/../../../../arm-none-eabi/lib/libg.a(lib_a-putc.o)
                0x02003d9c                _putc_r
                0x02003e40                putc
 .text          0x02003ef4      0x174 /home/markholland/devkitPro/devkitARM/bin/../lib/gcc/arm-none-eabi/4.9.2/../../../../arm-none-eabi/lib/libg.a(lib_a-setvbuf.o)
                0x02003ef4                setvbuf
 .text          0x02004068      0x100 /home/markholland/devkitPro/devkitARM/bin/../lib/gcc/arm-none-eabi/4.9.2/../../../../arm-none-eabi/lib/libg.a(lib_a-siscanf.o)
                0x02004068                siscanf
                0x020040e8                _siscanf_r
 .text          0x02004168       0xd8 /home/markholland/devkitPro/devkitARM/bin/../lib/gcc/arm-none-eabi/4.9.2/../../../../arm-none-eabi/lib/libg.a(lib_a-stdio.o)
                0x02004168                __sread
                0x0200419c                __seofread
                0x020041a4                __swrite
                0x020041fc                __sseek
                0x0200422c                __sclose
 .text          0x02004240       0x60 /home/markholland/devkitPro/devkitARM/bin/../lib/gcc/arm-none-eabi/4.9.2/../../../../arm-none-eabi/lib/libg.a(lib_a-strlen.o)
                0x02004240                strlen
 .text          0x020042a0     0x237c /home/markholland/devkitPro/devkitARM/bin/../lib/gcc/arm-none-eabi/4.9.2/../../../../arm-none-eabi/lib/libg.a(lib_a-svfiscanf.o)
                0x020042a0                _sungetc_r
                0x02004394                __ssrefill_r
                0x02004400                _sfread_r
                0x020044d8                __ssvfiscanf_r
 .text          0x0200661c      0x24c /home/markholland/devkitPro/devkitARM/bin/../lib/gcc/arm-none-eabi/4.9.2/../../../../arm-none-eabi/lib/libg.a(lib_a-ungetc.o)
                0x0200661c                __submore
                0x020066cc                _ungetc_r
                0x02006850                ungetc
 .text          0x02006868     0x3c00 /home/markholland/devkitPro/devkitARM/bin/../lib/gcc/arm-none-eabi/4.9.2/../../../../arm-none-eabi/lib/libg.a(lib_a-vfiprintf.o)
                0x02007174                __sprint_r
                0x0200718c                _vfiprintf_r
                0x0200a394                vfiprintf
 .text          0x0200a468     0x4db8 /home/markholland/devkitPro/devkitARM/bin/../lib/gcc/arm-none-eabi/4.9.2/../../../../arm-none-eabi/lib/libg.a(lib_a-vfprintf.o)
                0x0200acc8                _vfprintf_r
                0x0200f14c                vfprintf
 .text          0x0200f220      0x140 /home/markholland/devkitPro/devkitARM/bin/../lib/gcc/arm-none-eabi/4.9.2/../../../../arm-none-eabi/lib/libg.a(lib_a-wbuf.o)
                0x0200f220                __swbuf_r
                0x0200f348                __swbuf
 .text          0x0200f360      0x138 /home/markholland/devkitPro/devkitARM/bin/../lib/gcc/arm-none-eabi/4.9.2/../../../../arm-none-eabi/lib/libg.a(lib_a-wcrtomb.o)
                0x0200f360                _wcrtomb_r
                0x0200f3f8                wcrtomb
 .text          0x0200f498       0x60 /home/markholland/devkitPro/devkitARM/bin/../lib/gcc/arm-none-eabi/4.9.2/../../../../arm-none-eabi/lib/libg.a(lib_a-wcsrtombs.o)
                0x0200f498                _wcsrtombs_r
                0x0200f4bc                wcsrtombs
 .text          0x0200f4f8      0x3cc /home/markholland/devkitPro/devkitARM/bin/../lib/gcc/arm-none-eabi/4.9.2/../../../../arm-none-eabi/lib/libg.a(lib_a-wctomb_r.o)
                0x0200f4f8                __utf8_wctomb
                0x0200f60c                _wctomb_r
                0x0200f65c                __ascii_wctomb
                0x0200f684                __sjis_wctomb
                0x0200f710                __eucjp_wctomb
                0x0200f7e4                __jis_wctomb
 .text          0x0200f8c4      0x160 /home/markholland/devkitPro/devkitARM/bin/../lib/gcc/arm-none-eabi/4.9.2/../../../../arm-none-eabi/lib/libg.a(lib_a-wsetup.o)
                0x0200f8c4                __swsetup_r
 .text          0x0200fa24       0x18 /home/markholland/devkitPro/devkitARM/bin/../lib/gcc/arm-none-eabi/4.9.2/../../../../arm-none-eabi/lib/libg.a(lib_a-ctype_.o)
                0x0200fa24                __set_ctype
 *fill*         0x0200fa3c        0x4 ff
 .text          0x0200fa40     0x1878 /home/markholland/devkitPro/devkitARM/bin/../lib/gcc/arm-none-eabi/4.9.2/../../../../arm-none-eabi/lib/libg.a(lib_a-dtoa.o)
                0x0200fc18                _dtoa_r
 .text          0x020112b8      0x2d0 /home/markholland/devkitPro/devkitARM/bin/../lib/gcc/arm-none-eabi/4.9.2/../../../../arm-none-eabi/lib/libg.a(lib_a-fflush.o)
                0x020112b8                __sflush_r
                0x020114f8                _fflush_r
                0x0201154c                fflush
 .text          0x02011588      0x350 /home/markholland/devkitPro/devkitARM/bin/../lib/gcc/arm-none-eabi/4.9.2/../../../../arm-none-eabi/lib/libg.a(lib_a-findfp.o)
                0x02011598                _cleanup_r
                0x02011710                __sfmoreglue
                0x02011760                __sfp
                0x0201184c                _cleanup
                0x02011870                __sinit
                0x02011880                __sfp_lock_acquire
                0x02011884                __sfp_lock_release
                0x02011888                __sinit_lock_acquire
                0x0201188c                __sinit_lock_release
                0x02011890                __fp_lock_all
                0x020118b4                __fp_unlock_all
 .text          0x020118d8      0x190 /home/markholland/devkitPro/devkitARM/bin/../lib/gcc/arm-none-eabi/4.9.2/../../../../arm-none-eabi/lib/libg.a(lib_a-fputwc.o)
                0x020118d8                _fputwc_r
                0x02011a24                fputwc
 .text          0x02011a68      0x3bc /home/markholland/devkitPro/devkitARM/bin/../lib/gcc/arm-none-eabi/4.9.2/../../../../arm-none-eabi/lib/libg.a(lib_a-freer.o)
                0x02011a68                _malloc_trim_r
                0x02011b68                _free_r
 .text          0x02011e24      0x4ec /home/markholland/devkitPro/devkitARM/bin/../lib/gcc/arm-none-eabi/4.9.2/../../../../arm-none-eabi/lib/libg.a(lib_a-fvwrite.o)
                0x02011e24                __sfvwrite_r
 .text          0x02012310      0x110 /home/markholland/devkitPro/devkitARM/bin/../lib/gcc/arm-none-eabi/4.9.2/../../../../arm-none-eabi/lib/libg.a(lib_a-fwalk.o)
                0x02012310                _fwalk
                0x02012394                _fwalk_reent
 .text          0x02012420       0x7c /home/markholland/devkitPro/devkitARM/bin/../lib/gcc/arm-none-eabi/4.9.2/../../../../arm-none-eabi/lib/libg.a(lib_a-iswspace.o)
                0x02012420                iswspace
 .text          0x0201249c      0x280 /home/markholland/devkitPro/devkitARM/bin/../lib/gcc/arm-none-eabi/4.9.2/../../../../arm-none-eabi/lib/libg.a(lib_a-jp2uc.o)
                0x020126a0                _jp2uc
 .text          0x0201271c      0xd40 /home/markholland/devkitPro/devkitARM/bin/../lib/gcc/arm-none-eabi/4.9.2/../../../../arm-none-eabi/lib/libg.a(lib_a-locale.o)
                0x020130ec                _setlocale_r
                0x020133f4                __locale_charset
                0x02013400                __locale_mb_cur_max
                0x02013410                __locale_msgcharset
                0x0201341c                __locale_cjk_lang
                0x0201342c                _localeconv_r
                0x02013438                setlocale
                0x02013450                localeconv
 .text          0x0201345c      0x168 /home/markholland/devkitPro/devkitARM/bin/../lib/gcc/arm-none-eabi/4.9.2/../../../../arm-none-eabi/lib/libg.a(lib_a-makebuf.o)
                0x0201345c                __smakebuf_r
 .text          0x020135c4       0x40 /home/markholland/devkitPro/devkitARM/bin/../lib/gcc/arm-none-eabi/4.9.2/../../../../arm-none-eabi/lib/libg.a(lib_a-malloc.o)
                0x020135c4                malloc
                0x020135e4                free
 .text          0x02013604      0x724 /home/markholland/devkitPro/devkitARM/bin/../lib/gcc/arm-none-eabi/4.9.2/../../../../arm-none-eabi/lib/libg.a(lib_a-mallocr.o)
                0x02013604                _malloc_r
 .text          0x02013d28      0x14c /home/markholland/devkitPro/devkitARM/bin/../lib/gcc/arm-none-eabi/4.9.2/../../../../arm-none-eabi/lib/libg.a(lib_a-mbrtowc.o)
                0x02013d28                _mbrtowc_r
                0x02013dcc                mbrtowc
 .text          0x02013e74      0x784 /home/markholland/devkitPro/devkitARM/bin/../lib/gcc/arm-none-eabi/4.9.2/../../../../arm-none-eabi/lib/libg.a(lib_a-mbtowc_r.o)
                0x02013e74                __utf8_mbtowc
                0x02014178                _mbtowc_r
                0x020141cc                __ascii_mbtowc
                0x02014218                __sjis_mbtowc
                0x020142f4                __eucjp_mbtowc
                0x02014444                __jis_mbtowc
 .text          0x020145f8      0x118 /home/markholland/devkitPro/devkitARM/bin/../lib/gcc/arm-none-eabi/4.9.2/../../../../arm-none-eabi/lib/libg.a(lib_a-memchr-stub.o)
                0x020145f8                memchr
 .text          0x02014710      0x12c /home/markholland/devkitPro/devkitARM/bin/../lib/gcc/arm-none-eabi/4.9.2/../../../../arm-none-eabi/lib/libg.a(lib_a-memmove.o)
                0x02014710                memmove
 .text          0x0201483c       0xf4 /home/markholland/devkitPro/devkitARM/bin/../lib/gcc/arm-none-eabi/4.9.2/../../../../arm-none-eabi/lib/libg.a(lib_a-memset.o)
                0x0201483c                memset
 .text          0x02014930        0x8 /home/markholland/devkitPro/devkitARM/bin/../lib/gcc/arm-none-eabi/4.9.2/../../../../arm-none-eabi/lib/libg.a(lib_a-mlock.o)
                0x02014930                __malloc_lock
                0x02014934                __malloc_unlock
 .text          0x02014938      0xd74 /home/markholland/devkitPro/devkitARM/bin/../lib/gcc/arm-none-eabi/4.9.2/../../../../arm-none-eabi/lib/libg.a(lib_a-mprec.o)
                0x02014938                _Balloc
                0x020149c8                _Bfree
                0x020149e4                __multadd
                0x02014ac0                __s2b
                0x02014ba8                __hi0bits
                0x02014c04                __lo0bits
                0x02014c98                __i2b
                0x02014cbc                __multiply
                0x02014eac                __pow5mult
                0x02014fb0                __lshift
                0x020150a8                __mcmp
                0x0201510c                __mdiff
                0x02015260                __ulp
                0x020152c4                __b2d
                0x020153c0                __d2b
                0x020154cc                __ratio
                0x02015564                _mprec_log10
                0x020155bc                __copybits
                0x0201562c                __any_on
 .text          0x020156ac      0x4dc /home/markholland/devkitPro/devkitARM/bin/../lib/gcc/arm-none-eabi/4.9.2/../../../../arm-none-eabi/lib/libg.a(lib_a-reallocr.o)
                0x020156ac                _realloc_r
 .text          0x02015b88       0xdc /home/markholland/devkitPro/devkitARM/bin/../lib/gcc/arm-none-eabi/4.9.2/../../../../arm-none-eabi/lib/libg.a(lib_a-sccl.o)
                0x02015b88                __sccl
 .text          0x02015c64       0x6c /home/markholland/devkitPro/devkitARM/bin/../lib/gcc/arm-none-eabi/4.9.2/../../../../arm-none-eabi/lib/libg.a(lib_a-s_fpclassify.o)
                0x02015c64                __fpclassifyd
 .text          0x02015cd0       0xa8 /home/markholland/devkitPro/devkitARM/bin/../lib/gcc/arm-none-eabi/4.9.2/../../../../arm-none-eabi/lib/libg.a(lib_a-s_frexp.o)
                0x02015cd0                frexp
 .text          0x02015d78       0x6c /home/markholland/devkitPro/devkitARM/bin/../lib/gcc/arm-none-eabi/4.9.2/../../../../arm-none-eabi/lib/libg.a(lib_a-strcasecmp.o)
                0x02015d78                strcasecmp
 .text          0x02015de4       0x84 /home/markholland/devkitPro/devkitARM/bin/../lib/gcc/arm-none-eabi/4.9.2/../../../../arm-none-eabi/lib/libg.a(lib_a-strcat.o)
                0x02015de4                strcat
 .text          0x02015e68      0x160 /home/markholland/devkitPro/devkitARM/bin/../lib/gcc/arm-none-eabi/4.9.2/../../../../arm-none-eabi/lib/libg.a(lib_a-strchr.o)
                0x02015e68                strchr
 .text          0x02015fc8      0x230 /home/markholland/devkitPro/devkitARM/bin/../lib/gcc/arm-none-eabi/4.9.2/../../../../arm-none-eabi/lib/libg.a(lib_a-strcmp.o)
                0x02015fc8                strcmp
 .text          0x020161f8       0xf0 /home/markholland/devkitPro/devkitARM/bin/../lib/gcc/arm-none-eabi/4.9.2/../../../../arm-none-eabi/lib/libg.a(lib_a-strcpy.o)
                0x020161f8                strcpy
 .text          0x020162e8       0x48 /home/markholland/devkitPro/devkitARM/bin/../lib/gcc/arm-none-eabi/4.9.2/../../../../arm-none-eabi/lib/libg.a(lib_a-strlcpy.o)
                0x020162e8                strlcpy
 .text          0x02016330       0x94 /home/markholland/devkitPro/devkitARM/bin/../lib/gcc/arm-none-eabi/4.9.2/../../../../arm-none-eabi/lib/libg.a(lib_a-strncasecmp.o)
                0x02016330                strncasecmp
 .text          0x020163c4      0x118 /home/markholland/devkitPro/devkitARM/bin/../lib/gcc/arm-none-eabi/4.9.2/../../../../arm-none-eabi/lib/libg.a(lib_a-strncmp.o)
                0x020163c4                strncmp
 .text          0x020164dc       0xe4 /home/markholland/devkitPro/devkitARM/bin/../lib/gcc/arm-none-eabi/4.9.2/../../../../arm-none-eabi/lib/libg.a(lib_a-strncpy.o)
                0x020164dc                strncpy
 .text          0x020165c0      0x2c8 /home/markholland/devkitPro/devkitARM/bin/../lib/gcc/arm-none-eabi/4.9.2/../../../../arm-none-eabi/lib/libg.a(lib_a-strtoll_r.o)
                0x020165c0                _strtoll_r
 .text          0x02016888      0x204 /home/markholland/devkitPro/devkitARM/bin/../lib/gcc/arm-none-eabi/4.9.2/../../../../arm-none-eabi/lib/libg.a(lib_a-strtol.o)
                0x02016888                _strtol_r
                0x02016a64                strtol
 *fill*         0x02016a8c        0x4 ff
 .text          0x02016a90      0x270 /home/markholland/devkitPro/devkitARM/bin/../lib/gcc/arm-none-eabi/4.9.2/../../../../arm-none-eabi/lib/libg.a(lib_a-strtoull_r.o)
                0x02016a90                _strtoull_r
 .text          0x02016d00      0x1f4 /home/markholland/devkitPro/devkitARM/bin/../lib/gcc/arm-none-eabi/4.9.2/../../../../arm-none-eabi/lib/libg.a(lib_a-strtoul.o)
                0x02016d00                _strtoul_r
                0x02016ecc                strtoul
 .text          0x02016ef4     0x38b4 /home/markholland/devkitPro/devkitARM/bin/../lib/gcc/arm-none-eabi/4.9.2/../../../../arm-none-eabi/lib/libg.a(lib_a-svfiprintf.o)
                0x02017754                __ssprint_r
                0x02017904                _svfiprintf_r
 .text          0x0201a7a8      0x1dc /home/markholland/devkitPro/devkitARM/bin/../lib/gcc/arm-none-eabi/4.9.2/../../../../arm-none-eabi/lib/libg.a(lib_a-wcsnrtombs.o)
                0x0201a7a8                _wcsnrtombs_r
                0x0201a93c                wcsnrtombs
 .text          0x0201a984       0x9c /home/markholland/devkitPro/devkitARM/bin/../lib/gcc/arm-none-eabi/4.9.2/../../../../arm-none-eabi/lib/libg.a(lib_a-callocr.o)
                0x0201a984                _calloc_r
 .text          0x0201aa20      0x110 /home/markholland/devkitPro/devkitARM/bin/../lib/gcc/arm-none-eabi/4.9.2/../../../../arm-none-eabi/lib/libg.a(lib_a-fclose.o)
                0x0201aa20                _fclose_r
                0x0201ab1c                fclose
 .text          0x0201ab30       0xec /home/markholland/devkitPro/devkitARM/bin/../lib/gcc/arm-none-eabi/4.9.2/../../../../arm-none-eabi/lib/libg.a(lib_a-getenv_r.o)
                0x0201ab30                _findenv_r
                0x0201ac00                _getenv_r
 .text          0x0201ac1c        0x0 /home/markholland/devkitPro/devkitARM/bin/../lib/gcc/arm-none-eabi/4.9.2/../../../../arm-none-eabi/lib/libg.a(lib_a-environ.o)
 .text          0x0201ac1c        0x8 /home/markholland/devkitPro/devkitARM/bin/../lib/gcc/arm-none-eabi/4.9.2/../../../../arm-none-eabi/lib/libg.a(lib_a-envlock.o)
                0x0201ac1c                __env_lock
                0x0201ac20                __env_unlock
 .text          0x0201ac24      0x1c4 /home/markholland/devkitPro/devkitARM/bin/../lib/gcc/arm-none-eabi/4.9.2/../../../../arm-none-eabi/lib/libsysbase.a(iosupport.o)
                0x0201ac24                setDefaultDevice
                0x0201ac3c                FindDevice
                0x0201acf4                RemoveDevice
                0x0201ad24                AddDevice
                0x0201adc0                GetDeviceOpTab
 .text          0x0201ade8       0x74 /home/markholland/devkitPro/devkitARM/bin/../lib/gcc/arm-none-eabi/4.9.2/../../../../arm-none-eabi/lib/libsysbase.a(close.o)
                0x0201ade8                _close_r
 .text          0x0201ae5c       0x80 /home/markholland/devkitPro/devkitARM/bin/../lib/gcc/arm-none-eabi/4.9.2/../../../../arm-none-eabi/lib/libsysbase.a(fstat.o)
                0x0201ae5c                _fstat_r
 .text          0x0201aedc        0x8 /home/markholland/devkitPro/devkitARM/bin/../lib/gcc/arm-none-eabi/4.9.2/../../../../arm-none-eabi/lib/libsysbase.a(isatty.o)
                0x0201aedc                _isatty_r
 .text          0x0201aee4       0x80 /home/markholland/devkitPro/devkitARM/bin/../lib/gcc/arm-none-eabi/4.9.2/../../../../arm-none-eabi/lib/libsysbase.a(lseek.o)
                0x0201aee4                _lseek_r
 .text          0x0201af64       0x80 /home/markholland/devkitPro/devkitARM/bin/../lib/gcc/arm-none-eabi/4.9.2/../../../../arm-none-eabi/lib/libsysbase.a(read.o)
                0x0201af64                _read_r
 .text          0x0201afe4       0x70 /home/markholland/devkitPro/devkitARM/bin/../lib/gcc/arm-none-eabi/4.9.2/../../../../arm-none-eabi/lib/libsysbase.a(sbrk.o)
                0x0201afe4                _sbrk_r
 .text          0x0201b054       0x68 /home/markholland/devkitPro/devkitARM/bin/../lib/gcc/arm-none-eabi/4.9.2/../../../../arm-none-eabi/lib/libsysbase.a(times.o)
                0x0201b054                _times
                0x0201b070                _times_r
                0x0201b078                _gettimeofday_r
 .text          0x0201b0bc       0x84 /home/markholland/devkitPro/devkitARM/bin/../lib/gcc/arm-none-eabi/4.9.2/../../../../arm-none-eabi/lib/libsysbase.a(write.o)
                0x0201b0bc                _write_r
 .text          0x0201b140        0x0 /home/markholland/devkitPro/devkitARM/bin/../lib/gcc/arm-none-eabi/4.9.2/../../../../arm-none-eabi/lib/libsysbase.a(malloc_vars.o)
 .text          0x0201b140       0x80 /home/markholland/devkitPro/devkitARM/bin/../lib/gcc/arm-none-eabi/4.9.2/../../../../arm-none-eabi/lib/libsysbase.a(build_argv.o)
                0x0201b140                build_argv
 .text          0x0201b1c0        0x0 /home/markholland/devkitPro/devkitARM/bin/../lib/gcc/arm-none-eabi/4.9.2/../../../../arm-none-eabi/lib/libsysbase.a(syscall_support.o)
 .text          0x0201b1c0       0xb0 /home/markholland/devkitPro/devkitARM/bin/../lib/gcc/arm-none-eabi/4.9.2/../../../../arm-none-eabi/lib/libsysbase.a(handle_manager.o)
                0x0201b1c0                __release_handle
                0x0201b1f8                __alloc_handle
                0x0201b254                __get_handle
 .text          0x0201b270      0x114 /home/markholland/devkitPro/devkitARM/bin/../lib/gcc/arm-none-eabi/4.9.2/libgcc.a(_udivsi3.o)
                0x0201b270                __udivsi3
                0x0201b270                __aeabi_uidiv
                0x0201b364                __aeabi_uidivmod
 .text          0x0201b384      0x41c /home/markholland/devkitPro/devkitARM/bin/../lib/gcc/arm-none-eabi/4.9.2/libgcc.a(_arm_addsubdf3.o)
                0x0201b384                __aeabi_drsub
                0x0201b38c                __aeabi_dsub
                0x0201b38c                __subdf3
                0x0201b390                __adddf3
                0x0201b390                __aeabi_dadd
                0x0201b6a0                __aeabi_ui2d
                0x0201b6a0                __floatunsidf
                0x0201b6c4                __floatsidf
                0x0201b6c4                __aeabi_i2d
                0x0201b6ec                __extendsfdf2
                0x0201b6ec                __aeabi_f2d
                0x0201b72c                __aeabi_ul2d
                0x0201b72c                __floatundidf
                0x0201b740                __floatdidf
                0x0201b740                __aeabi_l2d
 .text          0x0201b7a0      0x49c /home/markholland/devkitPro/devkitARM/bin/../lib/gcc/arm-none-eabi/4.9.2/libgcc.a(_arm_muldivdf3.o)
                0x0201b7a0                __aeabi_dmul
                0x0201b7a0                __muldf3
                0x0201ba30                __aeabi_ddiv
                0x0201ba30                __divdf3
 .text          0x0201bc3c      0x144 /home/markholland/devkitPro/devkitARM/bin/../lib/gcc/arm-none-eabi/4.9.2/libgcc.a(_arm_cmpdf2.o)
                0x0201bc3c                __gtdf2
                0x0201bc3c                __gedf2
                0x0201bc44                __ltdf2
                0x0201bc44                __ledf2
                0x0201bc4c                __cmpdf2
                0x0201bc4c                __eqdf2
                0x0201bc4c                __nedf2
                0x0201bcd4                __aeabi_cdrcmple
                0x0201bcf0                __aeabi_cdcmple
                0x0201bcf0                __aeabi_cdcmpeq
                0x0201bd08                __aeabi_dcmpeq
                0x0201bd20                __aeabi_dcmplt
                0x0201bd38                __aeabi_dcmple
                0x0201bd50                __aeabi_dcmpge
                0x0201bd68                __aeabi_dcmpgt
 .text          0x0201bd80       0x5c /home/markholland/devkitPro/devkitARM/bin/../lib/gcc/arm-none-eabi/4.9.2/libgcc.a(_arm_fixdfsi.o)
                0x0201bd80                __fixdfsi
                0x0201bd80                __aeabi_d2iz
 .text          0x0201bddc       0x3c /home/markholland/devkitPro/devkitARM/bin/../lib/gcc/arm-none-eabi/4.9.2/libgcc.a(_aeabi_uldivmod.o)
                0x0201bddc                __aeabi_uldivmod
 .text          0x0201be18       0x84 /home/markholland/devkitPro/devkitARM/bin/../lib/gcc/arm-none-eabi/4.9.2/libgcc.a(bpabi.o)
                0x0201be18                __gnu_ldivmod_helper
                0x0201be5c                __gnu_uldivmod_helper
 .text          0x0201be9c      0x178 /home/markholland/devkitPro/devkitARM/bin/../lib/gcc/arm-none-eabi/4.9.2/libgcc.a(_divdi3.o)
                0x0201be9c                __divdi3
 .text          0x0201c014      0x120 /home/markholland/devkitPro/devkitARM/bin/../lib/gcc/arm-none-eabi/4.9.2/libgcc.a(_udivdi3.o)
                0x0201c014                __udivdi3
 .text          0x0201c134       0x28 /home/markholland/devkitPro/devkitARM/bin/../lib/gcc/arm-none-eabi/4.9.2/libgcc.a(_clzdi2.o)
                0x0201c134                __clzdi2
 .text          0x0201c15c       0x48 /home/markholland/devkitPro/devkitARM/bin/../lib/gcc/arm-none-eabi/4.9.2/libgcc.a(_clzsi2.o)
                0x0201c15c                __clzsi2
 .text          0x0201c1a4       0x10 /home/markholland/devkitPro/devkitARM/bin/../lib/gcc/arm-none-eabi/4.9.2/../../../../arm-none-eabi/lib/libg.a(lib_a-errno.o)
                0x0201c1a4                __errno
 .text          0x0201c1b4        0x0 /home/markholland/devkitPro/devkitARM/bin/../lib/gcc/arm-none-eabi/4.9.2/crtend.o
 .text          0x0201c1b4        0x0 /home/markholland/devkitPro/devkitARM/bin/../lib/gcc/arm-none-eabi/4.9.2/crtn.o
 *(.text.*)
 .text.startup  0x0201c1b4      0x1dc main.o
                0x0201c1b4                main
 .text.startup.__stub
                0x0201c390       0xac linker stubs
 *(.stub)
 *(.gnu.warning)
 *(.gnu.linkonce.t*)
 *(.glue_7)
 .glue_7        0x00000000        0x0 linker stubs
 *(.glue_7t)
 .glue_7t       0x00000000        0x0 linker stubs
                0x0201c43c                . = ALIGN (0x4)

.vfp11_veneer   0x0201c460        0x0
 .vfp11_veneer  0x00000000        0x0 linker stubs

.v4_bx          0x0201c460        0x0
 .v4_bx         0x00000000        0x0 linker stubs

.iplt           0x0201c460        0x0
 .iplt          0x00000000        0x0 /home/markholland/devkitPro/devkitARM/bin/../lib/gcc/arm-none-eabi/4.9.2/../../../../arm-none-eabi/lib/ds_arm9_crt0.o

.fini           0x0201c460       0x18
 *(.fini)
 .fini          0x0201c460        0xc /home/markholland/devkitPro/devkitARM/bin/../lib/gcc/arm-none-eabi/4.9.2/crti.o
                0x0201c460                _fini
 .fini          0x0201c46c        0xc /home/markholland/devkitPro/devkitARM/bin/../lib/gcc/arm-none-eabi/4.9.2/crtn.o
                0x0201c478                __text_end = .

.rodata         0x0201c478     0x649c
 *(.rodata)
 .rodata        0x0201c478      0x200 /home/markholland/devkitPro/libnds/lib/libnds9.a(console.o)
 .rodata        0x0201c678     0x2004 /home/markholland/devkitPro/libnds/lib/libnds9.a(default_font.bin.o)
                0x0201c678                default_font_bin
                0x0201e678                default_font_bin_end
                0x0201e678                default_font_bin_size
 .rodata        0x0201e67c      0x308 /home/markholland/devkitPro/libnds/lib/libnds9.a(trig.o)
                0x0201e67c                SIN_LUT
                0x0201e780                TAN_LUT
 .rodata        0x0201e984        0x4 /home/markholland/devkitPro/devkitARM/bin/../lib/gcc/arm-none-eabi/4.9.2/../../../../arm-none-eabi/lib/libg.a(lib_a-impure.o)
                0x0201e984                _global_impure_ptr
 .rodata        0x0201e988       0x24 /home/markholland/devkitPro/devkitARM/bin/../lib/gcc/arm-none-eabi/4.9.2/../../../../arm-none-eabi/lib/libg.a(lib_a-svfiscanf.o)
 .rodata        0x0201e9ac       0x20 /home/markholland/devkitPro/devkitARM/bin/../lib/gcc/arm-none-eabi/4.9.2/../../../../arm-none-eabi/lib/libg.a(lib_a-vfiprintf.o)
 .rodata        0x0201e9cc       0x20 /home/markholland/devkitPro/devkitARM/bin/../lib/gcc/arm-none-eabi/4.9.2/../../../../arm-none-eabi/lib/libg.a(lib_a-vfprintf.o)
 .rodata        0x0201e9ec      0x104 /home/markholland/devkitPro/devkitARM/bin/../lib/gcc/arm-none-eabi/4.9.2/../../../../arm-none-eabi/lib/libg.a(lib_a-ctype_.o)
                0x0201e9ec                _ctype_
 .rodata        0x0201eaf0     0x34d0 /home/markholland/devkitPro/devkitARM/bin/../lib/gcc/arm-none-eabi/4.9.2/../../../../arm-none-eabi/lib/libg.a(lib_a-jp2uc.o)
 .rodata        0x02021fc0       0x1c /home/markholland/devkitPro/devkitARM/bin/../lib/gcc/arm-none-eabi/4.9.2/../../../../arm-none-eabi/lib/libg.a(lib_a-locale.o)
 .rodata        0x02021fdc       0x90 /home/markholland/devkitPro/devkitARM/bin/../lib/gcc/arm-none-eabi/4.9.2/../../../../arm-none-eabi/lib/libg.a(lib_a-mbtowc_r.o)
 *fill*         0x0202206c        0x4 ff
 .rodata        0x02022070      0x128 /home/markholland/devkitPro/devkitARM/bin/../lib/gcc/arm-none-eabi/4.9.2/../../../../arm-none-eabi/lib/libg.a(lib_a-mprec.o)
                0x02022080                __mprec_tens
                0x02022148                __mprec_tinytens
                0x02022170                __mprec_bigtens
 .rodata        0x02022198      0x1f8 /home/markholland/devkitPro/devkitARM/bin/../lib/gcc/arm-none-eabi/4.9.2/../../../../arm-none-eabi/lib/libg.a(lib_a-svfiprintf.o)
                0x02022198                __chclass
                0x02022298                __state_table
                0x02022304                __action_table
 .rodata        0x02022390       0x64 /home/markholland/devkitPro/devkitARM/bin/../lib/gcc/arm-none-eabi/4.9.2/../../../../arm-none-eabi/lib/libsysbase.a(iosupport.o)
                0x02022390                dotab_stdnull
 *all.rodata*(*)
 *(.roda)
 *(.rodata.*)
 .rodata.str1.4
                0x020223f4      0x282 main.o
                                0x284 (size before relaxing)
 *fill*         0x02022676        0x2 ff
 .rodata.str1.4
                0x02022678       0xc9 personalData.o
                                 0xcc (size before relaxing)
 *fill*         0x02022741        0x3 ff
 .rodata.str1.4
                0x02022744       0x4c /home/markholland/devkitPro/libnds/lib/libnds9.a(console.o)
 .rodata.str1.4
                0x02022790        0x2 /home/markholland/devkitPro/devkitARM/bin/../lib/gcc/arm-none-eabi/4.9.2/../../../../arm-none-eabi/lib/libg.a(lib_a-impure.o)
                                  0x4 (size before relaxing)
 *fill*         0x02022792        0x2 ff
 .rodata.str1.4
                0x02022794       0x2f /home/markholland/devkitPro/devkitARM/bin/../lib/gcc/arm-none-eabi/4.9.2/../../../../arm-none-eabi/lib/libg.a(lib_a-vfiprintf.o)
                                 0x30 (size before relaxing)
 *fill*         0x020227c3        0x1 ff
 .rodata.str1.4
                0x020227c4       0x12 /home/markholland/devkitPro/devkitARM/bin/../lib/gcc/arm-none-eabi/4.9.2/../../../../arm-none-eabi/lib/libg.a(lib_a-vfprintf.o)
                                 0x44 (size before relaxing)
 *fill*         0x020227d6        0x2 ff
 .rodata.str1.4
                0x020227d8       0x10 /home/markholland/devkitPro/devkitARM/bin/../lib/gcc/arm-none-eabi/4.9.2/../../../../arm-none-eabi/lib/libg.a(lib_a-dtoa.o)
                                 0x14 (size before relaxing)
 .rodata.str1.4
                0x020227e8       0x12 /home/markholland/devkitPro/devkitARM/bin/../lib/gcc/arm-none-eabi/4.9.2/../../../../arm-none-eabi/lib/libg.a(lib_a-jp2uc.o)
                                 0x14 (size before relaxing)
 *fill*         0x020227fa        0x2 ff
 .rodata.str1.4
                0x020227fc      0x110 /home/markholland/devkitPro/devkitARM/bin/../lib/gcc/arm-none-eabi/4.9.2/../../../../arm-none-eabi/lib/libg.a(lib_a-locale.o)
                                0x130 (size before relaxing)
 .rodata.str1.4
                0x00000000        0x4 /home/markholland/devkitPro/devkitARM/bin/../lib/gcc/arm-none-eabi/4.9.2/../../../../arm-none-eabi/lib/libg.a(lib_a-mbrtowc.o)
 .rodata.str1.4
                0x00000000       0x30 /home/markholland/devkitPro/devkitARM/bin/../lib/gcc/arm-none-eabi/4.9.2/../../../../arm-none-eabi/lib/libg.a(lib_a-svfiprintf.o)
 .rodata.str1.4
                0x0202290c        0x8 /home/markholland/devkitPro/devkitARM/bin/../lib/gcc/arm-none-eabi/4.9.2/../../../../arm-none-eabi/lib/libsysbase.a(iosupport.o)
 *(.gnu.linkonce.r*)
                0x02022914                . = ALIGN (0x4)

.rel.dyn        0x02022914        0x0
 .rel.iplt      0x00000000        0x0 /home/markholland/devkitPro/devkitARM/bin/../lib/gcc/arm-none-eabi/4.9.2/../../../../arm-none-eabi/lib/ds_arm9_crt0.o

.ARM.extab
 *(.ARM.extab* .gnu.linkonce.armextab.*)
                0x02022914                __exidx_start = .

ARM.exidx
 *(.ARM.exidx* .gnu.linkonce.armexidx.*)
                0x02022914                __exidx_end = .
                0x02022914                . = ALIGN (0x4)
                0x02022914                PROVIDE (__preinit_array_start, .)

.preinit_array
 *(.preinit_array)
                0x02022914                PROVIDE (__preinit_array_end, .)
                0x02022914                PROVIDE (__init_array_start, .)

.init_array     0x02022914        0x4
 *(SORT(.init_array.*))
 *(.init_array)
 .init_array    0x02022914        0x4 /home/markholland/devkitPro/devkitARM/bin/../lib/gcc/arm-none-eabi/4.9.2/crtbegin.o
                0x02022918                PROVIDE (__init_array_end, .)
                0x02022918                PROVIDE (__fini_array_start, .)

.fini_array     0x02022918        0x4
 *(.fini_array)
 .fini_array    0x02022918        0x4 /home/markholland/devkitPro/devkitARM/bin/../lib/gcc/arm-none-eabi/4.9.2/crtbegin.o
 *(SORT(.fini_array.*))
                0x0202291c                PROVIDE (__fini_array_end, .)

.ctors          0x0202291c        0x0
 *crtbegin.o(.ctors)
 *(EXCLUDE_FILE(*crtend.o) .ctors)
 *(SORT(.ctors.*))
 *(.ctors)
                0x0202291c                . = ALIGN (0x4)

.dtors          0x0202291c        0x0
 *crtbegin.o(.dtors)
 *(EXCLUDE_FILE(*crtend.o) .dtors)
 *(SORT(.dtors.*))
 *(.dtors)
                0x0202291c                . = ALIGN (0x4)

.eh_frame       0x0202291c        0x4
 *(.eh_frame)
 .eh_frame      0x0202291c        0x0 /home/markholland/devkitPro/devkitARM/bin/../lib/gcc/arm-none-eabi/4.9.2/crtbegin.o
 .eh_frame      0x0202291c        0x4 /home/markholland/devkitPro/devkitARM/bin/../lib/gcc/arm-none-eabi/4.9.2/crtend.o
                0x02022920                . = ALIGN (0x4)

.gcc_except_table
                0x02022920        0x0
 *(.gcc_except_table)
                0x02022920                . = ALIGN (0x4)

.jcr            0x02022920        0x4
 *(.jcr)
 .jcr           0x02022920        0x0 /home/markholland/devkitPro/devkitARM/bin/../lib/gcc/arm-none-eabi/4.9.2/crtbegin.o
 .jcr           0x02022920        0x4 /home/markholland/devkitPro/devkitARM/bin/../lib/gcc/arm-none-eabi/4.9.2/crtend.o

.got
 *(.got.plt)
 *(.got)
 *(.rel.got)

.ewram          0x02022924        0x0
                0x02022924                __ewram_start = ABSOLUTE (.)
 *(.ewram)
 *ewram.*(.text)
                0x02022924                . = ALIGN (0x4)

.data           0x02022924      0xbac
                0x02022924                __data_start = ABSOLUTE (.)
 *(.data)
 .data          0x02022924        0x0 /home/markholland/devkitPro/devkitARM/bin/../lib/gcc/arm-none-eabi/4.9.2/../../../../arm-none-eabi/lib/ds_arm9_crt0.o
 .data          0x02022924        0x0 /home/markholland/devkitPro/devkitARM/bin/../lib/gcc/arm-none-eabi/4.9.2/crti.o
 .data          0x02022924        0x4 /home/markholland/devkitPro/devkitARM/bin/../lib/gcc/arm-none-eabi/4.9.2/crtbegin.o
                0x02022924                __dso_handle
 .data          0x02022928        0x0 functions.o
 .data          0x02022928       0xc0 main.o
                0x02022928                categories
                0x02022940                functions
                0x02022988                personalData
 .data          0x020229e8        0x0 personalData.o
 .data          0x020229e8       0x64 /home/markholland/devkitPro/libnds/lib/libnds9.a(console.o)
                0x020229e8                currentConsole
                0x020229ec                defaultConsole
 .data          0x02022a4c        0x3 /home/markholland/devkitPro/libnds/lib/libnds9.a(keys.o)
 .data          0x02022a4f        0x0 /home/markholland/devkitPro/libnds/lib/libnds9.a(system.o)
 .data          0x02022a4f        0x0 /home/markholland/devkitPro/libnds/lib/libnds9.a(initSystem.o)
 *fill*         0x02022a4f        0x1 ff
 .data          0x02022a50       0x10 /home/markholland/devkitPro/libnds/lib/libnds9.a(fifosystem.o)
                0x02022a50                fifo_buffer_free
                0x02022a54                fifo_freewords
                0x02022a58                fifo_send_queue
                0x02022a5c                fifo_receive_queue
 .data          0x02022a60        0x0 /home/markholland/devkitPro/libnds/lib/libnds9.a(interrupts.o)
 .data          0x02022a60        0x0 /home/markholland/devkitPro/libnds/lib/libnds9.a(libnds_exit.arm.o)
 .data          0x02022a60        0x0 /home/markholland/devkitPro/libnds/lib/libnds9.a(mpu_setup.o)
 .data          0x02022a60        0x0 /home/markholland/devkitPro/libnds/lib/libnds9.a(biosCalls.o)
 .data          0x02022a60        0x0 /home/markholland/devkitPro/libnds/lib/libnds9.a(debugprint.o)
 .data          0x02022a60        0x0 /home/markholland/devkitPro/libnds/lib/libnds9.a(interruptDispatcher.o)
 .data          0x02022a60        0x0 /home/markholland/devkitPro/libnds/lib/libnds9.a(swiSoftReset.o)
 .data          0x02022a60        0x0 /home/markholland/devkitPro/libnds/lib/libnds9.a(default_font.bin.o)
 .data          0x02022a60       0x60 /home/markholland/devkitPro/libnds/lib/libnds9.a(background.o)
                0x02022a60                bgScrollTable
                0x02022a80                bgTransform
                0x02022aa0                bgControl
 .data          0x02022ac0        0x0 /home/markholland/devkitPro/libnds/lib/libnds9.a(trig.o)
 .data          0x02022ac0        0x0 /home/markholland/devkitPro/libnds/lib/libnds9.a(video.o)
 .data          0x02022ac0        0x0 /home/markholland/devkitPro/devkitARM/bin/../lib/gcc/arm-none-eabi/4.9.2/libgcc.a(_divsi3.o)
 .data          0x02022ac0        0x0 /home/markholland/devkitPro/devkitARM/bin/../lib/gcc/arm-none-eabi/4.9.2/libgcc.a(_dvmd_tls.o)
 .data          0x02022ac0        0x0 /home/markholland/devkitPro/devkitARM/bin/../lib/gcc/arm-none-eabi/4.9.2/../../../../arm-none-eabi/lib/libg.a(lib_a-bsearch.o)
 .data          0x02022ac0      0x430 /home/markholland/devkitPro/devkitARM/bin/../lib/gcc/arm-none-eabi/4.9.2/../../../../arm-none-eabi/lib/libg.a(lib_a-impure.o)
                0x02022ac0                _impure_ptr
 .data          0x02022ef0        0x0 /home/markholland/devkitPro/devkitARM/bin/../lib/gcc/arm-none-eabi/4.9.2/../../../../arm-none-eabi/lib/libg.a(lib_a-init.o)
 .data          0x02022ef0        0x0 /home/markholland/devkitPro/devkitARM/bin/../lib/gcc/arm-none-eabi/4.9.2/../../../../arm-none-eabi/lib/libg.a(lib_a-iprintf.o)
 .data          0x02022ef0        0x0 /home/markholland/devkitPro/devkitARM/bin/../lib/gcc/arm-none-eabi/4.9.2/../../../../arm-none-eabi/lib/libg.a(lib_a-memcpy-stub.o)
 .data          0x02022ef0        0x0 /home/markholland/devkitPro/devkitARM/bin/../lib/gcc/arm-none-eabi/4.9.2/../../../../arm-none-eabi/lib/libg.a(lib_a-printf.o)
 .data          0x02022ef0        0x0 /home/markholland/devkitPro/devkitARM/bin/../lib/gcc/arm-none-eabi/4.9.2/../../../../arm-none-eabi/lib/libg.a(lib_a-putchar.o)
 .data          0x02022ef0        0x0 /home/markholland/devkitPro/devkitARM/bin/../lib/gcc/arm-none-eabi/4.9.2/../../../../arm-none-eabi/lib/libg.a(lib_a-putc.o)
 .data          0x02022ef0        0x0 /home/markholland/devkitPro/devkitARM/bin/../lib/gcc/arm-none-eabi/4.9.2/../../../../arm-none-eabi/lib/libg.a(lib_a-setvbuf.o)
 .data          0x02022ef0        0x0 /home/markholland/devkitPro/devkitARM/bin/../lib/gcc/arm-none-eabi/4.9.2/../../../../arm-none-eabi/lib/libg.a(lib_a-siscanf.o)
 .data          0x02022ef0        0x0 /home/markholland/devkitPro/devkitARM/bin/../lib/gcc/arm-none-eabi/4.9.2/../../../../arm-none-eabi/lib/libg.a(lib_a-stdio.o)
 .data          0x02022ef0        0x0 /home/markholland/devkitPro/devkitARM/bin/../lib/gcc/arm-none-eabi/4.9.2/../../../../arm-none-eabi/lib/libg.a(lib_a-strlen.o)
 .data          0x02022ef0        0x0 /home/markholland/devkitPro/devkitARM/bin/../lib/gcc/arm-none-eabi/4.9.2/../../../../arm-none-eabi/lib/libg.a(lib_a-svfiscanf.o)
 .data          0x02022ef0        0x0 /home/markholland/devkitPro/devkitARM/bin/../lib/gcc/arm-none-eabi/4.9.2/../../../../arm-none-eabi/lib/libg.a(lib_a-ungetc.o)
 .data          0x02022ef0        0x0 /home/markholland/devkitPro/devkitARM/bin/../lib/gcc/arm-none-eabi/4.9.2/../../../../arm-none-eabi/lib/libg.a(lib_a-vfiprintf.o)
 .data          0x02022ef0        0x0 /home/markholland/devkitPro/devkitARM/bin/../lib/gcc/arm-none-eabi/4.9.2/../../../../arm-none-eabi/lib/libg.a(lib_a-vfprintf.o)
 .data          0x02022ef0        0x0 /home/markholland/devkitPro/devkitARM/bin/../lib/gcc/arm-none-eabi/4.9.2/../../../../arm-none-eabi/lib/libg.a(lib_a-wbuf.o)
 .data          0x02022ef0        0x0 /home/markholland/devkitPro/devkitARM/bin/../lib/gcc/arm-none-eabi/4.9.2/../../../../arm-none-eabi/lib/libg.a(lib_a-wcrtomb.o)
 .data          0x02022ef0        0x0 /home/markholland/devkitPro/devkitARM/bin/../lib/gcc/arm-none-eabi/4.9.2/../../../../arm-none-eabi/lib/libg.a(lib_a-wcsrtombs.o)
 .data          0x02022ef0        0x4 /home/markholland/devkitPro/devkitARM/bin/../lib/gcc/arm-none-eabi/4.9.2/../../../../arm-none-eabi/lib/libg.a(lib_a-wctomb_r.o)
                0x02022ef0                __wctomb
 .data          0x02022ef4        0x0 /home/markholland/devkitPro/devkitARM/bin/../lib/gcc/arm-none-eabi/4.9.2/../../../../arm-none-eabi/lib/libg.a(lib_a-wsetup.o)
 .data          0x02022ef4        0x4 /home/markholland/devkitPro/devkitARM/bin/../lib/gcc/arm-none-eabi/4.9.2/../../../../arm-none-eabi/lib/libg.a(lib_a-ctype_.o)
                0x02022ef4                __ctype_ptr__
 .data          0x02022ef8        0x0 /home/markholland/devkitPro/devkitARM/bin/../lib/gcc/arm-none-eabi/4.9.2/../../../../arm-none-eabi/lib/libg.a(lib_a-dtoa.o)
 .data          0x02022ef8        0x0 /home/markholland/devkitPro/devkitARM/bin/../lib/gcc/arm-none-eabi/4.9.2/../../../../arm-none-eabi/lib/libg.a(lib_a-fflush.o)
 .data          0x02022ef8        0x0 /home/markholland/devkitPro/devkitARM/bin/../lib/gcc/arm-none-eabi/4.9.2/../../../../arm-none-eabi/lib/libg.a(lib_a-findfp.o)
 .data          0x02022ef8        0x0 /home/markholland/devkitPro/devkitARM/bin/../lib/gcc/arm-none-eabi/4.9.2/../../../../arm-none-eabi/lib/libg.a(lib_a-fputwc.o)
 .data          0x02022ef8        0x0 /home/markholland/devkitPro/devkitARM/bin/../lib/gcc/arm-none-eabi/4.9.2/../../../../arm-none-eabi/lib/libg.a(lib_a-freer.o)
 .data          0x02022ef8        0x0 /home/markholland/devkitPro/devkitARM/bin/../lib/gcc/arm-none-eabi/4.9.2/../../../../arm-none-eabi/lib/libg.a(lib_a-fvwrite.o)
 .data          0x02022ef8        0x0 /home/markholland/devkitPro/devkitARM/bin/../lib/gcc/arm-none-eabi/4.9.2/../../../../arm-none-eabi/lib/libg.a(lib_a-fwalk.o)
 .data          0x02022ef8        0x0 /home/markholland/devkitPro/devkitARM/bin/../lib/gcc/arm-none-eabi/4.9.2/../../../../arm-none-eabi/lib/libg.a(lib_a-iswspace.o)
 .data          0x02022ef8        0x0 /home/markholland/devkitPro/devkitARM/bin/../lib/gcc/arm-none-eabi/4.9.2/../../../../arm-none-eabi/lib/libg.a(lib_a-jp2uc.o)
 .data          0x02022ef8      0x17c /home/markholland/devkitPro/devkitARM/bin/../lib/gcc/arm-none-eabi/4.9.2/../../../../arm-none-eabi/lib/libg.a(lib_a-locale.o)
                0x02022ef8                __default_locale
                0x02023018                __mb_cur_max
 .data          0x02023074        0x0 /home/markholland/devkitPro/devkitARM/bin/../lib/gcc/arm-none-eabi/4.9.2/../../../../arm-none-eabi/lib/libg.a(lib_a-makebuf.o)
 .data          0x02023074        0x0 /home/markholland/devkitPro/devkitARM/bin/../lib/gcc/arm-none-eabi/4.9.2/../../../../arm-none-eabi/lib/libg.a(lib_a-malloc.o)
 .data          0x02023074      0x410 /home/markholland/devkitPro/devkitARM/bin/../lib/gcc/arm-none-eabi/4.9.2/../../../../arm-none-eabi/lib/libg.a(lib_a-mallocr.o)
                0x02023074                __malloc_av_
                0x0202347c                __malloc_sbrk_base
                0x02023480                __malloc_trim_threshold
 .data          0x02023484        0x0 /home/markholland/devkitPro/devkitARM/bin/../lib/gcc/arm-none-eabi/4.9.2/../../../../arm-none-eabi/lib/libg.a(lib_a-mbrtowc.o)
 .data          0x02023484        0x4 /home/markholland/devkitPro/devkitARM/bin/../lib/gcc/arm-none-eabi/4.9.2/../../../../arm-none-eabi/lib/libg.a(lib_a-mbtowc_r.o)
                0x02023484                __mbtowc
 .data          0x02023488        0x0 /home/markholland/devkitPro/devkitARM/bin/../lib/gcc/arm-none-eabi/4.9.2/../../../../arm-none-eabi/lib/libg.a(lib_a-memchr-stub.o)
 .data          0x02023488        0x0 /home/markholland/devkitPro/devkitARM/bin/../lib/gcc/arm-none-eabi/4.9.2/../../../../arm-none-eabi/lib/libg.a(lib_a-memmove.o)
 .data          0x02023488        0x0 /home/markholland/devkitPro/devkitARM/bin/../lib/gcc/arm-none-eabi/4.9.2/../../../../arm-none-eabi/lib/libg.a(lib_a-memset.o)
 .data          0x02023488        0x0 /home/markholland/devkitPro/devkitARM/bin/../lib/gcc/arm-none-eabi/4.9.2/../../../../arm-none-eabi/lib/libg.a(lib_a-mlock.o)
 .data          0x02023488        0x0 /home/markholland/devkitPro/devkitARM/bin/../lib/gcc/arm-none-eabi/4.9.2/../../../../arm-none-eabi/lib/libg.a(lib_a-mprec.o)
 .data          0x02023488        0x0 /home/markholland/devkitPro/devkitARM/bin/../lib/gcc/arm-none-eabi/4.9.2/../../../../arm-none-eabi/lib/libg.a(lib_a-reallocr.o)
 .data          0x02023488        0x0 /home/markholland/devkitPro/devkitARM/bin/../lib/gcc/arm-none-eabi/4.9.2/../../../../arm-none-eabi/lib/libg.a(lib_a-sccl.o)
 .data          0x02023488        0x0 /home/markholland/devkitPro/devkitARM/bin/../lib/gcc/arm-none-eabi/4.9.2/../../../../arm-none-eabi/lib/libg.a(lib_a-s_fpclassify.o)
 .data          0x02023488        0x0 /home/markholland/devkitPro/devkitARM/bin/../lib/gcc/arm-none-eabi/4.9.2/../../../../arm-none-eabi/lib/libg.a(lib_a-s_frexp.o)
 .data          0x02023488        0x0 /home/markholland/devkitPro/devkitARM/bin/../lib/gcc/arm-none-eabi/4.9.2/../../../../arm-none-eabi/lib/libg.a(lib_a-strcasecmp.o)
 .data          0x02023488        0x0 /home/markholland/devkitPro/devkitARM/bin/../lib/gcc/arm-none-eabi/4.9.2/../../../../arm-none-eabi/lib/libg.a(lib_a-strcat.o)
 .data          0x02023488        0x0 /home/markholland/devkitPro/devkitARM/bin/../lib/gcc/arm-none-eabi/4.9.2/../../../../arm-none-eabi/lib/libg.a(lib_a-strchr.o)
 .data          0x02023488        0x0 /home/markholland/devkitPro/devkitARM/bin/../lib/gcc/arm-none-eabi/4.9.2/../../../../arm-none-eabi/lib/libg.a(lib_a-strcmp.o)
 .data          0x02023488        0x0 /home/markholland/devkitPro/devkitARM/bin/../lib/gcc/arm-none-eabi/4.9.2/../../../../arm-none-eabi/lib/libg.a(lib_a-strcpy.o)
 .data          0x02023488        0x0 /home/markholland/devkitPro/devkitARM/bin/../lib/gcc/arm-none-eabi/4.9.2/../../../../arm-none-eabi/lib/libg.a(lib_a-strlcpy.o)
 .data          0x02023488        0x0 /home/markholland/devkitPro/devkitARM/bin/../lib/gcc/arm-none-eabi/4.9.2/../../../../arm-none-eabi/lib/libg.a(lib_a-strncasecmp.o)
 .data          0x02023488        0x0 /home/markholland/devkitPro/devkitARM/bin/../lib/gcc/arm-none-eabi/4.9.2/../../../../arm-none-eabi/lib/libg.a(lib_a-strncmp.o)
 .data          0x02023488        0x0 /home/markholland/devkitPro/devkitARM/bin/../lib/gcc/arm-none-eabi/4.9.2/../../../../arm-none-eabi/lib/libg.a(lib_a-strncpy.o)
 .data          0x02023488        0x0 /home/markholland/devkitPro/devkitARM/bin/../lib/gcc/arm-none-eabi/4.9.2/../../../../arm-none-eabi/lib/libg.a(lib_a-strtoll_r.o)
 .data          0x02023488        0x0 /home/markholland/devkitPro/devkitARM/bin/../lib/gcc/arm-none-eabi/4.9.2/../../../../arm-none-eabi/lib/libg.a(lib_a-strtol.o)
 .data          0x02023488        0x0 /home/markholland/devkitPro/devkitARM/bin/../lib/gcc/arm-none-eabi/4.9.2/../../../../arm-none-eabi/lib/libg.a(lib_a-strtoull_r.o)
 .data          0x02023488        0x0 /home/markholland/devkitPro/devkitARM/bin/../lib/gcc/arm-none-eabi/4.9.2/../../../../arm-none-eabi/lib/libg.a(lib_a-strtoul.o)
 .data          0x02023488        0x0 /home/markholland/devkitPro/devkitARM/bin/../lib/gcc/arm-none-eabi/4.9.2/../../../../arm-none-eabi/lib/libg.a(lib_a-svfiprintf.o)
 .data          0x02023488        0x0 /home/markholland/devkitPro/devkitARM/bin/../lib/gcc/arm-none-eabi/4.9.2/../../../../arm-none-eabi/lib/libg.a(lib_a-wcsnrtombs.o)
 .data          0x02023488        0x0 /home/markholland/devkitPro/devkitARM/bin/../lib/gcc/arm-none-eabi/4.9.2/../../../../arm-none-eabi/lib/libg.a(lib_a-callocr.o)
 .data          0x02023488        0x0 /home/markholland/devkitPro/devkitARM/bin/../lib/gcc/arm-none-eabi/4.9.2/../../../../arm-none-eabi/lib/libg.a(lib_a-fclose.o)
 .data          0x02023488        0x0 /home/markholland/devkitPro/devkitARM/bin/../lib/gcc/arm-none-eabi/4.9.2/../../../../arm-none-eabi/lib/libg.a(lib_a-getenv_r.o)
 .data          0x02023488        0x4 /home/markholland/devkitPro/devkitARM/bin/../lib/gcc/arm-none-eabi/4.9.2/../../../../arm-none-eabi/lib/libg.a(lib_a-environ.o)
                0x02023488                environ
 .data          0x0202348c        0x0 /home/markholland/devkitPro/devkitARM/bin/../lib/gcc/arm-none-eabi/4.9.2/../../../../arm-none-eabi/lib/libg.a(lib_a-envlock.o)
 .data          0x0202348c       0x44 /home/markholland/devkitPro/devkitARM/bin/../lib/gcc/arm-none-eabi/4.9.2/../../../../arm-none-eabi/lib/libsysbase.a(iosupport.o)
                0x02023490                devoptab_list
 .data          0x020234d0        0x0 /home/markholland/devkitPro/devkitARM/bin/../lib/gcc/arm-none-eabi/4.9.2/../../../../arm-none-eabi/lib/libsysbase.a(close.o)
 .data          0x020234d0        0x0 /home/markholland/devkitPro/devkitARM/bin/../lib/gcc/arm-none-eabi/4.9.2/../../../../arm-none-eabi/lib/libsysbase.a(fstat.o)
 .data          0x020234d0        0x0 /home/markholland/devkitPro/devkitARM/bin/../lib/gcc/arm-none-eabi/4.9.2/../../../../arm-none-eabi/lib/libsysbase.a(isatty.o)
 .data          0x020234d0        0x0 /home/markholland/devkitPro/devkitARM/bin/../lib/gcc/arm-none-eabi/4.9.2/../../../../arm-none-eabi/lib/libsysbase.a(lseek.o)
 .data          0x020234d0        0x0 /home/markholland/devkitPro/devkitARM/bin/../lib/gcc/arm-none-eabi/4.9.2/../../../../arm-none-eabi/lib/libsysbase.a(read.o)
 .data          0x020234d0        0x0 /home/markholland/devkitPro/devkitARM/bin/../lib/gcc/arm-none-eabi/4.9.2/../../../../arm-none-eabi/lib/libsysbase.a(sbrk.o)
 .data          0x020234d0        0x0 /home/markholland/devkitPro/devkitARM/bin/../lib/gcc/arm-none-eabi/4.9.2/../../../../arm-none-eabi/lib/libsysbase.a(times.o)
 .data          0x020234d0        0x0 /home/markholland/devkitPro/devkitARM/bin/../lib/gcc/arm-none-eabi/4.9.2/../../../../arm-none-eabi/lib/libsysbase.a(write.o)
 .data          0x020234d0        0x0 /home/markholland/devkitPro/devkitARM/bin/../lib/gcc/arm-none-eabi/4.9.2/../../../../arm-none-eabi/lib/libsysbase.a(malloc_vars.o)
 .data          0x020234d0        0x0 /home/markholland/devkitPro/devkitARM/bin/../lib/gcc/arm-none-eabi/4.9.2/../../../../arm-none-eabi/lib/libsysbase.a(build_argv.o)
 .data          0x020234d0        0x0 /home/markholland/devkitPro/devkitARM/bin/../lib/gcc/arm-none-eabi/4.9.2/../../../../arm-none-eabi/lib/libsysbase.a(syscall_support.o)
 .data          0x020234d0        0x0 /home/markholland/devkitPro/devkitARM/bin/../lib/gcc/arm-none-eabi/4.9.2/../../../../arm-none-eabi/lib/libsysbase.a(handle_manager.o)
 .data          0x020234d0        0x0 /home/markholland/devkitPro/devkitARM/bin/../lib/gcc/arm-none-eabi/4.9.2/libgcc.a(_udivsi3.o)
 .data          0x020234d0        0x0 /home/markholland/devkitPro/devkitARM/bin/../lib/gcc/arm-none-eabi/4.9.2/libgcc.a(_arm_addsubdf3.o)
 .data          0x020234d0        0x0 /home/markholland/devkitPro/devkitARM/bin/../lib/gcc/arm-none-eabi/4.9.2/libgcc.a(_arm_muldivdf3.o)
 .data          0x020234d0        0x0 /home/markholland/devkitPro/devkitARM/bin/../lib/gcc/arm-none-eabi/4.9.2/libgcc.a(_arm_cmpdf2.o)
 .data          0x020234d0        0x0 /home/markholland/devkitPro/devkitARM/bin/../lib/gcc/arm-none-eabi/4.9.2/libgcc.a(_arm_fixdfsi.o)
 .data          0x020234d0        0x0 /home/markholland/devkitPro/devkitARM/bin/../lib/gcc/arm-none-eabi/4.9.2/libgcc.a(_aeabi_uldivmod.o)
 .data          0x020234d0        0x0 /home/markholland/devkitPro/devkitARM/bin/../lib/gcc/arm-none-eabi/4.9.2/libgcc.a(bpabi.o)
 .data          0x020234d0        0x0 /home/markholland/devkitPro/devkitARM/bin/../lib/gcc/arm-none-eabi/4.9.2/libgcc.a(_divdi3.o)
 .data          0x020234d0        0x0 /home/markholland/devkitPro/devkitARM/bin/../lib/gcc/arm-none-eabi/4.9.2/libgcc.a(_udivdi3.o)
 .data          0x020234d0        0x0 /home/markholland/devkitPro/devkitARM/bin/../lib/gcc/arm-none-eabi/4.9.2/libgcc.a(_clzdi2.o)
 .data          0x020234d0        0x0 /home/markholland/devkitPro/devkitARM/bin/../lib/gcc/arm-none-eabi/4.9.2/libgcc.a(_clzsi2.o)
 .data          0x020234d0        0x0 /home/markholland/devkitPro/devkitARM/bin/../lib/gcc/arm-none-eabi/4.9.2/../../../../arm-none-eabi/lib/libg.a(lib_a-errno.o)
 .data          0x020234d0        0x0 /home/markholland/devkitPro/devkitARM/bin/../lib/gcc/arm-none-eabi/4.9.2/crtend.o
 .data          0x020234d0        0x0 /home/markholland/devkitPro/devkitARM/bin/../lib/gcc/arm-none-eabi/4.9.2/crtn.o
 *(.data.*)
 *(.gnu.linkonce.d*)
                0x020234d0                . = ALIGN (0x4)
                0x020234d0                __data_end = ABSOLUTE (.)
                0x020234d0                __dtcm_lma = .
                0x020234d0                __bss_vma = .

.igot.plt       0x020234d0        0x0
 .igot.plt      0x00000000        0x0 /home/markholland/devkitPro/devkitARM/bin/../lib/gcc/arm-none-eabi/4.9.2/../../../../arm-none-eabi/lib/ds_arm9_crt0.o

.tm_clone_table
                0x020234d0        0x0
 .tm_clone_table
                0x020234d0        0x0 /home/markholland/devkitPro/devkitARM/bin/../lib/gcc/arm-none-eabi/4.9.2/crtbegin.o
 .tm_clone_table
                0x020234d0        0x0 /home/markholland/devkitPro/devkitARM/bin/../lib/gcc/arm-none-eabi/4.9.2/crtend.o

.dtcm           0x0b000000        0x0 load address 0x020234d0
 *(.dtcm)
 *(.dtcm.*)
                0x0b000000                . = ALIGN (0x4)
                0x0b000000                __dtcm_end = ABSOLUTE (.)
                0x020234d0                __itcm_lma = (__dtcm_lma + SIZEOF (.dtcm))

.itcm           0x01000100      0x194 load address 0x020234d0
 *(.itcm)
 .itcm          0x01000100       0xc8 /home/markholland/devkitPro/libnds/lib/libnds9.a(interrupts.o)
                0x01000100                irqTable
 .itcm          0x010001c8       0xcc /home/markholland/devkitPro/libnds/lib/libnds9.a(interruptDispatcher.o)
                0x010001c8                IntrMain
 *itcm.*(.text)
                0x01000294                . = ALIGN (0x4)
                0x01000294                __itcm_end = ABSOLUTE (.)
                0x02023664                __vectors_lma = (__itcm_lma + SIZEOF (.itcm))

.vectors        0x01000000        0x0 load address 0x02023664
 *(.vectors)
 *vectors.*(.text)
                0x01000000                . = ALIGN (0x4)
                0x01000000                __vectors_end = ABSOLUTE (.)

.sbss           0x0b000000        0x0
                0x0b000000                __sbss_start = ABSOLUTE (.)
                0x0b000000                __sbss_start__ = ABSOLUTE (.)
 *(.sbss)
                0x0b000000                . = ALIGN (0x4)
                0x0b000000                __sbss_end = ABSOLUTE (.)

.bss            0x020234d0     0x1f20
                0x020234d0                __bss_start = ABSOLUTE (.)
                0x020234d0                __bss_start__ = ABSOLUTE (.)
 *(.dynbss)
 *(.gnu.linkonce.b*)
 *(.bss*)
 .bss           0x020234d0        0x0 /home/markholland/devkitPro/devkitARM/bin/../lib/gcc/arm-none-eabi/4.9.2/../../../../arm-none-eabi/lib/ds_arm9_crt0.o
 .bss           0x020234d0        0x0 /home/markholland/devkitPro/devkitARM/bin/../lib/gcc/arm-none-eabi/4.9.2/crti.o
 .bss           0x020234d0       0x1c /home/markholland/devkitPro/devkitARM/bin/../lib/gcc/arm-none-eabi/4.9.2/crtbegin.o
 .bss           0x020234ec        0x0 functions.o
 .bss           0x020234ec        0x0 main.o
 .bss           0x020234ec        0x0 personalData.o
 .bss           0x020234ec        0x0 /home/markholland/devkitPro/libnds/lib/libnds9.a(console.o)
 .bss           0x020234ec        0x6 /home/markholland/devkitPro/libnds/lib/libnds9.a(keys.o)
 *fill*         0x020234f2        0x2 
 .bss           0x020234f4        0x4 /home/markholland/devkitPro/libnds/lib/libnds9.a(system.o)
 .bss           0x020234f8        0x0 /home/markholland/devkitPro/libnds/lib/libnds9.a(initSystem.o)
 .bss           0x020234f8        0x8 /home/markholland/devkitPro/libnds/lib/libnds9.a(fifosystem.o)
                0x020234fc                processing
 .bss           0x02023500        0x0 /home/markholland/devkitPro/libnds/lib/libnds9.a(interrupts.o)
 .bss           0x02023500        0x0 /home/markholland/devkitPro/libnds/lib/libnds9.a(libnds_exit.arm.o)
 .bss           0x02023500        0x0 /home/markholland/devkitPro/libnds/lib/libnds9.a(mpu_setup.o)
 .bss           0x02023500        0x0 /home/markholland/devkitPro/libnds/lib/libnds9.a(biosCalls.o)
 .bss           0x02023500        0x0 /home/markholland/devkitPro/libnds/lib/libnds9.a(debugprint.o)
 .bss           0x02023500        0x0 /home/markholland/devkitPro/libnds/lib/libnds9.a(interruptDispatcher.o)
 .bss           0x02023500        0x0 /home/markholland/devkitPro/libnds/lib/libnds9.a(swiSoftReset.o)
 .bss           0x02023500        0x0 /home/markholland/devkitPro/libnds/lib/libnds9.a(default_font.bin.o)
 .bss           0x02023500        0x0 /home/markholland/devkitPro/libnds/lib/libnds9.a(background.o)
 .bss           0x02023500        0x0 /home/markholland/devkitPro/libnds/lib/libnds9.a(trig.o)
 .bss           0x02023500        0x0 /home/markholland/devkitPro/libnds/lib/libnds9.a(video.o)
 .bss           0x02023500        0x0 /home/markholland/devkitPro/devkitARM/bin/../lib/gcc/arm-none-eabi/4.9.2/libgcc.a(_divsi3.o)
 .bss           0x02023500        0x0 /home/markholland/devkitPro/devkitARM/bin/../lib/gcc/arm-none-eabi/4.9.2/libgcc.a(_dvmd_tls.o)
 .bss           0x02023500        0x0 /home/markholland/devkitPro/devkitARM/bin/../lib/gcc/arm-none-eabi/4.9.2/../../../../arm-none-eabi/lib/libg.a(lib_a-bsearch.o)
 .bss           0x02023500        0x0 /home/markholland/devkitPro/devkitARM/bin/../lib/gcc/arm-none-eabi/4.9.2/../../../../arm-none-eabi/lib/libg.a(lib_a-impure.o)
 .bss           0x02023500        0x0 /home/markholland/devkitPro/devkitARM/bin/../lib/gcc/arm-none-eabi/4.9.2/../../../../arm-none-eabi/lib/libg.a(lib_a-init.o)
 .bss           0x02023500        0x0 /home/markholland/devkitPro/devkitARM/bin/../lib/gcc/arm-none-eabi/4.9.2/../../../../arm-none-eabi/lib/libg.a(lib_a-iprintf.o)
 .bss           0x02023500        0x0 /home/markholland/devkitPro/devkitARM/bin/../lib/gcc/arm-none-eabi/4.9.2/../../../../arm-none-eabi/lib/libg.a(lib_a-memcpy-stub.o)
 .bss           0x02023500        0x0 /home/markholland/devkitPro/devkitARM/bin/../lib/gcc/arm-none-eabi/4.9.2/../../../../arm-none-eabi/lib/libg.a(lib_a-printf.o)
 .bss           0x02023500        0x0 /home/markholland/devkitPro/devkitARM/bin/../lib/gcc/arm-none-eabi/4.9.2/../../../../arm-none-eabi/lib/libg.a(lib_a-putchar.o)
 .bss           0x02023500        0x0 /home/markholland/devkitPro/devkitARM/bin/../lib/gcc/arm-none-eabi/4.9.2/../../../../arm-none-eabi/lib/libg.a(lib_a-putc.o)
 .bss           0x02023500        0x0 /home/markholland/devkitPro/devkitARM/bin/../lib/gcc/arm-none-eabi/4.9.2/../../../../arm-none-eabi/lib/libg.a(lib_a-setvbuf.o)
 .bss           0x02023500        0x0 /home/markholland/devkitPro/devkitARM/bin/../lib/gcc/arm-none-eabi/4.9.2/../../../../arm-none-eabi/lib/libg.a(lib_a-siscanf.o)
 .bss           0x02023500        0x0 /home/markholland/devkitPro/devkitARM/bin/../lib/gcc/arm-none-eabi/4.9.2/../../../../arm-none-eabi/lib/libg.a(lib_a-stdio.o)
 .bss           0x02023500        0x0 /home/markholland/devkitPro/devkitARM/bin/../lib/gcc/arm-none-eabi/4.9.2/../../../../arm-none-eabi/lib/libg.a(lib_a-strlen.o)
 .bss           0x02023500        0x0 /home/markholland/devkitPro/devkitARM/bin/../lib/gcc/arm-none-eabi/4.9.2/../../../../arm-none-eabi/lib/libg.a(lib_a-svfiscanf.o)
 .bss           0x02023500        0x0 /home/markholland/devkitPro/devkitARM/bin/../lib/gcc/arm-none-eabi/4.9.2/../../../../arm-none-eabi/lib/libg.a(lib_a-ungetc.o)
 .bss           0x02023500        0x0 /home/markholland/devkitPro/devkitARM/bin/../lib/gcc/arm-none-eabi/4.9.2/../../../../arm-none-eabi/lib/libg.a(lib_a-vfiprintf.o)
 .bss           0x02023500        0x0 /home/markholland/devkitPro/devkitARM/bin/../lib/gcc/arm-none-eabi/4.9.2/../../../../arm-none-eabi/lib/libg.a(lib_a-vfprintf.o)
 .bss           0x02023500        0x0 /home/markholland/devkitPro/devkitARM/bin/../lib/gcc/arm-none-eabi/4.9.2/../../../../arm-none-eabi/lib/libg.a(lib_a-wbuf.o)
 .bss           0x02023500        0x0 /home/markholland/devkitPro/devkitARM/bin/../lib/gcc/arm-none-eabi/4.9.2/../../../../arm-none-eabi/lib/libg.a(lib_a-wcrtomb.o)
 .bss           0x02023500        0x0 /home/markholland/devkitPro/devkitARM/bin/../lib/gcc/arm-none-eabi/4.9.2/../../../../arm-none-eabi/lib/libg.a(lib_a-wcsrtombs.o)
 .bss           0x02023500        0x0 /home/markholland/devkitPro/devkitARM/bin/../lib/gcc/arm-none-eabi/4.9.2/../../../../arm-none-eabi/lib/libg.a(lib_a-wctomb_r.o)
 .bss           0x02023500        0x0 /home/markholland/devkitPro/devkitARM/bin/../lib/gcc/arm-none-eabi/4.9.2/../../../../arm-none-eabi/lib/libg.a(lib_a-wsetup.o)
 .bss           0x02023500        0x0 /home/markholland/devkitPro/devkitARM/bin/../lib/gcc/arm-none-eabi/4.9.2/../../../../arm-none-eabi/lib/libg.a(lib_a-ctype_.o)
 .bss           0x02023500        0x0 /home/markholland/devkitPro/devkitARM/bin/../lib/gcc/arm-none-eabi/4.9.2/../../../../arm-none-eabi/lib/libg.a(lib_a-dtoa.o)
 .bss           0x02023500        0x0 /home/markholland/devkitPro/devkitARM/bin/../lib/gcc/arm-none-eabi/4.9.2/../../../../arm-none-eabi/lib/libg.a(lib_a-fflush.o)
 .bss           0x02023500        0x0 /home/markholland/devkitPro/devkitARM/bin/../lib/gcc/arm-none-eabi/4.9.2/../../../../arm-none-eabi/lib/libg.a(lib_a-findfp.o)
 .bss           0x02023500        0x0 /home/markholland/devkitPro/devkitARM/bin/../lib/gcc/arm-none-eabi/4.9.2/../../../../arm-none-eabi/lib/libg.a(lib_a-fputwc.o)
 .bss           0x02023500        0x0 /home/markholland/devkitPro/devkitARM/bin/../lib/gcc/arm-none-eabi/4.9.2/../../../../arm-none-eabi/lib/libg.a(lib_a-freer.o)
 .bss           0x02023500        0x0 /home/markholland/devkitPro/devkitARM/bin/../lib/gcc/arm-none-eabi/4.9.2/../../../../arm-none-eabi/lib/libg.a(lib_a-fvwrite.o)
 .bss           0x02023500        0x0 /home/markholland/devkitPro/devkitARM/bin/../lib/gcc/arm-none-eabi/4.9.2/../../../../arm-none-eabi/lib/libg.a(lib_a-fwalk.o)
 .bss           0x02023500        0x0 /home/markholland/devkitPro/devkitARM/bin/../lib/gcc/arm-none-eabi/4.9.2/../../../../arm-none-eabi/lib/libg.a(lib_a-iswspace.o)
 .bss           0x02023500        0x0 /home/markholland/devkitPro/devkitARM/bin/../lib/gcc/arm-none-eabi/4.9.2/../../../../arm-none-eabi/lib/libg.a(lib_a-jp2uc.o)
 .bss           0x02023500      0x2b8 /home/markholland/devkitPro/devkitARM/bin/../lib/gcc/arm-none-eabi/4.9.2/../../../../arm-none-eabi/lib/libg.a(lib_a-locale.o)
                0x020237ac                _PathLocale
                0x020237b0                __mlocale_changed
                0x020237b4                __nlocale_changed
 .bss           0x020237b8        0x0 /home/markholland/devkitPro/devkitARM/bin/../lib/gcc/arm-none-eabi/4.9.2/../../../../arm-none-eabi/lib/libg.a(lib_a-makebuf.o)
 .bss           0x020237b8        0x0 /home/markholland/devkitPro/devkitARM/bin/../lib/gcc/arm-none-eabi/4.9.2/../../../../arm-none-eabi/lib/libg.a(lib_a-malloc.o)
 .bss           0x020237b8       0x34 /home/markholland/devkitPro/devkitARM/bin/../lib/gcc/arm-none-eabi/4.9.2/../../../../arm-none-eabi/lib/libg.a(lib_a-mallocr.o)
                0x020237b8                __malloc_top_pad
                0x020237bc                __malloc_current_mallinfo
                0x020237e4                __malloc_max_sbrked_mem
                0x020237e8                __malloc_max_total_mem
 .bss           0x020237ec        0x0 /home/markholland/devkitPro/devkitARM/bin/../lib/gcc/arm-none-eabi/4.9.2/../../../../arm-none-eabi/lib/libg.a(lib_a-mbrtowc.o)
 .bss           0x020237ec        0x0 /home/markholland/devkitPro/devkitARM/bin/../lib/gcc/arm-none-eabi/4.9.2/../../../../arm-none-eabi/lib/libg.a(lib_a-mbtowc_r.o)
 .bss           0x020237ec        0x0 /home/markholland/devkitPro/devkitARM/bin/../lib/gcc/arm-none-eabi/4.9.2/../../../../arm-none-eabi/lib/libg.a(lib_a-memchr-stub.o)
 .bss           0x020237ec        0x0 /home/markholland/devkitPro/devkitARM/bin/../lib/gcc/arm-none-eabi/4.9.2/../../../../arm-none-eabi/lib/libg.a(lib_a-memmove.o)
 .bss           0x020237ec        0x0 /home/markholland/devkitPro/devkitARM/bin/../lib/gcc/arm-none-eabi/4.9.2/../../../../arm-none-eabi/lib/libg.a(lib_a-memset.o)
 .bss           0x020237ec        0x0 /home/markholland/devkitPro/devkitARM/bin/../lib/gcc/arm-none-eabi/4.9.2/../../../../arm-none-eabi/lib/libg.a(lib_a-mlock.o)
 .bss           0x020237ec        0x0 /home/markholland/devkitPro/devkitARM/bin/../lib/gcc/arm-none-eabi/4.9.2/../../../../arm-none-eabi/lib/libg.a(lib_a-mprec.o)
 .bss           0x020237ec        0x0 /home/markholland/devkitPro/devkitARM/bin/../lib/gcc/arm-none-eabi/4.9.2/../../../../arm-none-eabi/lib/libg.a(lib_a-reallocr.o)
 .bss           0x020237ec        0x0 /home/markholland/devkitPro/devkitARM/bin/../lib/gcc/arm-none-eabi/4.9.2/../../../../arm-none-eabi/lib/libg.a(lib_a-sccl.o)
 .bss           0x020237ec        0x0 /home/markholland/devkitPro/devkitARM/bin/../lib/gcc/arm-none-eabi/4.9.2/../../../../arm-none-eabi/lib/libg.a(lib_a-s_fpclassify.o)
 .bss           0x020237ec        0x0 /home/markholland/devkitPro/devkitARM/bin/../lib/gcc/arm-none-eabi/4.9.2/../../../../arm-none-eabi/lib/libg.a(lib_a-s_frexp.o)
 .bss           0x020237ec        0x0 /home/markholland/devkitPro/devkitARM/bin/../lib/gcc/arm-none-eabi/4.9.2/../../../../arm-none-eabi/lib/libg.a(lib_a-strcasecmp.o)
 .bss           0x020237ec        0x0 /home/markholland/devkitPro/devkitARM/bin/../lib/gcc/arm-none-eabi/4.9.2/../../../../arm-none-eabi/lib/libg.a(lib_a-strcat.o)
 .bss           0x020237ec        0x0 /home/markholland/devkitPro/devkitARM/bin/../lib/gcc/arm-none-eabi/4.9.2/../../../../arm-none-eabi/lib/libg.a(lib_a-strchr.o)
 .bss           0x020237ec        0x0 /home/markholland/devkitPro/devkitARM/bin/../lib/gcc/arm-none-eabi/4.9.2/../../../../arm-none-eabi/lib/libg.a(lib_a-strcmp.o)
 .bss           0x020237ec        0x0 /home/markholland/devkitPro/devkitARM/bin/../lib/gcc/arm-none-eabi/4.9.2/../../../../arm-none-eabi/lib/libg.a(lib_a-strcpy.o)
 .bss           0x020237ec        0x0 /home/markholland/devkitPro/devkitARM/bin/../lib/gcc/arm-none-eabi/4.9.2/../../../../arm-none-eabi/lib/libg.a(lib_a-strlcpy.o)
 .bss           0x020237ec        0x0 /home/markholland/devkitPro/devkitARM/bin/../lib/gcc/arm-none-eabi/4.9.2/../../../../arm-none-eabi/lib/libg.a(lib_a-strncasecmp.o)
 .bss           0x020237ec        0x0 /home/markholland/devkitPro/devkitARM/bin/../lib/gcc/arm-none-eabi/4.9.2/../../../../arm-none-eabi/lib/libg.a(lib_a-strncmp.o)
 .bss           0x020237ec        0x0 /home/markholland/devkitPro/devkitARM/bin/../lib/gcc/arm-none-eabi/4.9.2/../../../../arm-none-eabi/lib/libg.a(lib_a-strncpy.o)
 .bss           0x020237ec        0x0 /home/markholland/devkitPro/devkitARM/bin/../lib/gcc/arm-none-eabi/4.9.2/../../../../arm-none-eabi/lib/libg.a(lib_a-strtoll_r.o)
 .bss           0x020237ec        0x0 /home/markholland/devkitPro/devkitARM/bin/../lib/gcc/arm-none-eabi/4.9.2/../../../../arm-none-eabi/lib/libg.a(lib_a-strtol.o)
 .bss           0x020237ec        0x0 /home/markholland/devkitPro/devkitARM/bin/../lib/gcc/arm-none-eabi/4.9.2/../../../../arm-none-eabi/lib/libg.a(lib_a-strtoull_r.o)
 .bss           0x020237ec        0x0 /home/markholland/devkitPro/devkitARM/bin/../lib/gcc/arm-none-eabi/4.9.2/../../../../arm-none-eabi/lib/libg.a(lib_a-strtoul.o)
 .bss           0x020237ec        0x0 /home/markholland/devkitPro/devkitARM/bin/../lib/gcc/arm-none-eabi/4.9.2/../../../../arm-none-eabi/lib/libg.a(lib_a-svfiprintf.o)
 .bss           0x020237ec        0x0 /home/markholland/devkitPro/devkitARM/bin/../lib/gcc/arm-none-eabi/4.9.2/../../../../arm-none-eabi/lib/libg.a(lib_a-wcsnrtombs.o)
 .bss           0x020237ec        0x0 /home/markholland/devkitPro/devkitARM/bin/../lib/gcc/arm-none-eabi/4.9.2/../../../../arm-none-eabi/lib/libg.a(lib_a-callocr.o)
 .bss           0x020237ec        0x0 /home/markholland/devkitPro/devkitARM/bin/../lib/gcc/arm-none-eabi/4.9.2/../../../../arm-none-eabi/lib/libg.a(lib_a-fclose.o)
 .bss           0x020237ec        0x0 /home/markholland/devkitPro/devkitARM/bin/../lib/gcc/arm-none-eabi/4.9.2/../../../../arm-none-eabi/lib/libg.a(lib_a-getenv_r.o)
 .bss           0x020237ec        0x4 /home/markholland/devkitPro/devkitARM/bin/../lib/gcc/arm-none-eabi/4.9.2/../../../../arm-none-eabi/lib/libg.a(lib_a-environ.o)
 .bss           0x020237f0        0x0 /home/markholland/devkitPro/devkitARM/bin/../lib/gcc/arm-none-eabi/4.9.2/../../../../arm-none-eabi/lib/libg.a(lib_a-envlock.o)
 .bss           0x020237f0        0x0 /home/markholland/devkitPro/devkitARM/bin/../lib/gcc/arm-none-eabi/4.9.2/../../../../arm-none-eabi/lib/libsysbase.a(iosupport.o)
 .bss           0x020237f0        0x0 /home/markholland/devkitPro/devkitARM/bin/../lib/gcc/arm-none-eabi/4.9.2/../../../../arm-none-eabi/lib/libsysbase.a(close.o)
 .bss           0x020237f0        0x0 /home/markholland/devkitPro/devkitARM/bin/../lib/gcc/arm-none-eabi/4.9.2/../../../../arm-none-eabi/lib/libsysbase.a(fstat.o)
 .bss           0x020237f0        0x0 /home/markholland/devkitPro/devkitARM/bin/../lib/gcc/arm-none-eabi/4.9.2/../../../../arm-none-eabi/lib/libsysbase.a(isatty.o)
 .bss           0x020237f0        0x0 /home/markholland/devkitPro/devkitARM/bin/../lib/gcc/arm-none-eabi/4.9.2/../../../../arm-none-eabi/lib/libsysbase.a(lseek.o)
 .bss           0x020237f0        0x0 /home/markholland/devkitPro/devkitARM/bin/../lib/gcc/arm-none-eabi/4.9.2/../../../../arm-none-eabi/lib/libsysbase.a(read.o)
 .bss           0x020237f0        0x4 /home/markholland/devkitPro/devkitARM/bin/../lib/gcc/arm-none-eabi/4.9.2/../../../../arm-none-eabi/lib/libsysbase.a(sbrk.o)
 .bss           0x020237f4        0x0 /home/markholland/devkitPro/devkitARM/bin/../lib/gcc/arm-none-eabi/4.9.2/../../../../arm-none-eabi/lib/libsysbase.a(times.o)
 .bss           0x020237f4        0x0 /home/markholland/devkitPro/devkitARM/bin/../lib/gcc/arm-none-eabi/4.9.2/../../../../arm-none-eabi/lib/libsysbase.a(write.o)
 .bss           0x020237f4        0x8 /home/markholland/devkitPro/devkitARM/bin/../lib/gcc/arm-none-eabi/4.9.2/../../../../arm-none-eabi/lib/libsysbase.a(malloc_vars.o)
                0x020237f4                fake_heap_start
                0x020237f8                fake_heap_end
 .bss           0x020237fc        0x0 /home/markholland/devkitPro/devkitARM/bin/../lib/gcc/arm-none-eabi/4.9.2/../../../../arm-none-eabi/lib/libsysbase.a(build_argv.o)
 .bss           0x020237fc        0x8 /home/markholland/devkitPro/devkitARM/bin/../lib/gcc/arm-none-eabi/4.9.2/../../../../arm-none-eabi/lib/libsysbase.a(syscall_support.o)
                0x020237fc                __syscalls
 .bss           0x02023804     0x1000 /home/markholland/devkitPro/devkitARM/bin/../lib/gcc/arm-none-eabi/4.9.2/../../../../arm-none-eabi/lib/libsysbase.a(handle_manager.o)
 .bss           0x02024804        0x0 /home/markholland/devkitPro/devkitARM/bin/../lib/gcc/arm-none-eabi/4.9.2/libgcc.a(_udivsi3.o)
 .bss           0x02024804        0x0 /home/markholland/devkitPro/devkitARM/bin/../lib/gcc/arm-none-eabi/4.9.2/libgcc.a(_arm_addsubdf3.o)
 .bss           0x02024804        0x0 /home/markholland/devkitPro/devkitARM/bin/../lib/gcc/arm-none-eabi/4.9.2/libgcc.a(_arm_muldivdf3.o)
 .bss           0x02024804        0x0 /home/markholland/devkitPro/devkitARM/bin/../lib/gcc/arm-none-eabi/4.9.2/libgcc.a(_arm_cmpdf2.o)
 .bss           0x02024804        0x0 /home/markholland/devkitPro/devkitARM/bin/../lib/gcc/arm-none-eabi/4.9.2/libgcc.a(_arm_fixdfsi.o)
 .bss           0x02024804        0x0 /home/markholland/devkitPro/devkitARM/bin/../lib/gcc/arm-none-eabi/4.9.2/libgcc.a(_aeabi_uldivmod.o)
 .bss           0x02024804        0x0 /home/markholland/devkitPro/devkitARM/bin/../lib/gcc/arm-none-eabi/4.9.2/libgcc.a(bpabi.o)
 .bss           0x02024804        0x0 /home/markholland/devkitPro/devkitARM/bin/../lib/gcc/arm-none-eabi/4.9.2/libgcc.a(_divdi3.o)
 .bss           0x02024804        0x0 /home/markholland/devkitPro/devkitARM/bin/../lib/gcc/arm-none-eabi/4.9.2/libgcc.a(_udivdi3.o)
 .bss           0x02024804        0x0 /home/markholland/devkitPro/devkitARM/bin/../lib/gcc/arm-none-eabi/4.9.2/libgcc.a(_clzdi2.o)
 .bss           0x02024804        0x0 /home/markholland/devkitPro/devkitARM/bin/../lib/gcc/arm-none-eabi/4.9.2/libgcc.a(_clzsi2.o)
 .bss           0x02024804        0x0 /home/markholland/devkitPro/devkitARM/bin/../lib/gcc/arm-none-eabi/4.9.2/../../../../arm-none-eabi/lib/libg.a(lib_a-errno.o)
 .bss           0x02024804        0x0 /home/markholland/devkitPro/devkitARM/bin/../lib/gcc/arm-none-eabi/4.9.2/crtend.o
 .bss           0x02024804        0x0 /home/markholland/devkitPro/devkitARM/bin/../lib/gcc/arm-none-eabi/4.9.2/crtn.o
 *(COMMON)
 COMMON         0x02024804       0x5c /home/markholland/devkitPro/libnds/lib/libnds9.a(console.o)
                0x02024804                currentCopy
 COMMON         0x02024860        0x1 /home/markholland/devkitPro/libnds/lib/libnds9.a(initSystem.o)
                0x02024860                __dsimode
 *fill*         0x02024861        0x3 
 COMMON         0x02024864      0xa40 /home/markholland/devkitPro/libnds/lib/libnds9.a(fifosystem.o)
                0x02024864                fifo_datamsg_data
                0x020248a4                fifo_buffer
                0x020250a4                fifo_value32_func
                0x020250e4                fifo_address_func
                0x02025124                fifo_value32_data
                0x02025164                fifo_value32_queue
                0x020251a4                fifo_data_queue
                0x020251e4                fifo_address_data
                0x02025224                fifo_datamsg_func
                0x02025264                fifo_address_queue
 COMMON         0x020252a4      0x148 /home/markholland/devkitPro/libnds/lib/libnds9.a(background.o)
                0x020252a4                bgState
                0x020253e4                bgIsTextLut
 COMMON         0x020253ec        0x4 /home/markholland/devkitPro/devkitARM/bin/../lib/gcc/arm-none-eabi/4.9.2/../../../../arm-none-eabi/lib/libsysbase.a(times.o)
                0x020253ec                punixTime
                0x020253f0                . = ALIGN (0x4)
                0x020253f0                __bss_end__ = ABSOLUTE (.)
                0x020253f0                __end__ = ABSOLUTE (.)

.stab
 *(.stab)

.stabstr
 *(.stabstr)

.stab.excl
 *(.stab.excl)

.stab.exclstr
 *(.stab.exclstr)

.stab.index
 *(.stab.index)

.stab.indexstr
 *(.stab.indexstr)

.comment        0x00000000       0x44
 *(.comment)
 .comment       0x00000000       0x22 /home/markholland/devkitPro/devkitARM/bin/../lib/gcc/arm-none-eabi/4.9.2/crtbegin.o
                                 0x23 (size before relaxing)
 .comment       0x00000000       0x23 functions.o
 .comment       0x00000000       0x23 main.o
 .comment       0x00000000       0x23 personalData.o
 .comment       0x00000022       0x22 /home/markholland/devkitPro/libnds/lib/libnds9.a(console.o)
                                 0x23 (size before relaxing)
 .comment       0x00000000       0x23 /home/markholland/devkitPro/libnds/lib/libnds9.a(keys.o)
 .comment       0x00000000       0x23 /home/markholland/devkitPro/libnds/lib/libnds9.a(system.o)
 .comment       0x00000000       0x23 /home/markholland/devkitPro/libnds/lib/libnds9.a(initSystem.o)
 .comment       0x00000000       0x23 /home/markholland/devkitPro/libnds/lib/libnds9.a(fifosystem.o)
 .comment       0x00000000       0x23 /home/markholland/devkitPro/libnds/lib/libnds9.a(interrupts.o)
 .comment       0x00000000       0x23 /home/markholland/devkitPro/libnds/lib/libnds9.a(libnds_exit.arm.o)
 .comment       0x00000000       0x23 /home/markholland/devkitPro/libnds/lib/libnds9.a(background.o)
 .comment       0x00000000       0x23 /home/markholland/devkitPro/libnds/lib/libnds9.a(trig.o)
 .comment       0x00000000       0x23 /home/markholland/devkitPro/libnds/lib/libnds9.a(video.o)
 .comment       0x00000000       0x23 /home/markholland/devkitPro/devkitARM/bin/../lib/gcc/arm-none-eabi/4.9.2/../../../../arm-none-eabi/lib/libg.a(lib_a-bsearch.o)
 .comment       0x00000000       0x23 /home/markholland/devkitPro/devkitARM/bin/../lib/gcc/arm-none-eabi/4.9.2/../../../../arm-none-eabi/lib/libg.a(lib_a-impure.o)
 .comment       0x00000000       0x23 /home/markholland/devkitPro/devkitARM/bin/../lib/gcc/arm-none-eabi/4.9.2/../../../../arm-none-eabi/lib/libg.a(lib_a-init.o)
 .comment       0x00000000       0x23 /home/markholland/devkitPro/devkitARM/bin/../lib/gcc/arm-none-eabi/4.9.2/../../../../arm-none-eabi/lib/libg.a(lib_a-iprintf.o)
 .comment       0x00000000       0x23 /home/markholland/devkitPro/devkitARM/bin/../lib/gcc/arm-none-eabi/4.9.2/../../../../arm-none-eabi/lib/libg.a(lib_a-memcpy-stub.o)
 .comment       0x00000000       0x23 /home/markholland/devkitPro/devkitARM/bin/../lib/gcc/arm-none-eabi/4.9.2/../../../../arm-none-eabi/lib/libg.a(lib_a-printf.o)
 .comment       0x00000000       0x23 /home/markholland/devkitPro/devkitARM/bin/../lib/gcc/arm-none-eabi/4.9.2/../../../../arm-none-eabi/lib/libg.a(lib_a-putchar.o)
 .comment       0x00000000       0x23 /home/markholland/devkitPro/devkitARM/bin/../lib/gcc/arm-none-eabi/4.9.2/../../../../arm-none-eabi/lib/libg.a(lib_a-putc.o)
 .comment       0x00000000       0x23 /home/markholland/devkitPro/devkitARM/bin/../lib/gcc/arm-none-eabi/4.9.2/../../../../arm-none-eabi/lib/libg.a(lib_a-setvbuf.o)
 .comment       0x00000000       0x23 /home/markholland/devkitPro/devkitARM/bin/../lib/gcc/arm-none-eabi/4.9.2/../../../../arm-none-eabi/lib/libg.a(lib_a-siscanf.o)
 .comment       0x00000000       0x23 /home/markholland/devkitPro/devkitARM/bin/../lib/gcc/arm-none-eabi/4.9.2/../../../../arm-none-eabi/lib/libg.a(lib_a-stdio.o)
 .comment       0x00000000       0x23 /home/markholland/devkitPro/devkitARM/bin/../lib/gcc/arm-none-eabi/4.9.2/../../../../arm-none-eabi/lib/libg.a(lib_a-strlen.o)
 .comment       0x00000000       0x23 /home/markholland/devkitPro/devkitARM/bin/../lib/gcc/arm-none-eabi/4.9.2/../../../../arm-none-eabi/lib/libg.a(lib_a-svfiscanf.o)
 .comment       0x00000000       0x23 /home/markholland/devkitPro/devkitARM/bin/../lib/gcc/arm-none-eabi/4.9.2/../../../../arm-none-eabi/lib/libg.a(lib_a-ungetc.o)
 .comment       0x00000000       0x23 /home/markholland/devkitPro/devkitARM/bin/../lib/gcc/arm-none-eabi/4.9.2/../../../../arm-none-eabi/lib/libg.a(lib_a-vfiprintf.o)
 .comment       0x00000000       0x23 /home/markholland/devkitPro/devkitARM/bin/../lib/gcc/arm-none-eabi/4.9.2/../../../../arm-none-eabi/lib/libg.a(lib_a-vfprintf.o)
 .comment       0x00000000       0x23 /home/markholland/devkitPro/devkitARM/bin/../lib/gcc/arm-none-eabi/4.9.2/../../../../arm-none-eabi/lib/libg.a(lib_a-wbuf.o)
 .comment       0x00000000       0x23 /home/markholland/devkitPro/devkitARM/bin/../lib/gcc/arm-none-eabi/4.9.2/../../../../arm-none-eabi/lib/libg.a(lib_a-wcrtomb.o)
 .comment       0x00000000       0x23 /home/markholland/devkitPro/devkitARM/bin/../lib/gcc/arm-none-eabi/4.9.2/../../../../arm-none-eabi/lib/libg.a(lib_a-wcsrtombs.o)
 .comment       0x00000000       0x23 /home/markholland/devkitPro/devkitARM/bin/../lib/gcc/arm-none-eabi/4.9.2/../../../../arm-none-eabi/lib/libg.a(lib_a-wctomb_r.o)
 .comment       0x00000000       0x23 /home/markholland/devkitPro/devkitARM/bin/../lib/gcc/arm-none-eabi/4.9.2/../../../../arm-none-eabi/lib/libg.a(lib_a-wsetup.o)
 .comment       0x00000000       0x23 /home/markholland/devkitPro/devkitARM/bin/../lib/gcc/arm-none-eabi/4.9.2/../../../../arm-none-eabi/lib/libg.a(lib_a-ctype_.o)
 .comment       0x00000000       0x23 /home/markholland/devkitPro/devkitARM/bin/../lib/gcc/arm-none-eabi/4.9.2/../../../../arm-none-eabi/lib/libg.a(lib_a-dtoa.o)
 .comment       0x00000000       0x23 /home/markholland/devkitPro/devkitARM/bin/../lib/gcc/arm-none-eabi/4.9.2/../../../../arm-none-eabi/lib/libg.a(lib_a-fflush.o)
 .comment       0x00000000       0x23 /home/markholland/devkitPro/devkitARM/bin/../lib/gcc/arm-none-eabi/4.9.2/../../../../arm-none-eabi/lib/libg.a(lib_a-findfp.o)
 .comment       0x00000000       0x23 /home/markholland/devkitPro/devkitARM/bin/../lib/gcc/arm-none-eabi/4.9.2/../../../../arm-none-eabi/lib/libg.a(lib_a-fputwc.o)
 .comment       0x00000000       0x23 /home/markholland/devkitPro/devkitARM/bin/../lib/gcc/arm-none-eabi/4.9.2/../../../../arm-none-eabi/lib/libg.a(lib_a-freer.o)
 .comment       0x00000000       0x23 /home/markholland/devkitPro/devkitARM/bin/../lib/gcc/arm-none-eabi/4.9.2/../../../../arm-none-eabi/lib/libg.a(lib_a-fvwrite.o)
 .comment       0x00000000       0x23 /home/markholland/devkitPro/devkitARM/bin/../lib/gcc/arm-none-eabi/4.9.2/../../../../arm-none-eabi/lib/libg.a(lib_a-fwalk.o)
 .comment       0x00000000       0x23 /home/markholland/devkitPro/devkitARM/bin/../lib/gcc/arm-none-eabi/4.9.2/../../../../arm-none-eabi/lib/libg.a(lib_a-iswspace.o)
 .comment       0x00000000       0x23 /home/markholland/devkitPro/devkitARM/bin/../lib/gcc/arm-none-eabi/4.9.2/../../../../arm-none-eabi/lib/libg.a(lib_a-jp2uc.o)